
> rest-express@1.0.0 check
> tsc

client/src/components/assets/asset-form.tsx(109,5): error TS2719: Type 'import("/home/ovi/Risk-app/risk-hetzner/node_modules/react-hook-form/dist/types/resolvers").Resolver<{ currency: "USD" | "EUR"; name: string; type: "data" | "application" | "device" | "system" | "network" | "facility" | "personnel" | "other" | "application_service" | "technical_component"; ... 14 more ...; parentBus...' is not assignable to type 'import("/home/ovi/Risk-app/risk-hetzner/node_modules/react-hook-form/dist/types/resolvers").Resolver<{ currency: "USD" | "EUR"; name: string; type: "data" | "application" | "device" | "system" | "network" | "facility" | "personnel" | "other" | "application_service" | "technical_component"; ... 14 more ...; parentBus...'. Two different types with this name exist, but they are unrelated.
  Types of parameters 'options' and 'options' are incompatible.
    Type 'import("/home/ovi/Risk-app/risk-hetzner/node_modules/react-hook-form/dist/types/resolvers").ResolverOptions<{ currency: "USD" | "EUR"; name: string; type: "data" | "application" | "device" | "system" | "network" | "facility" | "personnel" | "other" | "application_service" | "technical_component"; ... 14 more ...; pa...' is not assignable to type 'import("/home/ovi/Risk-app/risk-hetzner/node_modules/react-hook-form/dist/types/resolvers").ResolverOptions<{ currency: "USD" | "EUR"; name: string; type: "data" | "application" | "device" | "system" | "network" | "facility" | "personnel" | "other" | "application_service" | "technical_component"; ... 14 more ...; pa...'. Two different types with this name exist, but they are unrelated.
      Type 'string[] | undefined' is not assignable to type 'string[]'.
        Type 'undefined' is not assignable to type 'string[]'.
client/src/components/assets/asset-form.tsx(227,43): error TS2345: Argument of type '(data: { currency: "USD" | "EUR"; name: string; type: "data" | "application" | "device" | "system" | "network" | "facility" | "personnel" | "other" | "application_service" | "technical_component"; ... 14 more ...; parentBusinessServiceId?: number | ... 1 more ... | undefined; }) => void' is not assignable to parameter of type 'SubmitHandler<TFieldValues>'.
  Types of parameters 'data' and 'data' are incompatible.
    Type 'TFieldValues' is not assignable to type '{ currency: "USD" | "EUR"; name: string; type: "data" | "application" | "device" | "system" | "network" | "facility" | "personnel" | "other" | "application_service" | "technical_component"; ... 14 more ...; parentBusinessServiceId?: number | ... 1 more ... | undefined; }'.
      Type 'FieldValues' is missing the following properties from type '{ currency: "USD" | "EUR"; name: string; type: "data" | "application" | "device" | "system" | "network" | "facility" | "personnel" | "other" | "application_service" | "technical_component"; ... 14 more ...; parentBusinessServiceId?: number | ... 1 more ... | undefined; }': currency, name, type, status, and 9 more.
client/src/components/assets/asset-form.tsx(229,13): error TS2322: Type 'Control<{ currency: "USD" | "EUR"; name: string; type: "data" | "application" | "device" | "system" | "network" | "facility" | "personnel" | "other" | "application_service" | "technical_component"; ... 14 more ...; parentBusinessServiceId?: number | ... 1 more ... | undefined; }, any, TFieldValues>' is not assignable to type 'Control<{ currency: "USD" | "EUR"; name: string; type: "data" | "application" | "device" | "system" | "network" | "facility" | "personnel" | "other" | "application_service" | "technical_component"; ... 14 more ...; parentBusinessServiceId?: number | ... 1 more ... | undefined; }, any, { ...; }>'.
  The types of '_options.resolver' are incompatible between these types.
    Type 'Resolver<{ currency: "USD" | "EUR"; name: string; type: "data" | "application" | "device" | "system" | "network" | "facility" | "personnel" | "other" | "application_service" | "technical_component"; ... 14 more ...; parentBusinessServiceId?: number | ... 1 more ... | undefined; }, any, TFieldValues> | undefined' is not assignable to type 'Resolver<{ currency: "USD" | "EUR"; name: string; type: "data" | "application" | "device" | "system" | "network" | "facility" | "personnel" | "other" | "application_service" | "technical_component"; ... 14 more ...; parentBusinessServiceId?: number | ... 1 more ... | undefined; }, any, { ...; }> | undefined'.
      Type 'Resolver<{ currency: "USD" | "EUR"; name: string; type: "data" | "application" | "device" | "system" | "network" | "facility" | "personnel" | "other" | "application_service" | "technical_component"; ... 14 more ...; parentBusinessServiceId?: number | ... 1 more ... | undefined; }, any, TFieldValues>' is not assignable to type 'Resolver<{ currency: "USD" | "EUR"; name: string; type: "data" | "application" | "device" | "system" | "network" | "facility" | "personnel" | "other" | "application_service" | "technical_component"; ... 14 more ...; parentBusinessServiceId?: number | ... 1 more ... | undefined; }, any, { ...; }>'.
        Type 'ResolverResult<{ currency: "USD" | "EUR"; name: string; type: "data" | "application" | "device" | "system" | "network" | "facility" | "personnel" | "other" | "application_service" | "technical_component"; ... 14 more ...; parentBusinessServiceId?: number | ... 1 more ... | undefined; }, TFieldValues> | Promise<...>' is not assignable to type 'ResolverResult<{ currency: "USD" | "EUR"; name: string; type: "data" | "application" | "device" | "system" | "network" | "facility" | "personnel" | "other" | "application_service" | "technical_component"; ... 14 more ...; parentBusinessServiceId?: number | ... 1 more ... | undefined; }, { ...; }> | Promise<...>'.
          Type 'ResolverSuccess<TFieldValues>' is not assignable to type 'ResolverResult<{ currency: "USD" | "EUR"; name: string; type: "data" | "application" | "device" | "system" | "network" | "facility" | "personnel" | "other" | "application_service" | "technical_component"; ... 14 more ...; parentBusinessServiceId?: number | ... 1 more ... | undefined; }, { ...; }> | Promise<...>'.
            Type 'ResolverSuccess<TFieldValues>' is not assignable to type 'ResolverSuccess<{ currency: "USD" | "EUR"; name: string; type: "data" | "application" | "device" | "system" | "network" | "facility" | "personnel" | "other" | "application_service" | "technical_component"; ... 14 more ...; parentBusinessServiceId?: number | ... 1 more ... | undefined; }>'.
              Type 'TFieldValues' is not assignable to type '{ currency: "USD" | "EUR"; name: string; type: "data" | "application" | "device" | "system" | "network" | "facility" | "personnel" | "other" | "application_service" | "technical_component"; ... 14 more ...; parentBusinessServiceId?: number | ... 1 more ... | undefined; }'.
                Type 'FieldValues' is missing the following properties from type '{ currency: "USD" | "EUR"; name: string; type: "data" | "application" | "device" | "system" | "network" | "facility" | "personnel" | "other" | "application_service" | "technical_component"; ... 14 more ...; parentBusinessServiceId?: number | ... 1 more ... | undefined; }': currency, name, type, status, and 9 more.
client/src/components/assets/asset-form.tsx(243,13): error TS2322: Type 'Control<{ currency: "USD" | "EUR"; name: string; type: "data" | "application" | "device" | "system" | "network" | "facility" | "personnel" | "other" | "application_service" | "technical_component"; ... 14 more ...; parentBusinessServiceId?: number | ... 1 more ... | undefined; }, any, TFieldValues>' is not assignable to type 'Control<{ currency: "USD" | "EUR"; name: string; type: "data" | "application" | "device" | "system" | "network" | "facility" | "personnel" | "other" | "application_service" | "technical_component"; ... 14 more ...; parentBusinessServiceId?: number | ... 1 more ... | undefined; }, any, { ...; }>'.
  The types of '_options.resolver' are incompatible between these types.
    Type 'Resolver<{ currency: "USD" | "EUR"; name: string; type: "data" | "application" | "device" | "system" | "network" | "facility" | "personnel" | "other" | "application_service" | "technical_component"; ... 14 more ...; parentBusinessServiceId?: number | ... 1 more ... | undefined; }, any, TFieldValues> | undefined' is not assignable to type 'Resolver<{ currency: "USD" | "EUR"; name: string; type: "data" | "application" | "device" | "system" | "network" | "facility" | "personnel" | "other" | "application_service" | "technical_component"; ... 14 more ...; parentBusinessServiceId?: number | ... 1 more ... | undefined; }, any, { ...; }> | undefined'.
      Type 'Resolver<{ currency: "USD" | "EUR"; name: string; type: "data" | "application" | "device" | "system" | "network" | "facility" | "personnel" | "other" | "application_service" | "technical_component"; ... 14 more ...; parentBusinessServiceId?: number | ... 1 more ... | undefined; }, any, TFieldValues>' is not assignable to type 'Resolver<{ currency: "USD" | "EUR"; name: string; type: "data" | "application" | "device" | "system" | "network" | "facility" | "personnel" | "other" | "application_service" | "technical_component"; ... 14 more ...; parentBusinessServiceId?: number | ... 1 more ... | undefined; }, any, { ...; }>'.
        Type 'ResolverResult<{ currency: "USD" | "EUR"; name: string; type: "data" | "application" | "device" | "system" | "network" | "facility" | "personnel" | "other" | "application_service" | "technical_component"; ... 14 more ...; parentBusinessServiceId?: number | ... 1 more ... | undefined; }, TFieldValues> | Promise<...>' is not assignable to type 'ResolverResult<{ currency: "USD" | "EUR"; name: string; type: "data" | "application" | "device" | "system" | "network" | "facility" | "personnel" | "other" | "application_service" | "technical_component"; ... 14 more ...; parentBusinessServiceId?: number | ... 1 more ... | undefined; }, { ...; }> | Promise<...>'.
          Type 'ResolverSuccess<TFieldValues>' is not assignable to type 'ResolverResult<{ currency: "USD" | "EUR"; name: string; type: "data" | "application" | "device" | "system" | "network" | "facility" | "personnel" | "other" | "application_service" | "technical_component"; ... 14 more ...; parentBusinessServiceId?: number | ... 1 more ... | undefined; }, { ...; }> | Promise<...>'.
            Type 'ResolverSuccess<TFieldValues>' is not assignable to type 'ResolverSuccess<{ currency: "USD" | "EUR"; name: string; type: "data" | "application" | "device" | "system" | "network" | "facility" | "personnel" | "other" | "application_service" | "technical_component"; ... 14 more ...; parentBusinessServiceId?: number | ... 1 more ... | undefined; }>'.
              Type 'TFieldValues' is not assignable to type '{ currency: "USD" | "EUR"; name: string; type: "data" | "application" | "device" | "system" | "network" | "facility" | "personnel" | "other" | "application_service" | "technical_component"; ... 14 more ...; parentBusinessServiceId?: number | ... 1 more ... | undefined; }'.
                Type 'FieldValues' is missing the following properties from type '{ currency: "USD" | "EUR"; name: string; type: "data" | "application" | "device" | "system" | "network" | "facility" | "personnel" | "other" | "application_service" | "technical_component"; ... 14 more ...; parentBusinessServiceId?: number | ... 1 more ... | undefined; }': currency, name, type, status, and 9 more.
client/src/components/assets/asset-form.tsx(262,13): error TS2322: Type 'Control<{ currency: "USD" | "EUR"; name: string; type: "data" | "application" | "device" | "system" | "network" | "facility" | "personnel" | "other" | "application_service" | "technical_component"; ... 14 more ...; parentBusinessServiceId?: number | ... 1 more ... | undefined; }, any, TFieldValues>' is not assignable to type 'Control<{ currency: "USD" | "EUR"; name: string; type: "data" | "application" | "device" | "system" | "network" | "facility" | "personnel" | "other" | "application_service" | "technical_component"; ... 14 more ...; parentBusinessServiceId?: number | ... 1 more ... | undefined; }, any, { ...; }>'.
  The types of '_options.resolver' are incompatible between these types.
    Type 'Resolver<{ currency: "USD" | "EUR"; name: string; type: "data" | "application" | "device" | "system" | "network" | "facility" | "personnel" | "other" | "application_service" | "technical_component"; ... 14 more ...; parentBusinessServiceId?: number | ... 1 more ... | undefined; }, any, TFieldValues> | undefined' is not assignable to type 'Resolver<{ currency: "USD" | "EUR"; name: string; type: "data" | "application" | "device" | "system" | "network" | "facility" | "personnel" | "other" | "application_service" | "technical_component"; ... 14 more ...; parentBusinessServiceId?: number | ... 1 more ... | undefined; }, any, { ...; }> | undefined'.
      Type 'Resolver<{ currency: "USD" | "EUR"; name: string; type: "data" | "application" | "device" | "system" | "network" | "facility" | "personnel" | "other" | "application_service" | "technical_component"; ... 14 more ...; parentBusinessServiceId?: number | ... 1 more ... | undefined; }, any, TFieldValues>' is not assignable to type 'Resolver<{ currency: "USD" | "EUR"; name: string; type: "data" | "application" | "device" | "system" | "network" | "facility" | "personnel" | "other" | "application_service" | "technical_component"; ... 14 more ...; parentBusinessServiceId?: number | ... 1 more ... | undefined; }, any, { ...; }>'.
        Type 'ResolverResult<{ currency: "USD" | "EUR"; name: string; type: "data" | "application" | "device" | "system" | "network" | "facility" | "personnel" | "other" | "application_service" | "technical_component"; ... 14 more ...; parentBusinessServiceId?: number | ... 1 more ... | undefined; }, TFieldValues> | Promise<...>' is not assignable to type 'ResolverResult<{ currency: "USD" | "EUR"; name: string; type: "data" | "application" | "device" | "system" | "network" | "facility" | "personnel" | "other" | "application_service" | "technical_component"; ... 14 more ...; parentBusinessServiceId?: number | ... 1 more ... | undefined; }, { ...; }> | Promise<...>'.
          Type 'ResolverSuccess<TFieldValues>' is not assignable to type 'ResolverResult<{ currency: "USD" | "EUR"; name: string; type: "data" | "application" | "device" | "system" | "network" | "facility" | "personnel" | "other" | "application_service" | "technical_component"; ... 14 more ...; parentBusinessServiceId?: number | ... 1 more ... | undefined; }, { ...; }> | Promise<...>'.
            Type 'ResolverSuccess<TFieldValues>' is not assignable to type 'ResolverSuccess<{ currency: "USD" | "EUR"; name: string; type: "data" | "application" | "device" | "system" | "network" | "facility" | "personnel" | "other" | "application_service" | "technical_component"; ... 14 more ...; parentBusinessServiceId?: number | ... 1 more ... | undefined; }>'.
              Type 'TFieldValues' is not assignable to type '{ currency: "USD" | "EUR"; name: string; type: "data" | "application" | "device" | "system" | "network" | "facility" | "personnel" | "other" | "application_service" | "technical_component"; ... 14 more ...; parentBusinessServiceId?: number | ... 1 more ... | undefined; }'.
                Type 'FieldValues' is missing the following properties from type '{ currency: "USD" | "EUR"; name: string; type: "data" | "application" | "device" | "system" | "network" | "facility" | "personnel" | "other" | "application_service" | "technical_component"; ... 14 more ...; parentBusinessServiceId?: number | ... 1 more ... | undefined; }': currency, name, type, status, and 9 more.
client/src/components/assets/asset-form.tsx(276,23): error TS2322: Type 'Control<{ currency: "USD" | "EUR"; name: string; type: "data" | "application" | "device" | "system" | "network" | "facility" | "personnel" | "other" | "application_service" | "technical_component"; ... 14 more ...; parentBusinessServiceId?: number | ... 1 more ... | undefined; }, any, TFieldValues>' is not assignable to type 'Control<{ currency: "USD" | "EUR"; name: string; type: "data" | "application" | "device" | "system" | "network" | "facility" | "personnel" | "other" | "application_service" | "technical_component"; ... 14 more ...; parentBusinessServiceId?: number | ... 1 more ... | undefined; }, any, { ...; }>'.
  The types of '_options.resolver' are incompatible between these types.
    Type 'Resolver<{ currency: "USD" | "EUR"; name: string; type: "data" | "application" | "device" | "system" | "network" | "facility" | "personnel" | "other" | "application_service" | "technical_component"; ... 14 more ...; parentBusinessServiceId?: number | ... 1 more ... | undefined; }, any, TFieldValues> | undefined' is not assignable to type 'Resolver<{ currency: "USD" | "EUR"; name: string; type: "data" | "application" | "device" | "system" | "network" | "facility" | "personnel" | "other" | "application_service" | "technical_component"; ... 14 more ...; parentBusinessServiceId?: number | ... 1 more ... | undefined; }, any, { ...; }> | undefined'.
      Type 'Resolver<{ currency: "USD" | "EUR"; name: string; type: "data" | "application" | "device" | "system" | "network" | "facility" | "personnel" | "other" | "application_service" | "technical_component"; ... 14 more ...; parentBusinessServiceId?: number | ... 1 more ... | undefined; }, any, TFieldValues>' is not assignable to type 'Resolver<{ currency: "USD" | "EUR"; name: string; type: "data" | "application" | "device" | "system" | "network" | "facility" | "personnel" | "other" | "application_service" | "technical_component"; ... 14 more ...; parentBusinessServiceId?: number | ... 1 more ... | undefined; }, any, { ...; }>'.
        Type 'ResolverResult<{ currency: "USD" | "EUR"; name: string; type: "data" | "application" | "device" | "system" | "network" | "facility" | "personnel" | "other" | "application_service" | "technical_component"; ... 14 more ...; parentBusinessServiceId?: number | ... 1 more ... | undefined; }, TFieldValues> | Promise<...>' is not assignable to type 'ResolverResult<{ currency: "USD" | "EUR"; name: string; type: "data" | "application" | "device" | "system" | "network" | "facility" | "personnel" | "other" | "application_service" | "technical_component"; ... 14 more ...; parentBusinessServiceId?: number | ... 1 more ... | undefined; }, { ...; }> | Promise<...>'.
          Type 'ResolverSuccess<TFieldValues>' is not assignable to type 'ResolverResult<{ currency: "USD" | "EUR"; name: string; type: "data" | "application" | "device" | "system" | "network" | "facility" | "personnel" | "other" | "application_service" | "technical_component"; ... 14 more ...; parentBusinessServiceId?: number | ... 1 more ... | undefined; }, { ...; }> | Promise<...>'.
            Type 'ResolverSuccess<TFieldValues>' is not assignable to type 'ResolverSuccess<{ currency: "USD" | "EUR"; name: string; type: "data" | "application" | "device" | "system" | "network" | "facility" | "personnel" | "other" | "application_service" | "technical_component"; ... 14 more ...; parentBusinessServiceId?: number | ... 1 more ... | undefined; }>'.
              Type 'TFieldValues' is not assignable to type '{ currency: "USD" | "EUR"; name: string; type: "data" | "application" | "device" | "system" | "network" | "facility" | "personnel" | "other" | "application_service" | "technical_component"; ... 14 more ...; parentBusinessServiceId?: number | ... 1 more ... | undefined; }'.
                Type 'FieldValues' is missing the following properties from type '{ currency: "USD" | "EUR"; name: string; type: "data" | "application" | "device" | "system" | "network" | "facility" | "personnel" | "other" | "application_service" | "technical_component"; ... 14 more ...; parentBusinessServiceId?: number | ... 1 more ... | undefined; }': currency, name, type, status, and 9 more.
client/src/components/assets/asset-form.tsx(313,13): error TS2322: Type 'Control<{ currency: "USD" | "EUR"; name: string; type: "data" | "application" | "device" | "system" | "network" | "facility" | "personnel" | "other" | "application_service" | "technical_component"; ... 14 more ...; parentBusinessServiceId?: number | ... 1 more ... | undefined; }, any, TFieldValues>' is not assignable to type 'Control<{ currency: "USD" | "EUR"; name: string; type: "data" | "application" | "device" | "system" | "network" | "facility" | "personnel" | "other" | "application_service" | "technical_component"; ... 14 more ...; parentBusinessServiceId?: number | ... 1 more ... | undefined; }, any, { ...; }>'.
  The types of '_options.resolver' are incompatible between these types.
    Type 'Resolver<{ currency: "USD" | "EUR"; name: string; type: "data" | "application" | "device" | "system" | "network" | "facility" | "personnel" | "other" | "application_service" | "technical_component"; ... 14 more ...; parentBusinessServiceId?: number | ... 1 more ... | undefined; }, any, TFieldValues> | undefined' is not assignable to type 'Resolver<{ currency: "USD" | "EUR"; name: string; type: "data" | "application" | "device" | "system" | "network" | "facility" | "personnel" | "other" | "application_service" | "technical_component"; ... 14 more ...; parentBusinessServiceId?: number | ... 1 more ... | undefined; }, any, { ...; }> | undefined'.
      Type 'Resolver<{ currency: "USD" | "EUR"; name: string; type: "data" | "application" | "device" | "system" | "network" | "facility" | "personnel" | "other" | "application_service" | "technical_component"; ... 14 more ...; parentBusinessServiceId?: number | ... 1 more ... | undefined; }, any, TFieldValues>' is not assignable to type 'Resolver<{ currency: "USD" | "EUR"; name: string; type: "data" | "application" | "device" | "system" | "network" | "facility" | "personnel" | "other" | "application_service" | "technical_component"; ... 14 more ...; parentBusinessServiceId?: number | ... 1 more ... | undefined; }, any, { ...; }>'.
        Type 'ResolverResult<{ currency: "USD" | "EUR"; name: string; type: "data" | "application" | "device" | "system" | "network" | "facility" | "personnel" | "other" | "application_service" | "technical_component"; ... 14 more ...; parentBusinessServiceId?: number | ... 1 more ... | undefined; }, TFieldValues> | Promise<...>' is not assignable to type 'ResolverResult<{ currency: "USD" | "EUR"; name: string; type: "data" | "application" | "device" | "system" | "network" | "facility" | "personnel" | "other" | "application_service" | "technical_component"; ... 14 more ...; parentBusinessServiceId?: number | ... 1 more ... | undefined; }, { ...; }> | Promise<...>'.
          Type 'ResolverSuccess<TFieldValues>' is not assignable to type 'ResolverResult<{ currency: "USD" | "EUR"; name: string; type: "data" | "application" | "device" | "system" | "network" | "facility" | "personnel" | "other" | "application_service" | "technical_component"; ... 14 more ...; parentBusinessServiceId?: number | ... 1 more ... | undefined; }, { ...; }> | Promise<...>'.
            Type 'ResolverSuccess<TFieldValues>' is not assignable to type 'ResolverSuccess<{ currency: "USD" | "EUR"; name: string; type: "data" | "application" | "device" | "system" | "network" | "facility" | "personnel" | "other" | "application_service" | "technical_component"; ... 14 more ...; parentBusinessServiceId?: number | ... 1 more ... | undefined; }>'.
              Type 'TFieldValues' is not assignable to type '{ currency: "USD" | "EUR"; name: string; type: "data" | "application" | "device" | "system" | "network" | "facility" | "personnel" | "other" | "application_service" | "technical_component"; ... 14 more ...; parentBusinessServiceId?: number | ... 1 more ... | undefined; }'.
                Type 'FieldValues' is missing the following properties from type '{ currency: "USD" | "EUR"; name: string; type: "data" | "application" | "device" | "system" | "network" | "facility" | "personnel" | "other" | "application_service" | "technical_component"; ... 14 more ...; parentBusinessServiceId?: number | ... 1 more ... | undefined; }': currency, name, type, status, and 9 more.
client/src/components/assets/asset-form.tsx(328,15): error TS2322: Type 'Control<{ currency: "USD" | "EUR"; name: string; type: "data" | "application" | "device" | "system" | "network" | "facility" | "personnel" | "other" | "application_service" | "technical_component"; ... 14 more ...; parentBusinessServiceId?: number | ... 1 more ... | undefined; }, any, TFieldValues>' is not assignable to type 'Control<{ currency: "USD" | "EUR"; name: string; type: "data" | "application" | "device" | "system" | "network" | "facility" | "personnel" | "other" | "application_service" | "technical_component"; ... 14 more ...; parentBusinessServiceId?: number | ... 1 more ... | undefined; }, any, { ...; }>'.
  The types of '_options.resolver' are incompatible between these types.
    Type 'Resolver<{ currency: "USD" | "EUR"; name: string; type: "data" | "application" | "device" | "system" | "network" | "facility" | "personnel" | "other" | "application_service" | "technical_component"; ... 14 more ...; parentBusinessServiceId?: number | ... 1 more ... | undefined; }, any, TFieldValues> | undefined' is not assignable to type 'Resolver<{ currency: "USD" | "EUR"; name: string; type: "data" | "application" | "device" | "system" | "network" | "facility" | "personnel" | "other" | "application_service" | "technical_component"; ... 14 more ...; parentBusinessServiceId?: number | ... 1 more ... | undefined; }, any, { ...; }> | undefined'.
      Type 'Resolver<{ currency: "USD" | "EUR"; name: string; type: "data" | "application" | "device" | "system" | "network" | "facility" | "personnel" | "other" | "application_service" | "technical_component"; ... 14 more ...; parentBusinessServiceId?: number | ... 1 more ... | undefined; }, any, TFieldValues>' is not assignable to type 'Resolver<{ currency: "USD" | "EUR"; name: string; type: "data" | "application" | "device" | "system" | "network" | "facility" | "personnel" | "other" | "application_service" | "technical_component"; ... 14 more ...; parentBusinessServiceId?: number | ... 1 more ... | undefined; }, any, { ...; }>'.
        Type 'ResolverResult<{ currency: "USD" | "EUR"; name: string; type: "data" | "application" | "device" | "system" | "network" | "facility" | "personnel" | "other" | "application_service" | "technical_component"; ... 14 more ...; parentBusinessServiceId?: number | ... 1 more ... | undefined; }, TFieldValues> | Promise<...>' is not assignable to type 'ResolverResult<{ currency: "USD" | "EUR"; name: string; type: "data" | "application" | "device" | "system" | "network" | "facility" | "personnel" | "other" | "application_service" | "technical_component"; ... 14 more ...; parentBusinessServiceId?: number | ... 1 more ... | undefined; }, { ...; }> | Promise<...>'.
          Type 'ResolverSuccess<TFieldValues>' is not assignable to type 'ResolverResult<{ currency: "USD" | "EUR"; name: string; type: "data" | "application" | "device" | "system" | "network" | "facility" | "personnel" | "other" | "application_service" | "technical_component"; ... 14 more ...; parentBusinessServiceId?: number | ... 1 more ... | undefined; }, { ...; }> | Promise<...>'.
            Type 'ResolverSuccess<TFieldValues>' is not assignable to type 'ResolverSuccess<{ currency: "USD" | "EUR"; name: string; type: "data" | "application" | "device" | "system" | "network" | "facility" | "personnel" | "other" | "application_service" | "technical_component"; ... 14 more ...; parentBusinessServiceId?: number | ... 1 more ... | undefined; }>'.
              Type 'TFieldValues' is not assignable to type '{ currency: "USD" | "EUR"; name: string; type: "data" | "application" | "device" | "system" | "network" | "facility" | "personnel" | "other" | "application_service" | "technical_component"; ... 14 more ...; parentBusinessServiceId?: number | ... 1 more ... | undefined; }'.
                Type 'FieldValues' is missing the following properties from type '{ currency: "USD" | "EUR"; name: string; type: "data" | "application" | "device" | "system" | "network" | "facility" | "personnel" | "other" | "application_service" | "technical_component"; ... 14 more ...; parentBusinessServiceId?: number | ... 1 more ... | undefined; }': currency, name, type, status, and 9 more.
client/src/components/assets/asset-form.tsx(356,15): error TS2322: Type 'Control<{ currency: "USD" | "EUR"; name: string; type: "data" | "application" | "device" | "system" | "network" | "facility" | "personnel" | "other" | "application_service" | "technical_component"; ... 14 more ...; parentBusinessServiceId?: number | ... 1 more ... | undefined; }, any, TFieldValues>' is not assignable to type 'Control<{ currency: "USD" | "EUR"; name: string; type: "data" | "application" | "device" | "system" | "network" | "facility" | "personnel" | "other" | "application_service" | "technical_component"; ... 14 more ...; parentBusinessServiceId?: number | ... 1 more ... | undefined; }, any, { ...; }>'.
  The types of '_options.resolver' are incompatible between these types.
    Type 'Resolver<{ currency: "USD" | "EUR"; name: string; type: "data" | "application" | "device" | "system" | "network" | "facility" | "personnel" | "other" | "application_service" | "technical_component"; ... 14 more ...; parentBusinessServiceId?: number | ... 1 more ... | undefined; }, any, TFieldValues> | undefined' is not assignable to type 'Resolver<{ currency: "USD" | "EUR"; name: string; type: "data" | "application" | "device" | "system" | "network" | "facility" | "personnel" | "other" | "application_service" | "technical_component"; ... 14 more ...; parentBusinessServiceId?: number | ... 1 more ... | undefined; }, any, { ...; }> | undefined'.
      Type 'Resolver<{ currency: "USD" | "EUR"; name: string; type: "data" | "application" | "device" | "system" | "network" | "facility" | "personnel" | "other" | "application_service" | "technical_component"; ... 14 more ...; parentBusinessServiceId?: number | ... 1 more ... | undefined; }, any, TFieldValues>' is not assignable to type 'Resolver<{ currency: "USD" | "EUR"; name: string; type: "data" | "application" | "device" | "system" | "network" | "facility" | "personnel" | "other" | "application_service" | "technical_component"; ... 14 more ...; parentBusinessServiceId?: number | ... 1 more ... | undefined; }, any, { ...; }>'.
        Type 'ResolverResult<{ currency: "USD" | "EUR"; name: string; type: "data" | "application" | "device" | "system" | "network" | "facility" | "personnel" | "other" | "application_service" | "technical_component"; ... 14 more ...; parentBusinessServiceId?: number | ... 1 more ... | undefined; }, TFieldValues> | Promise<...>' is not assignable to type 'ResolverResult<{ currency: "USD" | "EUR"; name: string; type: "data" | "application" | "device" | "system" | "network" | "facility" | "personnel" | "other" | "application_service" | "technical_component"; ... 14 more ...; parentBusinessServiceId?: number | ... 1 more ... | undefined; }, { ...; }> | Promise<...>'.
          Type 'ResolverSuccess<TFieldValues>' is not assignable to type 'ResolverResult<{ currency: "USD" | "EUR"; name: string; type: "data" | "application" | "device" | "system" | "network" | "facility" | "personnel" | "other" | "application_service" | "technical_component"; ... 14 more ...; parentBusinessServiceId?: number | ... 1 more ... | undefined; }, { ...; }> | Promise<...>'.
            Type 'ResolverSuccess<TFieldValues>' is not assignable to type 'ResolverSuccess<{ currency: "USD" | "EUR"; name: string; type: "data" | "application" | "device" | "system" | "network" | "facility" | "personnel" | "other" | "application_service" | "technical_component"; ... 14 more ...; parentBusinessServiceId?: number | ... 1 more ... | undefined; }>'.
              Type 'TFieldValues' is not assignable to type '{ currency: "USD" | "EUR"; name: string; type: "data" | "application" | "device" | "system" | "network" | "facility" | "personnel" | "other" | "application_service" | "technical_component"; ... 14 more ...; parentBusinessServiceId?: number | ... 1 more ... | undefined; }'.
                Type 'FieldValues' is missing the following properties from type '{ currency: "USD" | "EUR"; name: string; type: "data" | "application" | "device" | "system" | "network" | "facility" | "personnel" | "other" | "application_service" | "technical_component"; ... 14 more ...; parentBusinessServiceId?: number | ... 1 more ... | undefined; }': currency, name, type, status, and 9 more.
client/src/components/assets/asset-form.tsx(381,15): error TS2322: Type 'Control<{ currency: "USD" | "EUR"; name: string; type: "data" | "application" | "device" | "system" | "network" | "facility" | "personnel" | "other" | "application_service" | "technical_component"; ... 14 more ...; parentBusinessServiceId?: number | ... 1 more ... | undefined; }, any, TFieldValues>' is not assignable to type 'Control<{ currency: "USD" | "EUR"; name: string; type: "data" | "application" | "device" | "system" | "network" | "facility" | "personnel" | "other" | "application_service" | "technical_component"; ... 14 more ...; parentBusinessServiceId?: number | ... 1 more ... | undefined; }, any, { ...; }>'.
  The types of '_options.resolver' are incompatible between these types.
    Type 'Resolver<{ currency: "USD" | "EUR"; name: string; type: "data" | "application" | "device" | "system" | "network" | "facility" | "personnel" | "other" | "application_service" | "technical_component"; ... 14 more ...; parentBusinessServiceId?: number | ... 1 more ... | undefined; }, any, TFieldValues> | undefined' is not assignable to type 'Resolver<{ currency: "USD" | "EUR"; name: string; type: "data" | "application" | "device" | "system" | "network" | "facility" | "personnel" | "other" | "application_service" | "technical_component"; ... 14 more ...; parentBusinessServiceId?: number | ... 1 more ... | undefined; }, any, { ...; }> | undefined'.
      Type 'Resolver<{ currency: "USD" | "EUR"; name: string; type: "data" | "application" | "device" | "system" | "network" | "facility" | "personnel" | "other" | "application_service" | "technical_component"; ... 14 more ...; parentBusinessServiceId?: number | ... 1 more ... | undefined; }, any, TFieldValues>' is not assignable to type 'Resolver<{ currency: "USD" | "EUR"; name: string; type: "data" | "application" | "device" | "system" | "network" | "facility" | "personnel" | "other" | "application_service" | "technical_component"; ... 14 more ...; parentBusinessServiceId?: number | ... 1 more ... | undefined; }, any, { ...; }>'.
        Type 'ResolverResult<{ currency: "USD" | "EUR"; name: string; type: "data" | "application" | "device" | "system" | "network" | "facility" | "personnel" | "other" | "application_service" | "technical_component"; ... 14 more ...; parentBusinessServiceId?: number | ... 1 more ... | undefined; }, TFieldValues> | Promise<...>' is not assignable to type 'ResolverResult<{ currency: "USD" | "EUR"; name: string; type: "data" | "application" | "device" | "system" | "network" | "facility" | "personnel" | "other" | "application_service" | "technical_component"; ... 14 more ...; parentBusinessServiceId?: number | ... 1 more ... | undefined; }, { ...; }> | Promise<...>'.
          Type 'ResolverSuccess<TFieldValues>' is not assignable to type 'ResolverResult<{ currency: "USD" | "EUR"; name: string; type: "data" | "application" | "device" | "system" | "network" | "facility" | "personnel" | "other" | "application_service" | "technical_component"; ... 14 more ...; parentBusinessServiceId?: number | ... 1 more ... | undefined; }, { ...; }> | Promise<...>'.
            Type 'ResolverSuccess<TFieldValues>' is not assignable to type 'ResolverSuccess<{ currency: "USD" | "EUR"; name: string; type: "data" | "application" | "device" | "system" | "network" | "facility" | "personnel" | "other" | "application_service" | "technical_component"; ... 14 more ...; parentBusinessServiceId?: number | ... 1 more ... | undefined; }>'.
              Type 'TFieldValues' is not assignable to type '{ currency: "USD" | "EUR"; name: string; type: "data" | "application" | "device" | "system" | "network" | "facility" | "personnel" | "other" | "application_service" | "technical_component"; ... 14 more ...; parentBusinessServiceId?: number | ... 1 more ... | undefined; }'.
                Type 'FieldValues' is missing the following properties from type '{ currency: "USD" | "EUR"; name: string; type: "data" | "application" | "device" | "system" | "network" | "facility" | "personnel" | "other" | "application_service" | "technical_component"; ... 14 more ...; parentBusinessServiceId?: number | ... 1 more ... | undefined; }': currency, name, type, status, and 9 more.
client/src/components/assets/asset-form.tsx(401,15): error TS2322: Type 'Control<{ currency: "USD" | "EUR"; name: string; type: "data" | "application" | "device" | "system" | "network" | "facility" | "personnel" | "other" | "application_service" | "technical_component"; ... 14 more ...; parentBusinessServiceId?: number | ... 1 more ... | undefined; }, any, TFieldValues>' is not assignable to type 'Control<{ currency: "USD" | "EUR"; name: string; type: "data" | "application" | "device" | "system" | "network" | "facility" | "personnel" | "other" | "application_service" | "technical_component"; ... 14 more ...; parentBusinessServiceId?: number | ... 1 more ... | undefined; }, any, { ...; }>'.
  The types of '_options.resolver' are incompatible between these types.
    Type 'Resolver<{ currency: "USD" | "EUR"; name: string; type: "data" | "application" | "device" | "system" | "network" | "facility" | "personnel" | "other" | "application_service" | "technical_component"; ... 14 more ...; parentBusinessServiceId?: number | ... 1 more ... | undefined; }, any, TFieldValues> | undefined' is not assignable to type 'Resolver<{ currency: "USD" | "EUR"; name: string; type: "data" | "application" | "device" | "system" | "network" | "facility" | "personnel" | "other" | "application_service" | "technical_component"; ... 14 more ...; parentBusinessServiceId?: number | ... 1 more ... | undefined; }, any, { ...; }> | undefined'.
      Type 'Resolver<{ currency: "USD" | "EUR"; name: string; type: "data" | "application" | "device" | "system" | "network" | "facility" | "personnel" | "other" | "application_service" | "technical_component"; ... 14 more ...; parentBusinessServiceId?: number | ... 1 more ... | undefined; }, any, TFieldValues>' is not assignable to type 'Resolver<{ currency: "USD" | "EUR"; name: string; type: "data" | "application" | "device" | "system" | "network" | "facility" | "personnel" | "other" | "application_service" | "technical_component"; ... 14 more ...; parentBusinessServiceId?: number | ... 1 more ... | undefined; }, any, { ...; }>'.
        Type 'ResolverResult<{ currency: "USD" | "EUR"; name: string; type: "data" | "application" | "device" | "system" | "network" | "facility" | "personnel" | "other" | "application_service" | "technical_component"; ... 14 more ...; parentBusinessServiceId?: number | ... 1 more ... | undefined; }, TFieldValues> | Promise<...>' is not assignable to type 'ResolverResult<{ currency: "USD" | "EUR"; name: string; type: "data" | "application" | "device" | "system" | "network" | "facility" | "personnel" | "other" | "application_service" | "technical_component"; ... 14 more ...; parentBusinessServiceId?: number | ... 1 more ... | undefined; }, { ...; }> | Promise<...>'.
          Type 'ResolverSuccess<TFieldValues>' is not assignable to type 'ResolverResult<{ currency: "USD" | "EUR"; name: string; type: "data" | "application" | "device" | "system" | "network" | "facility" | "personnel" | "other" | "application_service" | "technical_component"; ... 14 more ...; parentBusinessServiceId?: number | ... 1 more ... | undefined; }, { ...; }> | Promise<...>'.
            Type 'ResolverSuccess<TFieldValues>' is not assignable to type 'ResolverSuccess<{ currency: "USD" | "EUR"; name: string; type: "data" | "application" | "device" | "system" | "network" | "facility" | "personnel" | "other" | "application_service" | "technical_component"; ... 14 more ...; parentBusinessServiceId?: number | ... 1 more ... | undefined; }>'.
              Type 'TFieldValues' is not assignable to type '{ currency: "USD" | "EUR"; name: string; type: "data" | "application" | "device" | "system" | "network" | "facility" | "personnel" | "other" | "application_service" | "technical_component"; ... 14 more ...; parentBusinessServiceId?: number | ... 1 more ... | undefined; }'.
                Type 'FieldValues' is missing the following properties from type '{ currency: "USD" | "EUR"; name: string; type: "data" | "application" | "device" | "system" | "network" | "facility" | "personnel" | "other" | "application_service" | "technical_component"; ... 14 more ...; parentBusinessServiceId?: number | ... 1 more ... | undefined; }': currency, name, type, status, and 9 more.
client/src/components/assets/asset-form.tsx(425,15): error TS2322: Type 'Control<{ currency: "USD" | "EUR"; name: string; type: "data" | "application" | "device" | "system" | "network" | "facility" | "personnel" | "other" | "application_service" | "technical_component"; ... 14 more ...; parentBusinessServiceId?: number | ... 1 more ... | undefined; }, any, TFieldValues>' is not assignable to type 'Control<{ currency: "USD" | "EUR"; name: string; type: "data" | "application" | "device" | "system" | "network" | "facility" | "personnel" | "other" | "application_service" | "technical_component"; ... 14 more ...; parentBusinessServiceId?: number | ... 1 more ... | undefined; }, any, { ...; }>'.
  The types of '_options.resolver' are incompatible between these types.
    Type 'Resolver<{ currency: "USD" | "EUR"; name: string; type: "data" | "application" | "device" | "system" | "network" | "facility" | "personnel" | "other" | "application_service" | "technical_component"; ... 14 more ...; parentBusinessServiceId?: number | ... 1 more ... | undefined; }, any, TFieldValues> | undefined' is not assignable to type 'Resolver<{ currency: "USD" | "EUR"; name: string; type: "data" | "application" | "device" | "system" | "network" | "facility" | "personnel" | "other" | "application_service" | "technical_component"; ... 14 more ...; parentBusinessServiceId?: number | ... 1 more ... | undefined; }, any, { ...; }> | undefined'.
      Type 'Resolver<{ currency: "USD" | "EUR"; name: string; type: "data" | "application" | "device" | "system" | "network" | "facility" | "personnel" | "other" | "application_service" | "technical_component"; ... 14 more ...; parentBusinessServiceId?: number | ... 1 more ... | undefined; }, any, TFieldValues>' is not assignable to type 'Resolver<{ currency: "USD" | "EUR"; name: string; type: "data" | "application" | "device" | "system" | "network" | "facility" | "personnel" | "other" | "application_service" | "technical_component"; ... 14 more ...; parentBusinessServiceId?: number | ... 1 more ... | undefined; }, any, { ...; }>'.
        Type 'ResolverResult<{ currency: "USD" | "EUR"; name: string; type: "data" | "application" | "device" | "system" | "network" | "facility" | "personnel" | "other" | "application_service" | "technical_component"; ... 14 more ...; parentBusinessServiceId?: number | ... 1 more ... | undefined; }, TFieldValues> | Promise<...>' is not assignable to type 'ResolverResult<{ currency: "USD" | "EUR"; name: string; type: "data" | "application" | "device" | "system" | "network" | "facility" | "personnel" | "other" | "application_service" | "technical_component"; ... 14 more ...; parentBusinessServiceId?: number | ... 1 more ... | undefined; }, { ...; }> | Promise<...>'.
          Type 'ResolverSuccess<TFieldValues>' is not assignable to type 'ResolverResult<{ currency: "USD" | "EUR"; name: string; type: "data" | "application" | "device" | "system" | "network" | "facility" | "personnel" | "other" | "application_service" | "technical_component"; ... 14 more ...; parentBusinessServiceId?: number | ... 1 more ... | undefined; }, { ...; }> | Promise<...>'.
            Type 'ResolverSuccess<TFieldValues>' is not assignable to type 'ResolverSuccess<{ currency: "USD" | "EUR"; name: string; type: "data" | "application" | "device" | "system" | "network" | "facility" | "personnel" | "other" | "application_service" | "technical_component"; ... 14 more ...; parentBusinessServiceId?: number | ... 1 more ... | undefined; }>'.
              Type 'TFieldValues' is not assignable to type '{ currency: "USD" | "EUR"; name: string; type: "data" | "application" | "device" | "system" | "network" | "facility" | "personnel" | "other" | "application_service" | "technical_component"; ... 14 more ...; parentBusinessServiceId?: number | ... 1 more ... | undefined; }'.
                Type 'FieldValues' is missing the following properties from type '{ currency: "USD" | "EUR"; name: string; type: "data" | "application" | "device" | "system" | "network" | "facility" | "personnel" | "other" | "application_service" | "technical_component"; ... 14 more ...; parentBusinessServiceId?: number | ... 1 more ... | undefined; }': currency, name, type, status, and 9 more.
client/src/components/assets/asset-form.tsx(447,15): error TS2322: Type 'Control<{ currency: "USD" | "EUR"; name: string; type: "data" | "application" | "device" | "system" | "network" | "facility" | "personnel" | "other" | "application_service" | "technical_component"; ... 14 more ...; parentBusinessServiceId?: number | ... 1 more ... | undefined; }, any, TFieldValues>' is not assignable to type 'Control<{ currency: "USD" | "EUR"; name: string; type: "data" | "application" | "device" | "system" | "network" | "facility" | "personnel" | "other" | "application_service" | "technical_component"; ... 14 more ...; parentBusinessServiceId?: number | ... 1 more ... | undefined; }, any, { ...; }>'.
  The types of '_options.resolver' are incompatible between these types.
    Type 'Resolver<{ currency: "USD" | "EUR"; name: string; type: "data" | "application" | "device" | "system" | "network" | "facility" | "personnel" | "other" | "application_service" | "technical_component"; ... 14 more ...; parentBusinessServiceId?: number | ... 1 more ... | undefined; }, any, TFieldValues> | undefined' is not assignable to type 'Resolver<{ currency: "USD" | "EUR"; name: string; type: "data" | "application" | "device" | "system" | "network" | "facility" | "personnel" | "other" | "application_service" | "technical_component"; ... 14 more ...; parentBusinessServiceId?: number | ... 1 more ... | undefined; }, any, { ...; }> | undefined'.
      Type 'Resolver<{ currency: "USD" | "EUR"; name: string; type: "data" | "application" | "device" | "system" | "network" | "facility" | "personnel" | "other" | "application_service" | "technical_component"; ... 14 more ...; parentBusinessServiceId?: number | ... 1 more ... | undefined; }, any, TFieldValues>' is not assignable to type 'Resolver<{ currency: "USD" | "EUR"; name: string; type: "data" | "application" | "device" | "system" | "network" | "facility" | "personnel" | "other" | "application_service" | "technical_component"; ... 14 more ...; parentBusinessServiceId?: number | ... 1 more ... | undefined; }, any, { ...; }>'.
        Type 'ResolverResult<{ currency: "USD" | "EUR"; name: string; type: "data" | "application" | "device" | "system" | "network" | "facility" | "personnel" | "other" | "application_service" | "technical_component"; ... 14 more ...; parentBusinessServiceId?: number | ... 1 more ... | undefined; }, TFieldValues> | Promise<...>' is not assignable to type 'ResolverResult<{ currency: "USD" | "EUR"; name: string; type: "data" | "application" | "device" | "system" | "network" | "facility" | "personnel" | "other" | "application_service" | "technical_component"; ... 14 more ...; parentBusinessServiceId?: number | ... 1 more ... | undefined; }, { ...; }> | Promise<...>'.
          Type 'ResolverSuccess<TFieldValues>' is not assignable to type 'ResolverResult<{ currency: "USD" | "EUR"; name: string; type: "data" | "application" | "device" | "system" | "network" | "facility" | "personnel" | "other" | "application_service" | "technical_component"; ... 14 more ...; parentBusinessServiceId?: number | ... 1 more ... | undefined; }, { ...; }> | Promise<...>'.
            Type 'ResolverSuccess<TFieldValues>' is not assignable to type 'ResolverSuccess<{ currency: "USD" | "EUR"; name: string; type: "data" | "application" | "device" | "system" | "network" | "facility" | "personnel" | "other" | "application_service" | "technical_component"; ... 14 more ...; parentBusinessServiceId?: number | ... 1 more ... | undefined; }>'.
              Type 'TFieldValues' is not assignable to type '{ currency: "USD" | "EUR"; name: string; type: "data" | "application" | "device" | "system" | "network" | "facility" | "personnel" | "other" | "application_service" | "technical_component"; ... 14 more ...; parentBusinessServiceId?: number | ... 1 more ... | undefined; }'.
                Type 'FieldValues' is missing the following properties from type '{ currency: "USD" | "EUR"; name: string; type: "data" | "application" | "device" | "system" | "network" | "facility" | "personnel" | "other" | "application_service" | "technical_component"; ... 14 more ...; parentBusinessServiceId?: number | ... 1 more ... | undefined; }': currency, name, type, status, and 9 more.
client/src/components/assets/asset-form.tsx(478,15): error TS2322: Type 'Control<{ currency: "USD" | "EUR"; name: string; type: "data" | "application" | "device" | "system" | "network" | "facility" | "personnel" | "other" | "application_service" | "technical_component"; ... 14 more ...; parentBusinessServiceId?: number | ... 1 more ... | undefined; }, any, TFieldValues>' is not assignable to type 'Control<{ currency: "USD" | "EUR"; name: string; type: "data" | "application" | "device" | "system" | "network" | "facility" | "personnel" | "other" | "application_service" | "technical_component"; ... 14 more ...; parentBusinessServiceId?: number | ... 1 more ... | undefined; }, any, { ...; }>'.
  The types of '_options.resolver' are incompatible between these types.
    Type 'Resolver<{ currency: "USD" | "EUR"; name: string; type: "data" | "application" | "device" | "system" | "network" | "facility" | "personnel" | "other" | "application_service" | "technical_component"; ... 14 more ...; parentBusinessServiceId?: number | ... 1 more ... | undefined; }, any, TFieldValues> | undefined' is not assignable to type 'Resolver<{ currency: "USD" | "EUR"; name: string; type: "data" | "application" | "device" | "system" | "network" | "facility" | "personnel" | "other" | "application_service" | "technical_component"; ... 14 more ...; parentBusinessServiceId?: number | ... 1 more ... | undefined; }, any, { ...; }> | undefined'.
      Type 'Resolver<{ currency: "USD" | "EUR"; name: string; type: "data" | "application" | "device" | "system" | "network" | "facility" | "personnel" | "other" | "application_service" | "technical_component"; ... 14 more ...; parentBusinessServiceId?: number | ... 1 more ... | undefined; }, any, TFieldValues>' is not assignable to type 'Resolver<{ currency: "USD" | "EUR"; name: string; type: "data" | "application" | "device" | "system" | "network" | "facility" | "personnel" | "other" | "application_service" | "technical_component"; ... 14 more ...; parentBusinessServiceId?: number | ... 1 more ... | undefined; }, any, { ...; }>'.
        Type 'ResolverResult<{ currency: "USD" | "EUR"; name: string; type: "data" | "application" | "device" | "system" | "network" | "facility" | "personnel" | "other" | "application_service" | "technical_component"; ... 14 more ...; parentBusinessServiceId?: number | ... 1 more ... | undefined; }, TFieldValues> | Promise<...>' is not assignable to type 'ResolverResult<{ currency: "USD" | "EUR"; name: string; type: "data" | "application" | "device" | "system" | "network" | "facility" | "personnel" | "other" | "application_service" | "technical_component"; ... 14 more ...; parentBusinessServiceId?: number | ... 1 more ... | undefined; }, { ...; }> | Promise<...>'.
          Type 'ResolverSuccess<TFieldValues>' is not assignable to type 'ResolverResult<{ currency: "USD" | "EUR"; name: string; type: "data" | "application" | "device" | "system" | "network" | "facility" | "personnel" | "other" | "application_service" | "technical_component"; ... 14 more ...; parentBusinessServiceId?: number | ... 1 more ... | undefined; }, { ...; }> | Promise<...>'.
            Type 'ResolverSuccess<TFieldValues>' is not assignable to type 'ResolverSuccess<{ currency: "USD" | "EUR"; name: string; type: "data" | "application" | "device" | "system" | "network" | "facility" | "personnel" | "other" | "application_service" | "technical_component"; ... 14 more ...; parentBusinessServiceId?: number | ... 1 more ... | undefined; }>'.
              Type 'TFieldValues' is not assignable to type '{ currency: "USD" | "EUR"; name: string; type: "data" | "application" | "device" | "system" | "network" | "facility" | "personnel" | "other" | "application_service" | "technical_component"; ... 14 more ...; parentBusinessServiceId?: number | ... 1 more ... | undefined; }'.
                Type 'FieldValues' is missing the following properties from type '{ currency: "USD" | "EUR"; name: string; type: "data" | "application" | "device" | "system" | "network" | "facility" | "personnel" | "other" | "application_service" | "technical_component"; ... 14 more ...; parentBusinessServiceId?: number | ... 1 more ... | undefined; }': currency, name, type, status, and 9 more.
client/src/components/assets/asset-form.tsx(501,15): error TS2322: Type 'Control<{ currency: "USD" | "EUR"; name: string; type: "data" | "application" | "device" | "system" | "network" | "facility" | "personnel" | "other" | "application_service" | "technical_component"; ... 14 more ...; parentBusinessServiceId?: number | ... 1 more ... | undefined; }, any, TFieldValues>' is not assignable to type 'Control<{ currency: "USD" | "EUR"; name: string; type: "data" | "application" | "device" | "system" | "network" | "facility" | "personnel" | "other" | "application_service" | "technical_component"; ... 14 more ...; parentBusinessServiceId?: number | ... 1 more ... | undefined; }, any, { ...; }>'.
  The types of '_options.resolver' are incompatible between these types.
    Type 'Resolver<{ currency: "USD" | "EUR"; name: string; type: "data" | "application" | "device" | "system" | "network" | "facility" | "personnel" | "other" | "application_service" | "technical_component"; ... 14 more ...; parentBusinessServiceId?: number | ... 1 more ... | undefined; }, any, TFieldValues> | undefined' is not assignable to type 'Resolver<{ currency: "USD" | "EUR"; name: string; type: "data" | "application" | "device" | "system" | "network" | "facility" | "personnel" | "other" | "application_service" | "technical_component"; ... 14 more ...; parentBusinessServiceId?: number | ... 1 more ... | undefined; }, any, { ...; }> | undefined'.
      Type 'Resolver<{ currency: "USD" | "EUR"; name: string; type: "data" | "application" | "device" | "system" | "network" | "facility" | "personnel" | "other" | "application_service" | "technical_component"; ... 14 more ...; parentBusinessServiceId?: number | ... 1 more ... | undefined; }, any, TFieldValues>' is not assignable to type 'Resolver<{ currency: "USD" | "EUR"; name: string; type: "data" | "application" | "device" | "system" | "network" | "facility" | "personnel" | "other" | "application_service" | "technical_component"; ... 14 more ...; parentBusinessServiceId?: number | ... 1 more ... | undefined; }, any, { ...; }>'.
        Type 'ResolverResult<{ currency: "USD" | "EUR"; name: string; type: "data" | "application" | "device" | "system" | "network" | "facility" | "personnel" | "other" | "application_service" | "technical_component"; ... 14 more ...; parentBusinessServiceId?: number | ... 1 more ... | undefined; }, TFieldValues> | Promise<...>' is not assignable to type 'ResolverResult<{ currency: "USD" | "EUR"; name: string; type: "data" | "application" | "device" | "system" | "network" | "facility" | "personnel" | "other" | "application_service" | "technical_component"; ... 14 more ...; parentBusinessServiceId?: number | ... 1 more ... | undefined; }, { ...; }> | Promise<...>'.
          Type 'ResolverSuccess<TFieldValues>' is not assignable to type 'ResolverResult<{ currency: "USD" | "EUR"; name: string; type: "data" | "application" | "device" | "system" | "network" | "facility" | "personnel" | "other" | "application_service" | "technical_component"; ... 14 more ...; parentBusinessServiceId?: number | ... 1 more ... | undefined; }, { ...; }> | Promise<...>'.
            Type 'ResolverSuccess<TFieldValues>' is not assignable to type 'ResolverSuccess<{ currency: "USD" | "EUR"; name: string; type: "data" | "application" | "device" | "system" | "network" | "facility" | "personnel" | "other" | "application_service" | "technical_component"; ... 14 more ...; parentBusinessServiceId?: number | ... 1 more ... | undefined; }>'.
              Type 'TFieldValues' is not assignable to type '{ currency: "USD" | "EUR"; name: string; type: "data" | "application" | "device" | "system" | "network" | "facility" | "personnel" | "other" | "application_service" | "technical_component"; ... 14 more ...; parentBusinessServiceId?: number | ... 1 more ... | undefined; }'.
                Type 'FieldValues' is missing the following properties from type '{ currency: "USD" | "EUR"; name: string; type: "data" | "application" | "device" | "system" | "network" | "facility" | "personnel" | "other" | "application_service" | "technical_component"; ... 14 more ...; parentBusinessServiceId?: number | ... 1 more ... | undefined; }': currency, name, type, status, and 9 more.
client/src/components/assets/asset-form.tsx(524,15): error TS2322: Type 'Control<{ currency: "USD" | "EUR"; name: string; type: "data" | "application" | "device" | "system" | "network" | "facility" | "personnel" | "other" | "application_service" | "technical_component"; ... 14 more ...; parentBusinessServiceId?: number | ... 1 more ... | undefined; }, any, TFieldValues>' is not assignable to type 'Control<{ currency: "USD" | "EUR"; name: string; type: "data" | "application" | "device" | "system" | "network" | "facility" | "personnel" | "other" | "application_service" | "technical_component"; ... 14 more ...; parentBusinessServiceId?: number | ... 1 more ... | undefined; }, any, { ...; }>'.
  The types of '_options.resolver' are incompatible between these types.
    Type 'Resolver<{ currency: "USD" | "EUR"; name: string; type: "data" | "application" | "device" | "system" | "network" | "facility" | "personnel" | "other" | "application_service" | "technical_component"; ... 14 more ...; parentBusinessServiceId?: number | ... 1 more ... | undefined; }, any, TFieldValues> | undefined' is not assignable to type 'Resolver<{ currency: "USD" | "EUR"; name: string; type: "data" | "application" | "device" | "system" | "network" | "facility" | "personnel" | "other" | "application_service" | "technical_component"; ... 14 more ...; parentBusinessServiceId?: number | ... 1 more ... | undefined; }, any, { ...; }> | undefined'.
      Type 'Resolver<{ currency: "USD" | "EUR"; name: string; type: "data" | "application" | "device" | "system" | "network" | "facility" | "personnel" | "other" | "application_service" | "technical_component"; ... 14 more ...; parentBusinessServiceId?: number | ... 1 more ... | undefined; }, any, TFieldValues>' is not assignable to type 'Resolver<{ currency: "USD" | "EUR"; name: string; type: "data" | "application" | "device" | "system" | "network" | "facility" | "personnel" | "other" | "application_service" | "technical_component"; ... 14 more ...; parentBusinessServiceId?: number | ... 1 more ... | undefined; }, any, { ...; }>'.
        Type 'ResolverResult<{ currency: "USD" | "EUR"; name: string; type: "data" | "application" | "device" | "system" | "network" | "facility" | "personnel" | "other" | "application_service" | "technical_component"; ... 14 more ...; parentBusinessServiceId?: number | ... 1 more ... | undefined; }, TFieldValues> | Promise<...>' is not assignable to type 'ResolverResult<{ currency: "USD" | "EUR"; name: string; type: "data" | "application" | "device" | "system" | "network" | "facility" | "personnel" | "other" | "application_service" | "technical_component"; ... 14 more ...; parentBusinessServiceId?: number | ... 1 more ... | undefined; }, { ...; }> | Promise<...>'.
          Type 'ResolverSuccess<TFieldValues>' is not assignable to type 'ResolverResult<{ currency: "USD" | "EUR"; name: string; type: "data" | "application" | "device" | "system" | "network" | "facility" | "personnel" | "other" | "application_service" | "technical_component"; ... 14 more ...; parentBusinessServiceId?: number | ... 1 more ... | undefined; }, { ...; }> | Promise<...>'.
            Type 'ResolverSuccess<TFieldValues>' is not assignable to type 'ResolverSuccess<{ currency: "USD" | "EUR"; name: string; type: "data" | "application" | "device" | "system" | "network" | "facility" | "personnel" | "other" | "application_service" | "technical_component"; ... 14 more ...; parentBusinessServiceId?: number | ... 1 more ... | undefined; }>'.
              Type 'TFieldValues' is not assignable to type '{ currency: "USD" | "EUR"; name: string; type: "data" | "application" | "device" | "system" | "network" | "facility" | "personnel" | "other" | "application_service" | "technical_component"; ... 14 more ...; parentBusinessServiceId?: number | ... 1 more ... | undefined; }'.
                Type 'FieldValues' is missing the following properties from type '{ currency: "USD" | "EUR"; name: string; type: "data" | "application" | "device" | "system" | "network" | "facility" | "personnel" | "other" | "application_service" | "technical_component"; ... 14 more ...; parentBusinessServiceId?: number | ... 1 more ... | undefined; }': currency, name, type, status, and 9 more.
client/src/components/assets/asset-form.tsx(548,13): error TS2322: Type 'Control<{ currency: "USD" | "EUR"; name: string; type: "data" | "application" | "device" | "system" | "network" | "facility" | "personnel" | "other" | "application_service" | "technical_component"; ... 14 more ...; parentBusinessServiceId?: number | ... 1 more ... | undefined; }, any, TFieldValues>' is not assignable to type 'Control<{ currency: "USD" | "EUR"; name: string; type: "data" | "application" | "device" | "system" | "network" | "facility" | "personnel" | "other" | "application_service" | "technical_component"; ... 14 more ...; parentBusinessServiceId?: number | ... 1 more ... | undefined; }, any, { ...; }>'.
  The types of '_options.resolver' are incompatible between these types.
    Type 'Resolver<{ currency: "USD" | "EUR"; name: string; type: "data" | "application" | "device" | "system" | "network" | "facility" | "personnel" | "other" | "application_service" | "technical_component"; ... 14 more ...; parentBusinessServiceId?: number | ... 1 more ... | undefined; }, any, TFieldValues> | undefined' is not assignable to type 'Resolver<{ currency: "USD" | "EUR"; name: string; type: "data" | "application" | "device" | "system" | "network" | "facility" | "personnel" | "other" | "application_service" | "technical_component"; ... 14 more ...; parentBusinessServiceId?: number | ... 1 more ... | undefined; }, any, { ...; }> | undefined'.
      Type 'Resolver<{ currency: "USD" | "EUR"; name: string; type: "data" | "application" | "device" | "system" | "network" | "facility" | "personnel" | "other" | "application_service" | "technical_component"; ... 14 more ...; parentBusinessServiceId?: number | ... 1 more ... | undefined; }, any, TFieldValues>' is not assignable to type 'Resolver<{ currency: "USD" | "EUR"; name: string; type: "data" | "application" | "device" | "system" | "network" | "facility" | "personnel" | "other" | "application_service" | "technical_component"; ... 14 more ...; parentBusinessServiceId?: number | ... 1 more ... | undefined; }, any, { ...; }>'.
        Type 'ResolverResult<{ currency: "USD" | "EUR"; name: string; type: "data" | "application" | "device" | "system" | "network" | "facility" | "personnel" | "other" | "application_service" | "technical_component"; ... 14 more ...; parentBusinessServiceId?: number | ... 1 more ... | undefined; }, TFieldValues> | Promise<...>' is not assignable to type 'ResolverResult<{ currency: "USD" | "EUR"; name: string; type: "data" | "application" | "device" | "system" | "network" | "facility" | "personnel" | "other" | "application_service" | "technical_component"; ... 14 more ...; parentBusinessServiceId?: number | ... 1 more ... | undefined; }, { ...; }> | Promise<...>'.
          Type 'ResolverSuccess<TFieldValues>' is not assignable to type 'ResolverResult<{ currency: "USD" | "EUR"; name: string; type: "data" | "application" | "device" | "system" | "network" | "facility" | "personnel" | "other" | "application_service" | "technical_component"; ... 14 more ...; parentBusinessServiceId?: number | ... 1 more ... | undefined; }, { ...; }> | Promise<...>'.
            Type 'ResolverSuccess<TFieldValues>' is not assignable to type 'ResolverSuccess<{ currency: "USD" | "EUR"; name: string; type: "data" | "application" | "device" | "system" | "network" | "facility" | "personnel" | "other" | "application_service" | "technical_component"; ... 14 more ...; parentBusinessServiceId?: number | ... 1 more ... | undefined; }>'.
              Type 'TFieldValues' is not assignable to type '{ currency: "USD" | "EUR"; name: string; type: "data" | "application" | "device" | "system" | "network" | "facility" | "personnel" | "other" | "application_service" | "technical_component"; ... 14 more ...; parentBusinessServiceId?: number | ... 1 more ... | undefined; }'.
                Type 'FieldValues' is missing the following properties from type '{ currency: "USD" | "EUR"; name: string; type: "data" | "application" | "device" | "system" | "network" | "facility" | "personnel" | "other" | "application_service" | "technical_component"; ... 14 more ...; parentBusinessServiceId?: number | ... 1 more ... | undefined; }': currency, name, type, status, and 9 more.
client/src/components/assets/asset-form.tsx(589,13): error TS2322: Type 'Control<{ currency: "USD" | "EUR"; name: string; type: "data" | "application" | "device" | "system" | "network" | "facility" | "personnel" | "other" | "application_service" | "technical_component"; ... 14 more ...; parentBusinessServiceId?: number | ... 1 more ... | undefined; }, any, TFieldValues>' is not assignable to type 'Control<{ currency: "USD" | "EUR"; name: string; type: "data" | "application" | "device" | "system" | "network" | "facility" | "personnel" | "other" | "application_service" | "technical_component"; ... 14 more ...; parentBusinessServiceId?: number | ... 1 more ... | undefined; }, any, { ...; }>'.
  The types of '_options.resolver' are incompatible between these types.
    Type 'Resolver<{ currency: "USD" | "EUR"; name: string; type: "data" | "application" | "device" | "system" | "network" | "facility" | "personnel" | "other" | "application_service" | "technical_component"; ... 14 more ...; parentBusinessServiceId?: number | ... 1 more ... | undefined; }, any, TFieldValues> | undefined' is not assignable to type 'Resolver<{ currency: "USD" | "EUR"; name: string; type: "data" | "application" | "device" | "system" | "network" | "facility" | "personnel" | "other" | "application_service" | "technical_component"; ... 14 more ...; parentBusinessServiceId?: number | ... 1 more ... | undefined; }, any, { ...; }> | undefined'.
      Type 'Resolver<{ currency: "USD" | "EUR"; name: string; type: "data" | "application" | "device" | "system" | "network" | "facility" | "personnel" | "other" | "application_service" | "technical_component"; ... 14 more ...; parentBusinessServiceId?: number | ... 1 more ... | undefined; }, any, TFieldValues>' is not assignable to type 'Resolver<{ currency: "USD" | "EUR"; name: string; type: "data" | "application" | "device" | "system" | "network" | "facility" | "personnel" | "other" | "application_service" | "technical_component"; ... 14 more ...; parentBusinessServiceId?: number | ... 1 more ... | undefined; }, any, { ...; }>'.
        Type 'ResolverResult<{ currency: "USD" | "EUR"; name: string; type: "data" | "application" | "device" | "system" | "network" | "facility" | "personnel" | "other" | "application_service" | "technical_component"; ... 14 more ...; parentBusinessServiceId?: number | ... 1 more ... | undefined; }, TFieldValues> | Promise<...>' is not assignable to type 'ResolverResult<{ currency: "USD" | "EUR"; name: string; type: "data" | "application" | "device" | "system" | "network" | "facility" | "personnel" | "other" | "application_service" | "technical_component"; ... 14 more ...; parentBusinessServiceId?: number | ... 1 more ... | undefined; }, { ...; }> | Promise<...>'.
          Type 'ResolverSuccess<TFieldValues>' is not assignable to type 'ResolverResult<{ currency: "USD" | "EUR"; name: string; type: "data" | "application" | "device" | "system" | "network" | "facility" | "personnel" | "other" | "application_service" | "technical_component"; ... 14 more ...; parentBusinessServiceId?: number | ... 1 more ... | undefined; }, { ...; }> | Promise<...>'.
            Type 'ResolverSuccess<TFieldValues>' is not assignable to type 'ResolverSuccess<{ currency: "USD" | "EUR"; name: string; type: "data" | "application" | "device" | "system" | "network" | "facility" | "personnel" | "other" | "application_service" | "technical_component"; ... 14 more ...; parentBusinessServiceId?: number | ... 1 more ... | undefined; }>'.
              Type 'TFieldValues' is not assignable to type '{ currency: "USD" | "EUR"; name: string; type: "data" | "application" | "device" | "system" | "network" | "facility" | "personnel" | "other" | "application_service" | "technical_component"; ... 14 more ...; parentBusinessServiceId?: number | ... 1 more ... | undefined; }'.
                Type 'FieldValues' is missing the following properties from type '{ currency: "USD" | "EUR"; name: string; type: "data" | "application" | "device" | "system" | "network" | "facility" | "personnel" | "other" | "application_service" | "technical_component"; ... 14 more ...; parentBusinessServiceId?: number | ... 1 more ... | undefined; }': currency, name, type, status, and 9 more.
client/src/components/assets/asset-form.tsx(615,13): error TS2322: Type 'Control<{ currency: "USD" | "EUR"; name: string; type: "data" | "application" | "device" | "system" | "network" | "facility" | "personnel" | "other" | "application_service" | "technical_component"; ... 14 more ...; parentBusinessServiceId?: number | ... 1 more ... | undefined; }, any, TFieldValues>' is not assignable to type 'Control<{ currency: "USD" | "EUR"; name: string; type: "data" | "application" | "device" | "system" | "network" | "facility" | "personnel" | "other" | "application_service" | "technical_component"; ... 14 more ...; parentBusinessServiceId?: number | ... 1 more ... | undefined; }, any, { ...; }>'.
  The types of '_options.resolver' are incompatible between these types.
    Type 'Resolver<{ currency: "USD" | "EUR"; name: string; type: "data" | "application" | "device" | "system" | "network" | "facility" | "personnel" | "other" | "application_service" | "technical_component"; ... 14 more ...; parentBusinessServiceId?: number | ... 1 more ... | undefined; }, any, TFieldValues> | undefined' is not assignable to type 'Resolver<{ currency: "USD" | "EUR"; name: string; type: "data" | "application" | "device" | "system" | "network" | "facility" | "personnel" | "other" | "application_service" | "technical_component"; ... 14 more ...; parentBusinessServiceId?: number | ... 1 more ... | undefined; }, any, { ...; }> | undefined'.
      Type 'Resolver<{ currency: "USD" | "EUR"; name: string; type: "data" | "application" | "device" | "system" | "network" | "facility" | "personnel" | "other" | "application_service" | "technical_component"; ... 14 more ...; parentBusinessServiceId?: number | ... 1 more ... | undefined; }, any, TFieldValues>' is not assignable to type 'Resolver<{ currency: "USD" | "EUR"; name: string; type: "data" | "application" | "device" | "system" | "network" | "facility" | "personnel" | "other" | "application_service" | "technical_component"; ... 14 more ...; parentBusinessServiceId?: number | ... 1 more ... | undefined; }, any, { ...; }>'.
        Type 'ResolverResult<{ currency: "USD" | "EUR"; name: string; type: "data" | "application" | "device" | "system" | "network" | "facility" | "personnel" | "other" | "application_service" | "technical_component"; ... 14 more ...; parentBusinessServiceId?: number | ... 1 more ... | undefined; }, TFieldValues> | Promise<...>' is not assignable to type 'ResolverResult<{ currency: "USD" | "EUR"; name: string; type: "data" | "application" | "device" | "system" | "network" | "facility" | "personnel" | "other" | "application_service" | "technical_component"; ... 14 more ...; parentBusinessServiceId?: number | ... 1 more ... | undefined; }, { ...; }> | Promise<...>'.
          Type 'ResolverSuccess<TFieldValues>' is not assignable to type 'ResolverResult<{ currency: "USD" | "EUR"; name: string; type: "data" | "application" | "device" | "system" | "network" | "facility" | "personnel" | "other" | "application_service" | "technical_component"; ... 14 more ...; parentBusinessServiceId?: number | ... 1 more ... | undefined; }, { ...; }> | Promise<...>'.
            Type 'ResolverSuccess<TFieldValues>' is not assignable to type 'ResolverSuccess<{ currency: "USD" | "EUR"; name: string; type: "data" | "application" | "device" | "system" | "network" | "facility" | "personnel" | "other" | "application_service" | "technical_component"; ... 14 more ...; parentBusinessServiceId?: number | ... 1 more ... | undefined; }>'.
              Type 'TFieldValues' is not assignable to type '{ currency: "USD" | "EUR"; name: string; type: "data" | "application" | "device" | "system" | "network" | "facility" | "personnel" | "other" | "application_service" | "technical_component"; ... 14 more ...; parentBusinessServiceId?: number | ... 1 more ... | undefined; }'.
                Type 'FieldValues' is missing the following properties from type '{ currency: "USD" | "EUR"; name: string; type: "data" | "application" | "device" | "system" | "network" | "facility" | "personnel" | "other" | "application_service" | "technical_component"; ... 14 more ...; parentBusinessServiceId?: number | ... 1 more ... | undefined; }': currency, name, type, status, and 9 more.
client/src/components/assets/asset-form.tsx(646,15): error TS2322: Type 'Control<{ currency: "USD" | "EUR"; name: string; type: "data" | "application" | "device" | "system" | "network" | "facility" | "personnel" | "other" | "application_service" | "technical_component"; ... 14 more ...; parentBusinessServiceId?: number | ... 1 more ... | undefined; }, any, TFieldValues>' is not assignable to type 'Control<{ currency: "USD" | "EUR"; name: string; type: "data" | "application" | "device" | "system" | "network" | "facility" | "personnel" | "other" | "application_service" | "technical_component"; ... 14 more ...; parentBusinessServiceId?: number | ... 1 more ... | undefined; }, any, { ...; }>'.
  The types of '_options.resolver' are incompatible between these types.
    Type 'Resolver<{ currency: "USD" | "EUR"; name: string; type: "data" | "application" | "device" | "system" | "network" | "facility" | "personnel" | "other" | "application_service" | "technical_component"; ... 14 more ...; parentBusinessServiceId?: number | ... 1 more ... | undefined; }, any, TFieldValues> | undefined' is not assignable to type 'Resolver<{ currency: "USD" | "EUR"; name: string; type: "data" | "application" | "device" | "system" | "network" | "facility" | "personnel" | "other" | "application_service" | "technical_component"; ... 14 more ...; parentBusinessServiceId?: number | ... 1 more ... | undefined; }, any, { ...; }> | undefined'.
      Type 'Resolver<{ currency: "USD" | "EUR"; name: string; type: "data" | "application" | "device" | "system" | "network" | "facility" | "personnel" | "other" | "application_service" | "technical_component"; ... 14 more ...; parentBusinessServiceId?: number | ... 1 more ... | undefined; }, any, TFieldValues>' is not assignable to type 'Resolver<{ currency: "USD" | "EUR"; name: string; type: "data" | "application" | "device" | "system" | "network" | "facility" | "personnel" | "other" | "application_service" | "technical_component"; ... 14 more ...; parentBusinessServiceId?: number | ... 1 more ... | undefined; }, any, { ...; }>'.
        Type 'ResolverResult<{ currency: "USD" | "EUR"; name: string; type: "data" | "application" | "device" | "system" | "network" | "facility" | "personnel" | "other" | "application_service" | "technical_component"; ... 14 more ...; parentBusinessServiceId?: number | ... 1 more ... | undefined; }, TFieldValues> | Promise<...>' is not assignable to type 'ResolverResult<{ currency: "USD" | "EUR"; name: string; type: "data" | "application" | "device" | "system" | "network" | "facility" | "personnel" | "other" | "application_service" | "technical_component"; ... 14 more ...; parentBusinessServiceId?: number | ... 1 more ... | undefined; }, { ...; }> | Promise<...>'.
          Type 'ResolverSuccess<TFieldValues>' is not assignable to type 'ResolverResult<{ currency: "USD" | "EUR"; name: string; type: "data" | "application" | "device" | "system" | "network" | "facility" | "personnel" | "other" | "application_service" | "technical_component"; ... 14 more ...; parentBusinessServiceId?: number | ... 1 more ... | undefined; }, { ...; }> | Promise<...>'.
            Type 'ResolverSuccess<TFieldValues>' is not assignable to type 'ResolverSuccess<{ currency: "USD" | "EUR"; name: string; type: "data" | "application" | "device" | "system" | "network" | "facility" | "personnel" | "other" | "application_service" | "technical_component"; ... 14 more ...; parentBusinessServiceId?: number | ... 1 more ... | undefined; }>'.
              Type 'TFieldValues' is not assignable to type '{ currency: "USD" | "EUR"; name: string; type: "data" | "application" | "device" | "system" | "network" | "facility" | "personnel" | "other" | "application_service" | "technical_component"; ... 14 more ...; parentBusinessServiceId?: number | ... 1 more ... | undefined; }'.
                Type 'FieldValues' is missing the following properties from type '{ currency: "USD" | "EUR"; name: string; type: "data" | "application" | "device" | "system" | "network" | "facility" | "personnel" | "other" | "application_service" | "technical_component"; ... 14 more ...; parentBusinessServiceId?: number | ... 1 more ... | undefined; }': currency, name, type, status, and 9 more.
client/src/components/controls/control-form-old.tsx(63,47): error TS2339: Property 'extend' does not exist on type 'ZodType<any, any, any>'.
client/src/components/controls/control-form.tsx(91,5): error TS2719: Type 'import("/home/ovi/Risk-app/risk-hetzner/node_modules/react-hook-form/dist/types/resolvers").Resolver<{ name: string; controlId: string; controlType: "preventive" | "detective" | "corrective"; controlCategory: "technical" | "administrative" | "physical"; implementationStatus: "not_implemented" | ... 3 more ... | "par...' is not assignable to type 'import("/home/ovi/Risk-app/risk-hetzner/node_modules/react-hook-form/dist/types/resolvers").Resolver<{ name: string; controlId: string; controlType: "preventive" | "detective" | "corrective"; controlCategory: "technical" | "administrative" | "physical"; implementationStatus: "not_implemented" | ... 3 more ... | "par...'. Two different types with this name exist, but they are unrelated.
  Types of parameters 'options' and 'options' are incompatible.
    Type 'import("/home/ovi/Risk-app/risk-hetzner/node_modules/react-hook-form/dist/types/resolvers").ResolverOptions<{ name: string; controlId: string; controlType: "preventive" | "detective" | "corrective"; controlCategory: "technical" | "administrative" | "physical"; implementationStatus: "not_implemented" | ... 3 more ......' is not assignable to type 'import("/home/ovi/Risk-app/risk-hetzner/node_modules/react-hook-form/dist/types/resolvers").ResolverOptions<{ name: string; controlId: string; controlType: "preventive" | "detective" | "corrective"; controlCategory: "technical" | "administrative" | "physical"; implementationStatus: "not_implemented" | ... 3 more ......'. Two different types with this name exist, but they are unrelated.
      Type '"template" | "instance" | undefined' is not assignable to type '"template" | "instance"'.
        Type 'undefined' is not assignable to type '"template" | "instance"'.
client/src/components/controls/control-form.tsx(215,41): error TS2345: Argument of type '(values: z.infer<typeof controlFormSchema>) => void' is not assignable to parameter of type 'SubmitHandler<TFieldValues>'.
  Types of parameters 'values' and 'data' are incompatible.
    Type 'TFieldValues' is not assignable to type '{ name: string; controlId: string; controlType: "preventive" | "detective" | "corrective"; controlCategory: "technical" | "administrative" | "physical"; implementationStatus: "not_implemented" | "in_progress" | "fully_implemented" | "planned" | "partially_implemented"; ... 9 more ...; notes?: string | undefined; }'.
      Type 'FieldValues' is missing the following properties from type '{ name: string; controlId: string; controlType: "preventive" | "detective" | "corrective"; controlCategory: "technical" | "administrative" | "physical"; implementationStatus: "not_implemented" | "in_progress" | "fully_implemented" | "planned" | "partially_implemented"; ... 9 more ...; notes?: string | undefined; }': name, controlId, controlType, controlCategory, and 5 more.
client/src/components/controls/control-form.tsx(219,13): error TS2322: Type 'Control<{ name: string; controlId: string; controlType: "preventive" | "detective" | "corrective"; controlCategory: "technical" | "administrative" | "physical"; implementationStatus: "not_implemented" | ... 3 more ... | "partially_implemented"; ... 9 more ...; notes?: string | undefined; }, any, TFieldValues>' is not assignable to type 'Control<{ name: string; controlId: string; controlType: "preventive" | "detective" | "corrective"; controlCategory: "technical" | "administrative" | "physical"; implementationStatus: "not_implemented" | ... 3 more ... | "partially_implemented"; ... 9 more ...; notes?: string | undefined; }, any, { ...; }>'.
  The types of '_options.resolver' are incompatible between these types.
    Type 'Resolver<{ name: string; controlId: string; controlType: "preventive" | "detective" | "corrective"; controlCategory: "technical" | "administrative" | "physical"; implementationStatus: "not_implemented" | ... 3 more ... | "partially_implemented"; ... 9 more ...; notes?: string | undefined; }, any, TFieldValues> | und...' is not assignable to type 'Resolver<{ name: string; controlId: string; controlType: "preventive" | "detective" | "corrective"; controlCategory: "technical" | "administrative" | "physical"; implementationStatus: "not_implemented" | ... 3 more ... | "partially_implemented"; ... 9 more ...; notes?: string | undefined; }, any, { ...; }> | undefined'.
      Type 'Resolver<{ name: string; controlId: string; controlType: "preventive" | "detective" | "corrective"; controlCategory: "technical" | "administrative" | "physical"; implementationStatus: "not_implemented" | ... 3 more ... | "partially_implemented"; ... 9 more ...; notes?: string | undefined; }, any, TFieldValues>' is not assignable to type 'Resolver<{ name: string; controlId: string; controlType: "preventive" | "detective" | "corrective"; controlCategory: "technical" | "administrative" | "physical"; implementationStatus: "not_implemented" | ... 3 more ... | "partially_implemented"; ... 9 more ...; notes?: string | undefined; }, any, { ...; }>'.
        Type 'ResolverResult<{ name: string; controlId: string; controlType: "preventive" | "detective" | "corrective"; controlCategory: "technical" | "administrative" | "physical"; implementationStatus: "not_implemented" | ... 3 more ... | "partially_implemented"; ... 9 more ...; notes?: string | undefined; }, TFieldValues> | Pr...' is not assignable to type 'ResolverResult<{ name: string; controlId: string; controlType: "preventive" | "detective" | "corrective"; controlCategory: "technical" | "administrative" | "physical"; implementationStatus: "not_implemented" | ... 3 more ... | "partially_implemented"; ... 9 more ...; notes?: string | undefined; }, { ...; }> | Promis...'.
          Type 'ResolverSuccess<TFieldValues>' is not assignable to type 'ResolverResult<{ name: string; controlId: string; controlType: "preventive" | "detective" | "corrective"; controlCategory: "technical" | "administrative" | "physical"; implementationStatus: "not_implemented" | ... 3 more ... | "partially_implemented"; ... 9 more ...; notes?: string | undefined; }, { ...; }> | Promis...'.
            Type 'ResolverSuccess<TFieldValues>' is not assignable to type 'ResolverSuccess<{ name: string; controlId: string; controlType: "preventive" | "detective" | "corrective"; controlCategory: "technical" | "administrative" | "physical"; implementationStatus: "not_implemented" | ... 3 more ... | "partially_implemented"; ... 9 more ...; notes?: string | undefined; }>'.
              Type 'TFieldValues' is not assignable to type '{ name: string; controlId: string; controlType: "preventive" | "detective" | "corrective"; controlCategory: "technical" | "administrative" | "physical"; implementationStatus: "not_implemented" | "in_progress" | "fully_implemented" | "planned" | "partially_implemented"; ... 9 more ...; notes?: string | undefined; }'.
                Type 'FieldValues' is missing the following properties from type '{ name: string; controlId: string; controlType: "preventive" | "detective" | "corrective"; controlCategory: "technical" | "administrative" | "physical"; implementationStatus: "not_implemented" | "in_progress" | "fully_implemented" | "planned" | "partially_implemented"; ... 9 more ...; notes?: string | undefined; }': name, controlId, controlType, controlCategory, and 5 more.
client/src/components/controls/control-form.tsx(234,13): error TS2322: Type 'Control<{ name: string; controlId: string; controlType: "preventive" | "detective" | "corrective"; controlCategory: "technical" | "administrative" | "physical"; implementationStatus: "not_implemented" | ... 3 more ... | "partially_implemented"; ... 9 more ...; notes?: string | undefined; }, any, TFieldValues>' is not assignable to type 'Control<{ name: string; controlId: string; controlType: "preventive" | "detective" | "corrective"; controlCategory: "technical" | "administrative" | "physical"; implementationStatus: "not_implemented" | ... 3 more ... | "partially_implemented"; ... 9 more ...; notes?: string | undefined; }, any, { ...; }>'.
  The types of '_options.resolver' are incompatible between these types.
    Type 'Resolver<{ name: string; controlId: string; controlType: "preventive" | "detective" | "corrective"; controlCategory: "technical" | "administrative" | "physical"; implementationStatus: "not_implemented" | ... 3 more ... | "partially_implemented"; ... 9 more ...; notes?: string | undefined; }, any, TFieldValues> | und...' is not assignable to type 'Resolver<{ name: string; controlId: string; controlType: "preventive" | "detective" | "corrective"; controlCategory: "technical" | "administrative" | "physical"; implementationStatus: "not_implemented" | ... 3 more ... | "partially_implemented"; ... 9 more ...; notes?: string | undefined; }, any, { ...; }> | undefined'.
      Type 'Resolver<{ name: string; controlId: string; controlType: "preventive" | "detective" | "corrective"; controlCategory: "technical" | "administrative" | "physical"; implementationStatus: "not_implemented" | ... 3 more ... | "partially_implemented"; ... 9 more ...; notes?: string | undefined; }, any, TFieldValues>' is not assignable to type 'Resolver<{ name: string; controlId: string; controlType: "preventive" | "detective" | "corrective"; controlCategory: "technical" | "administrative" | "physical"; implementationStatus: "not_implemented" | ... 3 more ... | "partially_implemented"; ... 9 more ...; notes?: string | undefined; }, any, { ...; }>'.
        Type 'ResolverResult<{ name: string; controlId: string; controlType: "preventive" | "detective" | "corrective"; controlCategory: "technical" | "administrative" | "physical"; implementationStatus: "not_implemented" | ... 3 more ... | "partially_implemented"; ... 9 more ...; notes?: string | undefined; }, TFieldValues> | Pr...' is not assignable to type 'ResolverResult<{ name: string; controlId: string; controlType: "preventive" | "detective" | "corrective"; controlCategory: "technical" | "administrative" | "physical"; implementationStatus: "not_implemented" | ... 3 more ... | "partially_implemented"; ... 9 more ...; notes?: string | undefined; }, { ...; }> | Promis...'.
          Type 'ResolverSuccess<TFieldValues>' is not assignable to type 'ResolverResult<{ name: string; controlId: string; controlType: "preventive" | "detective" | "corrective"; controlCategory: "technical" | "administrative" | "physical"; implementationStatus: "not_implemented" | ... 3 more ... | "partially_implemented"; ... 9 more ...; notes?: string | undefined; }, { ...; }> | Promis...'.
            Type 'ResolverSuccess<TFieldValues>' is not assignable to type 'ResolverSuccess<{ name: string; controlId: string; controlType: "preventive" | "detective" | "corrective"; controlCategory: "technical" | "administrative" | "physical"; implementationStatus: "not_implemented" | ... 3 more ... | "partially_implemented"; ... 9 more ...; notes?: string | undefined; }>'.
              Type 'TFieldValues' is not assignable to type '{ name: string; controlId: string; controlType: "preventive" | "detective" | "corrective"; controlCategory: "technical" | "administrative" | "physical"; implementationStatus: "not_implemented" | "in_progress" | "fully_implemented" | "planned" | "partially_implemented"; ... 9 more ...; notes?: string | undefined; }'.
                Type 'FieldValues' is missing the following properties from type '{ name: string; controlId: string; controlType: "preventive" | "detective" | "corrective"; controlCategory: "technical" | "administrative" | "physical"; implementationStatus: "not_implemented" | "in_progress" | "fully_implemented" | "planned" | "partially_implemented"; ... 9 more ...; notes?: string | undefined; }': name, controlId, controlType, controlCategory, and 5 more.
client/src/components/controls/control-form.tsx(250,11): error TS2322: Type 'Control<{ name: string; controlId: string; controlType: "preventive" | "detective" | "corrective"; controlCategory: "technical" | "administrative" | "physical"; implementationStatus: "not_implemented" | ... 3 more ... | "partially_implemented"; ... 9 more ...; notes?: string | undefined; }, any, TFieldValues>' is not assignable to type 'Control<{ name: string; controlId: string; controlType: "preventive" | "detective" | "corrective"; controlCategory: "technical" | "administrative" | "physical"; implementationStatus: "not_implemented" | ... 3 more ... | "partially_implemented"; ... 9 more ...; notes?: string | undefined; }, any, { ...; }>'.
  The types of '_options.resolver' are incompatible between these types.
    Type 'Resolver<{ name: string; controlId: string; controlType: "preventive" | "detective" | "corrective"; controlCategory: "technical" | "administrative" | "physical"; implementationStatus: "not_implemented" | ... 3 more ... | "partially_implemented"; ... 9 more ...; notes?: string | undefined; }, any, TFieldValues> | und...' is not assignable to type 'Resolver<{ name: string; controlId: string; controlType: "preventive" | "detective" | "corrective"; controlCategory: "technical" | "administrative" | "physical"; implementationStatus: "not_implemented" | ... 3 more ... | "partially_implemented"; ... 9 more ...; notes?: string | undefined; }, any, { ...; }> | undefined'.
      Type 'Resolver<{ name: string; controlId: string; controlType: "preventive" | "detective" | "corrective"; controlCategory: "technical" | "administrative" | "physical"; implementationStatus: "not_implemented" | ... 3 more ... | "partially_implemented"; ... 9 more ...; notes?: string | undefined; }, any, TFieldValues>' is not assignable to type 'Resolver<{ name: string; controlId: string; controlType: "preventive" | "detective" | "corrective"; controlCategory: "technical" | "administrative" | "physical"; implementationStatus: "not_implemented" | ... 3 more ... | "partially_implemented"; ... 9 more ...; notes?: string | undefined; }, any, { ...; }>'.
        Type 'ResolverResult<{ name: string; controlId: string; controlType: "preventive" | "detective" | "corrective"; controlCategory: "technical" | "administrative" | "physical"; implementationStatus: "not_implemented" | ... 3 more ... | "partially_implemented"; ... 9 more ...; notes?: string | undefined; }, TFieldValues> | Pr...' is not assignable to type 'ResolverResult<{ name: string; controlId: string; controlType: "preventive" | "detective" | "corrective"; controlCategory: "technical" | "administrative" | "physical"; implementationStatus: "not_implemented" | ... 3 more ... | "partially_implemented"; ... 9 more ...; notes?: string | undefined; }, { ...; }> | Promis...'.
          Type 'ResolverSuccess<TFieldValues>' is not assignable to type 'ResolverResult<{ name: string; controlId: string; controlType: "preventive" | "detective" | "corrective"; controlCategory: "technical" | "administrative" | "physical"; implementationStatus: "not_implemented" | ... 3 more ... | "partially_implemented"; ... 9 more ...; notes?: string | undefined; }, { ...; }> | Promis...'.
            Type 'ResolverSuccess<TFieldValues>' is not assignable to type 'ResolverSuccess<{ name: string; controlId: string; controlType: "preventive" | "detective" | "corrective"; controlCategory: "technical" | "administrative" | "physical"; implementationStatus: "not_implemented" | ... 3 more ... | "partially_implemented"; ... 9 more ...; notes?: string | undefined; }>'.
              Type 'TFieldValues' is not assignable to type '{ name: string; controlId: string; controlType: "preventive" | "detective" | "corrective"; controlCategory: "technical" | "administrative" | "physical"; implementationStatus: "not_implemented" | "in_progress" | "fully_implemented" | "planned" | "partially_implemented"; ... 9 more ...; notes?: string | undefined; }'.
                Type 'FieldValues' is missing the following properties from type '{ name: string; controlId: string; controlType: "preventive" | "detective" | "corrective"; controlCategory: "technical" | "administrative" | "physical"; implementationStatus: "not_implemented" | "in_progress" | "fully_implemented" | "planned" | "partially_implemented"; ... 9 more ...; notes?: string | undefined; }': name, controlId, controlType, controlCategory, and 5 more.
client/src/components/controls/control-form.tsx(270,13): error TS2322: Type 'Control<{ name: string; controlId: string; controlType: "preventive" | "detective" | "corrective"; controlCategory: "technical" | "administrative" | "physical"; implementationStatus: "not_implemented" | ... 3 more ... | "partially_implemented"; ... 9 more ...; notes?: string | undefined; }, any, TFieldValues>' is not assignable to type 'Control<{ name: string; controlId: string; controlType: "preventive" | "detective" | "corrective"; controlCategory: "technical" | "administrative" | "physical"; implementationStatus: "not_implemented" | ... 3 more ... | "partially_implemented"; ... 9 more ...; notes?: string | undefined; }, any, { ...; }>'.
  The types of '_options.resolver' are incompatible between these types.
    Type 'Resolver<{ name: string; controlId: string; controlType: "preventive" | "detective" | "corrective"; controlCategory: "technical" | "administrative" | "physical"; implementationStatus: "not_implemented" | ... 3 more ... | "partially_implemented"; ... 9 more ...; notes?: string | undefined; }, any, TFieldValues> | und...' is not assignable to type 'Resolver<{ name: string; controlId: string; controlType: "preventive" | "detective" | "corrective"; controlCategory: "technical" | "administrative" | "physical"; implementationStatus: "not_implemented" | ... 3 more ... | "partially_implemented"; ... 9 more ...; notes?: string | undefined; }, any, { ...; }> | undefined'.
      Type 'Resolver<{ name: string; controlId: string; controlType: "preventive" | "detective" | "corrective"; controlCategory: "technical" | "administrative" | "physical"; implementationStatus: "not_implemented" | ... 3 more ... | "partially_implemented"; ... 9 more ...; notes?: string | undefined; }, any, TFieldValues>' is not assignable to type 'Resolver<{ name: string; controlId: string; controlType: "preventive" | "detective" | "corrective"; controlCategory: "technical" | "administrative" | "physical"; implementationStatus: "not_implemented" | ... 3 more ... | "partially_implemented"; ... 9 more ...; notes?: string | undefined; }, any, { ...; }>'.
        Type 'ResolverResult<{ name: string; controlId: string; controlType: "preventive" | "detective" | "corrective"; controlCategory: "technical" | "administrative" | "physical"; implementationStatus: "not_implemented" | ... 3 more ... | "partially_implemented"; ... 9 more ...; notes?: string | undefined; }, TFieldValues> | Pr...' is not assignable to type 'ResolverResult<{ name: string; controlId: string; controlType: "preventive" | "detective" | "corrective"; controlCategory: "technical" | "administrative" | "physical"; implementationStatus: "not_implemented" | ... 3 more ... | "partially_implemented"; ... 9 more ...; notes?: string | undefined; }, { ...; }> | Promis...'.
          Type 'ResolverSuccess<TFieldValues>' is not assignable to type 'ResolverResult<{ name: string; controlId: string; controlType: "preventive" | "detective" | "corrective"; controlCategory: "technical" | "administrative" | "physical"; implementationStatus: "not_implemented" | ... 3 more ... | "partially_implemented"; ... 9 more ...; notes?: string | undefined; }, { ...; }> | Promis...'.
            Type 'ResolverSuccess<TFieldValues>' is not assignable to type 'ResolverSuccess<{ name: string; controlId: string; controlType: "preventive" | "detective" | "corrective"; controlCategory: "technical" | "administrative" | "physical"; implementationStatus: "not_implemented" | ... 3 more ... | "partially_implemented"; ... 9 more ...; notes?: string | undefined; }>'.
              Type 'TFieldValues' is not assignable to type '{ name: string; controlId: string; controlType: "preventive" | "detective" | "corrective"; controlCategory: "technical" | "administrative" | "physical"; implementationStatus: "not_implemented" | "in_progress" | "fully_implemented" | "planned" | "partially_implemented"; ... 9 more ...; notes?: string | undefined; }'.
                Type 'FieldValues' is missing the following properties from type '{ name: string; controlId: string; controlType: "preventive" | "detective" | "corrective"; controlCategory: "technical" | "administrative" | "physical"; implementationStatus: "not_implemented" | "in_progress" | "fully_implemented" | "planned" | "partially_implemented"; ... 9 more ...; notes?: string | undefined; }': name, controlId, controlType, controlCategory, and 5 more.
client/src/components/controls/control-form.tsx(294,13): error TS2322: Type 'Control<{ name: string; controlId: string; controlType: "preventive" | "detective" | "corrective"; controlCategory: "technical" | "administrative" | "physical"; implementationStatus: "not_implemented" | ... 3 more ... | "partially_implemented"; ... 9 more ...; notes?: string | undefined; }, any, TFieldValues>' is not assignable to type 'Control<{ name: string; controlId: string; controlType: "preventive" | "detective" | "corrective"; controlCategory: "technical" | "administrative" | "physical"; implementationStatus: "not_implemented" | ... 3 more ... | "partially_implemented"; ... 9 more ...; notes?: string | undefined; }, any, { ...; }>'.
  The types of '_options.resolver' are incompatible between these types.
    Type 'Resolver<{ name: string; controlId: string; controlType: "preventive" | "detective" | "corrective"; controlCategory: "technical" | "administrative" | "physical"; implementationStatus: "not_implemented" | ... 3 more ... | "partially_implemented"; ... 9 more ...; notes?: string | undefined; }, any, TFieldValues> | und...' is not assignable to type 'Resolver<{ name: string; controlId: string; controlType: "preventive" | "detective" | "corrective"; controlCategory: "technical" | "administrative" | "physical"; implementationStatus: "not_implemented" | ... 3 more ... | "partially_implemented"; ... 9 more ...; notes?: string | undefined; }, any, { ...; }> | undefined'.
      Type 'Resolver<{ name: string; controlId: string; controlType: "preventive" | "detective" | "corrective"; controlCategory: "technical" | "administrative" | "physical"; implementationStatus: "not_implemented" | ... 3 more ... | "partially_implemented"; ... 9 more ...; notes?: string | undefined; }, any, TFieldValues>' is not assignable to type 'Resolver<{ name: string; controlId: string; controlType: "preventive" | "detective" | "corrective"; controlCategory: "technical" | "administrative" | "physical"; implementationStatus: "not_implemented" | ... 3 more ... | "partially_implemented"; ... 9 more ...; notes?: string | undefined; }, any, { ...; }>'.
        Type 'ResolverResult<{ name: string; controlId: string; controlType: "preventive" | "detective" | "corrective"; controlCategory: "technical" | "administrative" | "physical"; implementationStatus: "not_implemented" | ... 3 more ... | "partially_implemented"; ... 9 more ...; notes?: string | undefined; }, TFieldValues> | Pr...' is not assignable to type 'ResolverResult<{ name: string; controlId: string; controlType: "preventive" | "detective" | "corrective"; controlCategory: "technical" | "administrative" | "physical"; implementationStatus: "not_implemented" | ... 3 more ... | "partially_implemented"; ... 9 more ...; notes?: string | undefined; }, { ...; }> | Promis...'.
          Type 'ResolverSuccess<TFieldValues>' is not assignable to type 'ResolverResult<{ name: string; controlId: string; controlType: "preventive" | "detective" | "corrective"; controlCategory: "technical" | "administrative" | "physical"; implementationStatus: "not_implemented" | ... 3 more ... | "partially_implemented"; ... 9 more ...; notes?: string | undefined; }, { ...; }> | Promis...'.
            Type 'ResolverSuccess<TFieldValues>' is not assignable to type 'ResolverSuccess<{ name: string; controlId: string; controlType: "preventive" | "detective" | "corrective"; controlCategory: "technical" | "administrative" | "physical"; implementationStatus: "not_implemented" | ... 3 more ... | "partially_implemented"; ... 9 more ...; notes?: string | undefined; }>'.
              Type 'TFieldValues' is not assignable to type '{ name: string; controlId: string; controlType: "preventive" | "detective" | "corrective"; controlCategory: "technical" | "administrative" | "physical"; implementationStatus: "not_implemented" | "in_progress" | "fully_implemented" | "planned" | "partially_implemented"; ... 9 more ...; notes?: string | undefined; }'.
                Type 'FieldValues' is missing the following properties from type '{ name: string; controlId: string; controlType: "preventive" | "detective" | "corrective"; controlCategory: "technical" | "administrative" | "physical"; implementationStatus: "not_implemented" | "in_progress" | "fully_implemented" | "planned" | "partially_implemented"; ... 9 more ...; notes?: string | undefined; }': name, controlId, controlType, controlCategory, and 5 more.
client/src/components/controls/control-form.tsx(320,13): error TS2322: Type 'Control<{ name: string; controlId: string; controlType: "preventive" | "detective" | "corrective"; controlCategory: "technical" | "administrative" | "physical"; implementationStatus: "not_implemented" | ... 3 more ... | "partially_implemented"; ... 9 more ...; notes?: string | undefined; }, any, TFieldValues>' is not assignable to type 'Control<{ name: string; controlId: string; controlType: "preventive" | "detective" | "corrective"; controlCategory: "technical" | "administrative" | "physical"; implementationStatus: "not_implemented" | ... 3 more ... | "partially_implemented"; ... 9 more ...; notes?: string | undefined; }, any, { ...; }>'.
  The types of '_options.resolver' are incompatible between these types.
    Type 'Resolver<{ name: string; controlId: string; controlType: "preventive" | "detective" | "corrective"; controlCategory: "technical" | "administrative" | "physical"; implementationStatus: "not_implemented" | ... 3 more ... | "partially_implemented"; ... 9 more ...; notes?: string | undefined; }, any, TFieldValues> | und...' is not assignable to type 'Resolver<{ name: string; controlId: string; controlType: "preventive" | "detective" | "corrective"; controlCategory: "technical" | "administrative" | "physical"; implementationStatus: "not_implemented" | ... 3 more ... | "partially_implemented"; ... 9 more ...; notes?: string | undefined; }, any, { ...; }> | undefined'.
      Type 'Resolver<{ name: string; controlId: string; controlType: "preventive" | "detective" | "corrective"; controlCategory: "technical" | "administrative" | "physical"; implementationStatus: "not_implemented" | ... 3 more ... | "partially_implemented"; ... 9 more ...; notes?: string | undefined; }, any, TFieldValues>' is not assignable to type 'Resolver<{ name: string; controlId: string; controlType: "preventive" | "detective" | "corrective"; controlCategory: "technical" | "administrative" | "physical"; implementationStatus: "not_implemented" | ... 3 more ... | "partially_implemented"; ... 9 more ...; notes?: string | undefined; }, any, { ...; }>'.
        Type 'ResolverResult<{ name: string; controlId: string; controlType: "preventive" | "detective" | "corrective"; controlCategory: "technical" | "administrative" | "physical"; implementationStatus: "not_implemented" | ... 3 more ... | "partially_implemented"; ... 9 more ...; notes?: string | undefined; }, TFieldValues> | Pr...' is not assignable to type 'ResolverResult<{ name: string; controlId: string; controlType: "preventive" | "detective" | "corrective"; controlCategory: "technical" | "administrative" | "physical"; implementationStatus: "not_implemented" | ... 3 more ... | "partially_implemented"; ... 9 more ...; notes?: string | undefined; }, { ...; }> | Promis...'.
          Type 'ResolverSuccess<TFieldValues>' is not assignable to type 'ResolverResult<{ name: string; controlId: string; controlType: "preventive" | "detective" | "corrective"; controlCategory: "technical" | "administrative" | "physical"; implementationStatus: "not_implemented" | ... 3 more ... | "partially_implemented"; ... 9 more ...; notes?: string | undefined; }, { ...; }> | Promis...'.
            Type 'ResolverSuccess<TFieldValues>' is not assignable to type 'ResolverSuccess<{ name: string; controlId: string; controlType: "preventive" | "detective" | "corrective"; controlCategory: "technical" | "administrative" | "physical"; implementationStatus: "not_implemented" | ... 3 more ... | "partially_implemented"; ... 9 more ...; notes?: string | undefined; }>'.
              Type 'TFieldValues' is not assignable to type '{ name: string; controlId: string; controlType: "preventive" | "detective" | "corrective"; controlCategory: "technical" | "administrative" | "physical"; implementationStatus: "not_implemented" | "in_progress" | "fully_implemented" | "planned" | "partially_implemented"; ... 9 more ...; notes?: string | undefined; }'.
                Type 'FieldValues' is missing the following properties from type '{ name: string; controlId: string; controlType: "preventive" | "detective" | "corrective"; controlCategory: "technical" | "administrative" | "physical"; implementationStatus: "not_implemented" | "in_progress" | "fully_implemented" | "planned" | "partially_implemented"; ... 9 more ...; notes?: string | undefined; }': name, controlId, controlType, controlCategory, and 5 more.
client/src/components/controls/control-form.tsx(346,13): error TS2322: Type 'Control<{ name: string; controlId: string; controlType: "preventive" | "detective" | "corrective"; controlCategory: "technical" | "administrative" | "physical"; implementationStatus: "not_implemented" | ... 3 more ... | "partially_implemented"; ... 9 more ...; notes?: string | undefined; }, any, TFieldValues>' is not assignable to type 'Control<{ name: string; controlId: string; controlType: "preventive" | "detective" | "corrective"; controlCategory: "technical" | "administrative" | "physical"; implementationStatus: "not_implemented" | ... 3 more ... | "partially_implemented"; ... 9 more ...; notes?: string | undefined; }, any, { ...; }>'.
  The types of '_options.resolver' are incompatible between these types.
    Type 'Resolver<{ name: string; controlId: string; controlType: "preventive" | "detective" | "corrective"; controlCategory: "technical" | "administrative" | "physical"; implementationStatus: "not_implemented" | ... 3 more ... | "partially_implemented"; ... 9 more ...; notes?: string | undefined; }, any, TFieldValues> | und...' is not assignable to type 'Resolver<{ name: string; controlId: string; controlType: "preventive" | "detective" | "corrective"; controlCategory: "technical" | "administrative" | "physical"; implementationStatus: "not_implemented" | ... 3 more ... | "partially_implemented"; ... 9 more ...; notes?: string | undefined; }, any, { ...; }> | undefined'.
      Type 'Resolver<{ name: string; controlId: string; controlType: "preventive" | "detective" | "corrective"; controlCategory: "technical" | "administrative" | "physical"; implementationStatus: "not_implemented" | ... 3 more ... | "partially_implemented"; ... 9 more ...; notes?: string | undefined; }, any, TFieldValues>' is not assignable to type 'Resolver<{ name: string; controlId: string; controlType: "preventive" | "detective" | "corrective"; controlCategory: "technical" | "administrative" | "physical"; implementationStatus: "not_implemented" | ... 3 more ... | "partially_implemented"; ... 9 more ...; notes?: string | undefined; }, any, { ...; }>'.
        Type 'ResolverResult<{ name: string; controlId: string; controlType: "preventive" | "detective" | "corrective"; controlCategory: "technical" | "administrative" | "physical"; implementationStatus: "not_implemented" | ... 3 more ... | "partially_implemented"; ... 9 more ...; notes?: string | undefined; }, TFieldValues> | Pr...' is not assignable to type 'ResolverResult<{ name: string; controlId: string; controlType: "preventive" | "detective" | "corrective"; controlCategory: "technical" | "administrative" | "physical"; implementationStatus: "not_implemented" | ... 3 more ... | "partially_implemented"; ... 9 more ...; notes?: string | undefined; }, { ...; }> | Promis...'.
          Type 'ResolverSuccess<TFieldValues>' is not assignable to type 'ResolverResult<{ name: string; controlId: string; controlType: "preventive" | "detective" | "corrective"; controlCategory: "technical" | "administrative" | "physical"; implementationStatus: "not_implemented" | ... 3 more ... | "partially_implemented"; ... 9 more ...; notes?: string | undefined; }, { ...; }> | Promis...'.
            Type 'ResolverSuccess<TFieldValues>' is not assignable to type 'ResolverSuccess<{ name: string; controlId: string; controlType: "preventive" | "detective" | "corrective"; controlCategory: "technical" | "administrative" | "physical"; implementationStatus: "not_implemented" | ... 3 more ... | "partially_implemented"; ... 9 more ...; notes?: string | undefined; }>'.
              Type 'TFieldValues' is not assignable to type '{ name: string; controlId: string; controlType: "preventive" | "detective" | "corrective"; controlCategory: "technical" | "administrative" | "physical"; implementationStatus: "not_implemented" | "in_progress" | "fully_implemented" | "planned" | "partially_implemented"; ... 9 more ...; notes?: string | undefined; }'.
                Type 'FieldValues' is missing the following properties from type '{ name: string; controlId: string; controlType: "preventive" | "detective" | "corrective"; controlCategory: "technical" | "administrative" | "physical"; implementationStatus: "not_implemented" | "in_progress" | "fully_implemented" | "planned" | "partially_implemented"; ... 9 more ...; notes?: string | undefined; }': name, controlId, controlType, controlCategory, and 5 more.
client/src/components/controls/control-form.tsx(369,11): error TS2322: Type 'Control<{ name: string; controlId: string; controlType: "preventive" | "detective" | "corrective"; controlCategory: "technical" | "administrative" | "physical"; implementationStatus: "not_implemented" | ... 3 more ... | "partially_implemented"; ... 9 more ...; notes?: string | undefined; }, any, TFieldValues>' is not assignable to type 'Control<{ name: string; controlId: string; controlType: "preventive" | "detective" | "corrective"; controlCategory: "technical" | "administrative" | "physical"; implementationStatus: "not_implemented" | ... 3 more ... | "partially_implemented"; ... 9 more ...; notes?: string | undefined; }, any, { ...; }>'.
  The types of '_options.resolver' are incompatible between these types.
    Type 'Resolver<{ name: string; controlId: string; controlType: "preventive" | "detective" | "corrective"; controlCategory: "technical" | "administrative" | "physical"; implementationStatus: "not_implemented" | ... 3 more ... | "partially_implemented"; ... 9 more ...; notes?: string | undefined; }, any, TFieldValues> | und...' is not assignable to type 'Resolver<{ name: string; controlId: string; controlType: "preventive" | "detective" | "corrective"; controlCategory: "technical" | "administrative" | "physical"; implementationStatus: "not_implemented" | ... 3 more ... | "partially_implemented"; ... 9 more ...; notes?: string | undefined; }, any, { ...; }> | undefined'.
      Type 'Resolver<{ name: string; controlId: string; controlType: "preventive" | "detective" | "corrective"; controlCategory: "technical" | "administrative" | "physical"; implementationStatus: "not_implemented" | ... 3 more ... | "partially_implemented"; ... 9 more ...; notes?: string | undefined; }, any, TFieldValues>' is not assignable to type 'Resolver<{ name: string; controlId: string; controlType: "preventive" | "detective" | "corrective"; controlCategory: "technical" | "administrative" | "physical"; implementationStatus: "not_implemented" | ... 3 more ... | "partially_implemented"; ... 9 more ...; notes?: string | undefined; }, any, { ...; }>'.
        Type 'ResolverResult<{ name: string; controlId: string; controlType: "preventive" | "detective" | "corrective"; controlCategory: "technical" | "administrative" | "physical"; implementationStatus: "not_implemented" | ... 3 more ... | "partially_implemented"; ... 9 more ...; notes?: string | undefined; }, TFieldValues> | Pr...' is not assignable to type 'ResolverResult<{ name: string; controlId: string; controlType: "preventive" | "detective" | "corrective"; controlCategory: "technical" | "administrative" | "physical"; implementationStatus: "not_implemented" | ... 3 more ... | "partially_implemented"; ... 9 more ...; notes?: string | undefined; }, { ...; }> | Promis...'.
          Type 'ResolverSuccess<TFieldValues>' is not assignable to type 'ResolverResult<{ name: string; controlId: string; controlType: "preventive" | "detective" | "corrective"; controlCategory: "technical" | "administrative" | "physical"; implementationStatus: "not_implemented" | ... 3 more ... | "partially_implemented"; ... 9 more ...; notes?: string | undefined; }, { ...; }> | Promis...'.
            Type 'ResolverSuccess<TFieldValues>' is not assignable to type 'ResolverSuccess<{ name: string; controlId: string; controlType: "preventive" | "detective" | "corrective"; controlCategory: "technical" | "administrative" | "physical"; implementationStatus: "not_implemented" | ... 3 more ... | "partially_implemented"; ... 9 more ...; notes?: string | undefined; }>'.
              Type 'TFieldValues' is not assignable to type '{ name: string; controlId: string; controlType: "preventive" | "detective" | "corrective"; controlCategory: "technical" | "administrative" | "physical"; implementationStatus: "not_implemented" | "in_progress" | "fully_implemented" | "planned" | "partially_implemented"; ... 9 more ...; notes?: string | undefined; }'.
                Type 'FieldValues' is missing the following properties from type '{ name: string; controlId: string; controlType: "preventive" | "detective" | "corrective"; controlCategory: "technical" | "administrative" | "physical"; implementationStatus: "not_implemented" | "in_progress" | "fully_implemented" | "planned" | "partially_implemented"; ... 9 more ...; notes?: string | undefined; }': name, controlId, controlType, controlCategory, and 5 more.
client/src/components/controls/control-form.tsx(430,17): error TS2322: Type 'Control<{ name: string; controlId: string; controlType: "preventive" | "detective" | "corrective"; controlCategory: "technical" | "administrative" | "physical"; implementationStatus: "not_implemented" | ... 3 more ... | "partially_implemented"; ... 9 more ...; notes?: string | undefined; }, any, TFieldValues>' is not assignable to type 'Control<{ name: string; controlId: string; controlType: "preventive" | "detective" | "corrective"; controlCategory: "technical" | "administrative" | "physical"; implementationStatus: "not_implemented" | ... 3 more ... | "partially_implemented"; ... 9 more ...; notes?: string | undefined; }, any, { ...; }>'.
  The types of '_options.resolver' are incompatible between these types.
    Type 'Resolver<{ name: string; controlId: string; controlType: "preventive" | "detective" | "corrective"; controlCategory: "technical" | "administrative" | "physical"; implementationStatus: "not_implemented" | ... 3 more ... | "partially_implemented"; ... 9 more ...; notes?: string | undefined; }, any, TFieldValues> | und...' is not assignable to type 'Resolver<{ name: string; controlId: string; controlType: "preventive" | "detective" | "corrective"; controlCategory: "technical" | "administrative" | "physical"; implementationStatus: "not_implemented" | ... 3 more ... | "partially_implemented"; ... 9 more ...; notes?: string | undefined; }, any, { ...; }> | undefined'.
      Type 'Resolver<{ name: string; controlId: string; controlType: "preventive" | "detective" | "corrective"; controlCategory: "technical" | "administrative" | "physical"; implementationStatus: "not_implemented" | ... 3 more ... | "partially_implemented"; ... 9 more ...; notes?: string | undefined; }, any, TFieldValues>' is not assignable to type 'Resolver<{ name: string; controlId: string; controlType: "preventive" | "detective" | "corrective"; controlCategory: "technical" | "administrative" | "physical"; implementationStatus: "not_implemented" | ... 3 more ... | "partially_implemented"; ... 9 more ...; notes?: string | undefined; }, any, { ...; }>'.
        Type 'ResolverResult<{ name: string; controlId: string; controlType: "preventive" | "detective" | "corrective"; controlCategory: "technical" | "administrative" | "physical"; implementationStatus: "not_implemented" | ... 3 more ... | "partially_implemented"; ... 9 more ...; notes?: string | undefined; }, TFieldValues> | Pr...' is not assignable to type 'ResolverResult<{ name: string; controlId: string; controlType: "preventive" | "detective" | "corrective"; controlCategory: "technical" | "administrative" | "physical"; implementationStatus: "not_implemented" | ... 3 more ... | "partially_implemented"; ... 9 more ...; notes?: string | undefined; }, { ...; }> | Promis...'.
          Type 'ResolverSuccess<TFieldValues>' is not assignable to type 'ResolverResult<{ name: string; controlId: string; controlType: "preventive" | "detective" | "corrective"; controlCategory: "technical" | "administrative" | "physical"; implementationStatus: "not_implemented" | ... 3 more ... | "partially_implemented"; ... 9 more ...; notes?: string | undefined; }, { ...; }> | Promis...'.
            Type 'ResolverSuccess<TFieldValues>' is not assignable to type 'ResolverSuccess<{ name: string; controlId: string; controlType: "preventive" | "detective" | "corrective"; controlCategory: "technical" | "administrative" | "physical"; implementationStatus: "not_implemented" | ... 3 more ... | "partially_implemented"; ... 9 more ...; notes?: string | undefined; }>'.
              Type 'TFieldValues' is not assignable to type '{ name: string; controlId: string; controlType: "preventive" | "detective" | "corrective"; controlCategory: "technical" | "administrative" | "physical"; implementationStatus: "not_implemented" | "in_progress" | "fully_implemented" | "planned" | "partially_implemented"; ... 9 more ...; notes?: string | undefined; }'.
                Type 'FieldValues' is missing the following properties from type '{ name: string; controlId: string; controlType: "preventive" | "detective" | "corrective"; controlCategory: "technical" | "administrative" | "physical"; implementationStatus: "not_implemented" | "in_progress" | "fully_implemented" | "planned" | "partially_implemented"; ... 9 more ...; notes?: string | undefined; }': name, controlId, controlType, controlCategory, and 5 more.
client/src/components/controls/control-form.tsx(452,19): error TS2322: Type 'Control<{ name: string; controlId: string; controlType: "preventive" | "detective" | "corrective"; controlCategory: "technical" | "administrative" | "physical"; implementationStatus: "not_implemented" | ... 3 more ... | "partially_implemented"; ... 9 more ...; notes?: string | undefined; }, any, TFieldValues>' is not assignable to type 'Control<{ name: string; controlId: string; controlType: "preventive" | "detective" | "corrective"; controlCategory: "technical" | "administrative" | "physical"; implementationStatus: "not_implemented" | ... 3 more ... | "partially_implemented"; ... 9 more ...; notes?: string | undefined; }, any, { ...; }>'.
  The types of '_options.resolver' are incompatible between these types.
    Type 'Resolver<{ name: string; controlId: string; controlType: "preventive" | "detective" | "corrective"; controlCategory: "technical" | "administrative" | "physical"; implementationStatus: "not_implemented" | ... 3 more ... | "partially_implemented"; ... 9 more ...; notes?: string | undefined; }, any, TFieldValues> | und...' is not assignable to type 'Resolver<{ name: string; controlId: string; controlType: "preventive" | "detective" | "corrective"; controlCategory: "technical" | "administrative" | "physical"; implementationStatus: "not_implemented" | ... 3 more ... | "partially_implemented"; ... 9 more ...; notes?: string | undefined; }, any, { ...; }> | undefined'.
      Type 'Resolver<{ name: string; controlId: string; controlType: "preventive" | "detective" | "corrective"; controlCategory: "technical" | "administrative" | "physical"; implementationStatus: "not_implemented" | ... 3 more ... | "partially_implemented"; ... 9 more ...; notes?: string | undefined; }, any, TFieldValues>' is not assignable to type 'Resolver<{ name: string; controlId: string; controlType: "preventive" | "detective" | "corrective"; controlCategory: "technical" | "administrative" | "physical"; implementationStatus: "not_implemented" | ... 3 more ... | "partially_implemented"; ... 9 more ...; notes?: string | undefined; }, any, { ...; }>'.
        Type 'ResolverResult<{ name: string; controlId: string; controlType: "preventive" | "detective" | "corrective"; controlCategory: "technical" | "administrative" | "physical"; implementationStatus: "not_implemented" | ... 3 more ... | "partially_implemented"; ... 9 more ...; notes?: string | undefined; }, TFieldValues> | Pr...' is not assignable to type 'ResolverResult<{ name: string; controlId: string; controlType: "preventive" | "detective" | "corrective"; controlCategory: "technical" | "administrative" | "physical"; implementationStatus: "not_implemented" | ... 3 more ... | "partially_implemented"; ... 9 more ...; notes?: string | undefined; }, { ...; }> | Promis...'.
          Type 'ResolverSuccess<TFieldValues>' is not assignable to type 'ResolverResult<{ name: string; controlId: string; controlType: "preventive" | "detective" | "corrective"; controlCategory: "technical" | "administrative" | "physical"; implementationStatus: "not_implemented" | ... 3 more ... | "partially_implemented"; ... 9 more ...; notes?: string | undefined; }, { ...; }> | Promis...'.
            Type 'ResolverSuccess<TFieldValues>' is not assignable to type 'ResolverSuccess<{ name: string; controlId: string; controlType: "preventive" | "detective" | "corrective"; controlCategory: "technical" | "administrative" | "physical"; implementationStatus: "not_implemented" | ... 3 more ... | "partially_implemented"; ... 9 more ...; notes?: string | undefined; }>'.
              Type 'TFieldValues' is not assignable to type '{ name: string; controlId: string; controlType: "preventive" | "detective" | "corrective"; controlCategory: "technical" | "administrative" | "physical"; implementationStatus: "not_implemented" | "in_progress" | "fully_implemented" | "planned" | "partially_implemented"; ... 9 more ...; notes?: string | undefined; }'.
                Type 'FieldValues' is missing the following properties from type '{ name: string; controlId: string; controlType: "preventive" | "detective" | "corrective"; controlCategory: "technical" | "administrative" | "physical"; implementationStatus: "not_implemented" | "in_progress" | "fully_implemented" | "planned" | "partially_implemented"; ... 9 more ...; notes?: string | undefined; }': name, controlId, controlType, controlCategory, and 5 more.
client/src/components/controls/control-form.tsx(473,19): error TS2322: Type 'Control<{ name: string; controlId: string; controlType: "preventive" | "detective" | "corrective"; controlCategory: "technical" | "administrative" | "physical"; implementationStatus: "not_implemented" | ... 3 more ... | "partially_implemented"; ... 9 more ...; notes?: string | undefined; }, any, TFieldValues>' is not assignable to type 'Control<{ name: string; controlId: string; controlType: "preventive" | "detective" | "corrective"; controlCategory: "technical" | "administrative" | "physical"; implementationStatus: "not_implemented" | ... 3 more ... | "partially_implemented"; ... 9 more ...; notes?: string | undefined; }, any, { ...; }>'.
  The types of '_options.resolver' are incompatible between these types.
    Type 'Resolver<{ name: string; controlId: string; controlType: "preventive" | "detective" | "corrective"; controlCategory: "technical" | "administrative" | "physical"; implementationStatus: "not_implemented" | ... 3 more ... | "partially_implemented"; ... 9 more ...; notes?: string | undefined; }, any, TFieldValues> | und...' is not assignable to type 'Resolver<{ name: string; controlId: string; controlType: "preventive" | "detective" | "corrective"; controlCategory: "technical" | "administrative" | "physical"; implementationStatus: "not_implemented" | ... 3 more ... | "partially_implemented"; ... 9 more ...; notes?: string | undefined; }, any, { ...; }> | undefined'.
      Type 'Resolver<{ name: string; controlId: string; controlType: "preventive" | "detective" | "corrective"; controlCategory: "technical" | "administrative" | "physical"; implementationStatus: "not_implemented" | ... 3 more ... | "partially_implemented"; ... 9 more ...; notes?: string | undefined; }, any, TFieldValues>' is not assignable to type 'Resolver<{ name: string; controlId: string; controlType: "preventive" | "detective" | "corrective"; controlCategory: "technical" | "administrative" | "physical"; implementationStatus: "not_implemented" | ... 3 more ... | "partially_implemented"; ... 9 more ...; notes?: string | undefined; }, any, { ...; }>'.
        Type 'ResolverResult<{ name: string; controlId: string; controlType: "preventive" | "detective" | "corrective"; controlCategory: "technical" | "administrative" | "physical"; implementationStatus: "not_implemented" | ... 3 more ... | "partially_implemented"; ... 9 more ...; notes?: string | undefined; }, TFieldValues> | Pr...' is not assignable to type 'ResolverResult<{ name: string; controlId: string; controlType: "preventive" | "detective" | "corrective"; controlCategory: "technical" | "administrative" | "physical"; implementationStatus: "not_implemented" | ... 3 more ... | "partially_implemented"; ... 9 more ...; notes?: string | undefined; }, { ...; }> | Promis...'.
          Type 'ResolverSuccess<TFieldValues>' is not assignable to type 'ResolverResult<{ name: string; controlId: string; controlType: "preventive" | "detective" | "corrective"; controlCategory: "technical" | "administrative" | "physical"; implementationStatus: "not_implemented" | ... 3 more ... | "partially_implemented"; ... 9 more ...; notes?: string | undefined; }, { ...; }> | Promis...'.
            Type 'ResolverSuccess<TFieldValues>' is not assignable to type 'ResolverSuccess<{ name: string; controlId: string; controlType: "preventive" | "detective" | "corrective"; controlCategory: "technical" | "administrative" | "physical"; implementationStatus: "not_implemented" | ... 3 more ... | "partially_implemented"; ... 9 more ...; notes?: string | undefined; }>'.
              Type 'TFieldValues' is not assignable to type '{ name: string; controlId: string; controlType: "preventive" | "detective" | "corrective"; controlCategory: "technical" | "administrative" | "physical"; implementationStatus: "not_implemented" | "in_progress" | "fully_implemented" | "planned" | "partially_implemented"; ... 9 more ...; notes?: string | undefined; }'.
                Type 'FieldValues' is missing the following properties from type '{ name: string; controlId: string; controlType: "preventive" | "detective" | "corrective"; controlCategory: "technical" | "administrative" | "physical"; implementationStatus: "not_implemented" | "in_progress" | "fully_implemented" | "planned" | "partially_implemented"; ... 9 more ...; notes?: string | undefined; }': name, controlId, controlType, controlCategory, and 5 more.
client/src/components/controls/control-form.tsx(536,11): error TS2322: Type 'Control<{ name: string; controlId: string; controlType: "preventive" | "detective" | "corrective"; controlCategory: "technical" | "administrative" | "physical"; implementationStatus: "not_implemented" | ... 3 more ... | "partially_implemented"; ... 9 more ...; notes?: string | undefined; }, any, TFieldValues>' is not assignable to type 'Control<{ name: string; controlId: string; controlType: "preventive" | "detective" | "corrective"; controlCategory: "technical" | "administrative" | "physical"; implementationStatus: "not_implemented" | ... 3 more ... | "partially_implemented"; ... 9 more ...; notes?: string | undefined; }, any, { ...; }>'.
  The types of '_options.resolver' are incompatible between these types.
    Type 'Resolver<{ name: string; controlId: string; controlType: "preventive" | "detective" | "corrective"; controlCategory: "technical" | "administrative" | "physical"; implementationStatus: "not_implemented" | ... 3 more ... | "partially_implemented"; ... 9 more ...; notes?: string | undefined; }, any, TFieldValues> | und...' is not assignable to type 'Resolver<{ name: string; controlId: string; controlType: "preventive" | "detective" | "corrective"; controlCategory: "technical" | "administrative" | "physical"; implementationStatus: "not_implemented" | ... 3 more ... | "partially_implemented"; ... 9 more ...; notes?: string | undefined; }, any, { ...; }> | undefined'.
      Type 'Resolver<{ name: string; controlId: string; controlType: "preventive" | "detective" | "corrective"; controlCategory: "technical" | "administrative" | "physical"; implementationStatus: "not_implemented" | ... 3 more ... | "partially_implemented"; ... 9 more ...; notes?: string | undefined; }, any, TFieldValues>' is not assignable to type 'Resolver<{ name: string; controlId: string; controlType: "preventive" | "detective" | "corrective"; controlCategory: "technical" | "administrative" | "physical"; implementationStatus: "not_implemented" | ... 3 more ... | "partially_implemented"; ... 9 more ...; notes?: string | undefined; }, any, { ...; }>'.
        Type 'ResolverResult<{ name: string; controlId: string; controlType: "preventive" | "detective" | "corrective"; controlCategory: "technical" | "administrative" | "physical"; implementationStatus: "not_implemented" | ... 3 more ... | "partially_implemented"; ... 9 more ...; notes?: string | undefined; }, TFieldValues> | Pr...' is not assignable to type 'ResolverResult<{ name: string; controlId: string; controlType: "preventive" | "detective" | "corrective"; controlCategory: "technical" | "administrative" | "physical"; implementationStatus: "not_implemented" | ... 3 more ... | "partially_implemented"; ... 9 more ...; notes?: string | undefined; }, { ...; }> | Promis...'.
          Type 'ResolverSuccess<TFieldValues>' is not assignable to type 'ResolverResult<{ name: string; controlId: string; controlType: "preventive" | "detective" | "corrective"; controlCategory: "technical" | "administrative" | "physical"; implementationStatus: "not_implemented" | ... 3 more ... | "partially_implemented"; ... 9 more ...; notes?: string | undefined; }, { ...; }> | Promis...'.
            Type 'ResolverSuccess<TFieldValues>' is not assignable to type 'ResolverSuccess<{ name: string; controlId: string; controlType: "preventive" | "detective" | "corrective"; controlCategory: "technical" | "administrative" | "physical"; implementationStatus: "not_implemented" | ... 3 more ... | "partially_implemented"; ... 9 more ...; notes?: string | undefined; }>'.
              Type 'TFieldValues' is not assignable to type '{ name: string; controlId: string; controlType: "preventive" | "detective" | "corrective"; controlCategory: "technical" | "administrative" | "physical"; implementationStatus: "not_implemented" | "in_progress" | "fully_implemented" | "planned" | "partially_implemented"; ... 9 more ...; notes?: string | undefined; }'.
                Type 'FieldValues' is missing the following properties from type '{ name: string; controlId: string; controlType: "preventive" | "detective" | "corrective"; controlCategory: "technical" | "administrative" | "physical"; implementationStatus: "not_implemented" | "in_progress" | "fully_implemented" | "planned" | "partially_implemented"; ... 9 more ...; notes?: string | undefined; }': name, controlId, controlType, controlCategory, and 5 more.
client/src/components/controls/control-roi-analysis.tsx(118,80): error TS2345: Argument of type 'AssetData[]' is not assignable to parameter of type 'Asset[]'.
  Type 'AssetData' is missing the following properties from type 'Asset': id, name, assetValue
client/src/components/controls/control-roi-analysis.tsx(234,55): error TS2339: Property 'controlEffectiveness' does not exist on type 'ControlROI'.
client/src/components/controls/control-roi-analysis.tsx(242,52): error TS2339: Property 'controlType' does not exist on type 'ControlROI'.
client/src/components/controls/control-roi-analysis.tsx(246,35): error TS2339: Property 'controlType' does not exist on type 'ControlROI'.
client/src/components/controls/control-style.ts(51,20): error TS2339: Property 'isPerAgentPricing' does not exist on type '{ id: number; name: string; description: string | null; createdAt: Date; updatedAt: Date; libraryItemId: number | null; controlId: string; controlType: "preventive" | "detective" | "corrective"; ... 11 more ...; cisMappings: unknown; }'.
client/src/components/controls/control-style.ts(54,37): error TS2339: Property 'deployedAgentCount' does not exist on type '{ id: number; name: string; description: string | null; createdAt: Date; updatedAt: Date; libraryItemId: number | null; controlId: string; controlType: "preventive" | "detective" | "corrective"; ... 11 more ...; cisMappings: unknown; }'.
client/src/components/controls/control-style.ts(63,71): error TS2339: Property 'isPerAgentPricing' does not exist on type '{ id: number; name: string; description: string | null; createdAt: Date; updatedAt: Date; libraryItemId: number | null; controlId: string; controlType: "preventive" | "detective" | "corrective"; ... 11 more ...; cisMappings: unknown; }'.
client/src/components/cost-modules/cost-module-form.tsx(59,71): error TS2304: Cannot find name 'CostType'.
client/src/components/cost-modules/cost-module-list.tsx(48,57): error TS2339: Property 'data' does not exist on type '{}'.
client/src/components/cost-modules/cost-module-list.tsx(49,13): error TS2339: Property 'data' does not exist on type '{}'.
client/src/components/dashboard/iris-benchmark-card.tsx(49,23): error TS2339: Property 'success' does not exist on type '{}'.
client/src/components/dashboard/iris-benchmark-card.tsx(63,49): error TS2339: Property 'data' does not exist on type '{}'.
client/src/components/dashboard/recent-activity.tsx(65,37): error TS2339: Property 'createdAt' does not exist on type '{ id: number; entityId: string; action: string; entityType: string; userId: string; details: unknown; timestamp: Date; }'.
client/src/components/dashboard/recent-activity.tsx(68,26): error TS2339: Property 'activity' does not exist on type '{ id: number; entityId: string; action: string; entityType: string; userId: string; details: unknown; timestamp: Date; }'.
client/src/components/dashboard/recent-activity.tsx(71,26): error TS2339: Property 'user' does not exist on type '{ id: number; entityId: string; action: string; entityType: string; userId: string; details: unknown; timestamp: Date; }'.
client/src/components/dashboard/recent-activity.tsx(75,26): error TS2551: Property 'entity' does not exist on type '{ id: number; entityId: string; action: string; entityType: string; userId: string; details: unknown; timestamp: Date; }'. Did you mean 'entityId'?
client/src/components/dashboard/risk-category-severity-card.tsx(148,21): error TS2322: Type '(entry: any) => any' is not assignable to type 'string'.
client/src/components/dashboard/stats-card.tsx(1,8): error TS2613: Module '"/home/ovi/Risk-app/risk-hetzner/client/src/common/react-import"' has no default export. Did you mean to use 'import { React } from "/home/ovi/Risk-app/risk-hetzner/client/src/common/react-import"' instead?
client/src/components/enterprise/enterprise-hierarchy-form.tsx(51,29): error TS2339: Property 'data' does not exist on type '{}'.
client/src/components/enterprise/enterprise-hierarchy-form.tsx(51,70): error TS2339: Property 'data' does not exist on type '{}'.
client/src/components/enterprise/enterprise-hierarchy-form.tsx(162,36): error TS2339: Property 'data' does not exist on type '{}'.
client/src/components/integrations/backstage-integration.tsx(84,27): error TS2339: Property 'message' does not exist on type 'Response'.
client/src/components/integrations/backstage-integration.tsx(98,5): error TS2322: Type '({ config, dryRun }: { config: BackstageConfig; dryRun: boolean; }) => Promise<Response>' is not assignable to type 'MutationFunction<SyncResult, { config: BackstageConfig; dryRun: boolean; }>'.
  Type 'Promise<Response>' is not assignable to type 'Promise<SyncResult>'.
    Type 'Response' is missing the following properties from type 'SyncResult': success, entitiesProcessed, assetsCreated, assetsUpdated, and 3 more.
client/src/components/integrations/backstage-integration.tsx(222,43): error TS2339: Property 'length' does not exist on type 'Response'.
client/src/components/integrations/backstage-integration.tsx(349,51): error TS2339: Property 'length' does not exist on type 'Response'.
client/src/components/integrations/backstage-integration.tsx(367,44): error TS2339: Property 'map' does not exist on type 'Response'.
client/src/components/integrations/backstage-integration.tsx(408,43): error TS2339: Property 'length' does not exist on type 'Response'.
client/src/components/integrations/backstage-integration.tsx(426,40): error TS2339: Property 'map' does not exist on type 'Response'.
client/src/components/integrations/jira-integration.tsx(1,8): error TS2613: Module '"/home/ovi/Risk-app/risk-hetzner/client/src/common/react-import"' has no default export. Did you mean to use 'import { React } from "/home/ovi/Risk-app/risk-hetzner/client/src/common/react-import"' instead?
client/src/components/integrations/jira-integration.tsx(57,5): error TS2322: Type 'Resolver<{ username: string; host: string; projectKey: string; password?: string | undefined; apiToken?: string | undefined; riskIssueType?: string | undefined; useApiToken?: boolean | undefined; }, any, { ...; }>' is not assignable to type 'Resolver<{ username: string; host: string; projectKey: string; useApiToken: boolean; password?: string | undefined; apiToken?: string | undefined; riskIssueType?: string | undefined; }, any, { ...; }>'.
  Types of parameters 'options' and 'options' are incompatible.
    Type 'ResolverOptions<{ username: string; host: string; projectKey: string; useApiToken: boolean; password?: string | undefined; apiToken?: string | undefined; riskIssueType?: string | undefined; }>' is not assignable to type 'ResolverOptions<{ username: string; host: string; projectKey: string; password?: string | undefined; apiToken?: string | undefined; riskIssueType?: string | undefined; useApiToken?: boolean | undefined; }>'.
      Type 'boolean | undefined' is not assignable to type 'boolean'.
        Type 'undefined' is not assignable to type 'boolean'.
client/src/components/integrations/jira-integration.tsx(146,45): error TS2345: Argument of type '(values: JiraSettings) => Promise<void>' is not assignable to parameter of type 'SubmitHandler<TFieldValues>'.
  Types of parameters 'values' and 'data' are incompatible.
    Type 'TFieldValues' is not assignable to type '{ username: string; host: string; projectKey: string; useApiToken: boolean; password?: string | undefined; apiToken?: string | undefined; riskIssueType?: string | undefined; }'.
      Type 'FieldValues' is missing the following properties from type '{ username: string; host: string; projectKey: string; useApiToken: boolean; password?: string | undefined; apiToken?: string | undefined; riskIssueType?: string | undefined; }': username, host, projectKey, useApiToken
client/src/components/integrations/jira-integration.tsx(149,17): error TS2322: Type 'Control<{ username: string; host: string; projectKey: string; useApiToken: boolean; password?: string | undefined; apiToken?: string | undefined; riskIssueType?: string | undefined; }, any, TFieldValues>' is not assignable to type 'Control<{ username: string; host: string; projectKey: string; useApiToken: boolean; password?: string | undefined; apiToken?: string | undefined; riskIssueType?: string | undefined; }, any, { ...; }>'.
  The types of '_options.resolver' are incompatible between these types.
    Type 'Resolver<{ username: string; host: string; projectKey: string; useApiToken: boolean; password?: string | undefined; apiToken?: string | undefined; riskIssueType?: string | undefined; }, any, TFieldValues> | undefined' is not assignable to type 'Resolver<{ username: string; host: string; projectKey: string; useApiToken: boolean; password?: string | undefined; apiToken?: string | undefined; riskIssueType?: string | undefined; }, any, { ...; }> | undefined'.
      Type 'Resolver<{ username: string; host: string; projectKey: string; useApiToken: boolean; password?: string | undefined; apiToken?: string | undefined; riskIssueType?: string | undefined; }, any, TFieldValues>' is not assignable to type 'Resolver<{ username: string; host: string; projectKey: string; useApiToken: boolean; password?: string | undefined; apiToken?: string | undefined; riskIssueType?: string | undefined; }, any, { ...; }>'.
        Type 'ResolverResult<{ username: string; host: string; projectKey: string; useApiToken: boolean; password?: string | undefined; apiToken?: string | undefined; riskIssueType?: string | undefined; }, TFieldValues> | Promise<...>' is not assignable to type 'ResolverResult<{ username: string; host: string; projectKey: string; useApiToken: boolean; password?: string | undefined; apiToken?: string | undefined; riskIssueType?: string | undefined; }, { username: string; ... 5 more ...; riskIssueType?: string | undefined; }> | Promise<...>'.
          Type 'ResolverSuccess<TFieldValues>' is not assignable to type 'ResolverResult<{ username: string; host: string; projectKey: string; useApiToken: boolean; password?: string | undefined; apiToken?: string | undefined; riskIssueType?: string | undefined; }, { username: string; ... 5 more ...; riskIssueType?: string | undefined; }> | Promise<...>'.
            Type 'ResolverSuccess<TFieldValues>' is not assignable to type 'ResolverSuccess<{ username: string; host: string; projectKey: string; useApiToken: boolean; password?: string | undefined; apiToken?: string | undefined; riskIssueType?: string | undefined; }>'.
              Type 'TFieldValues' is not assignable to type '{ username: string; host: string; projectKey: string; useApiToken: boolean; password?: string | undefined; apiToken?: string | undefined; riskIssueType?: string | undefined; }'.
                Type 'FieldValues' is missing the following properties from type '{ username: string; host: string; projectKey: string; useApiToken: boolean; password?: string | undefined; apiToken?: string | undefined; riskIssueType?: string | undefined; }': username, host, projectKey, useApiToken
client/src/components/integrations/jira-integration.tsx(169,17): error TS2322: Type 'Control<{ username: string; host: string; projectKey: string; useApiToken: boolean; password?: string | undefined; apiToken?: string | undefined; riskIssueType?: string | undefined; }, any, TFieldValues>' is not assignable to type 'Control<{ username: string; host: string; projectKey: string; useApiToken: boolean; password?: string | undefined; apiToken?: string | undefined; riskIssueType?: string | undefined; }, any, { ...; }>'.
  The types of '_options.resolver' are incompatible between these types.
    Type 'Resolver<{ username: string; host: string; projectKey: string; useApiToken: boolean; password?: string | undefined; apiToken?: string | undefined; riskIssueType?: string | undefined; }, any, TFieldValues> | undefined' is not assignable to type 'Resolver<{ username: string; host: string; projectKey: string; useApiToken: boolean; password?: string | undefined; apiToken?: string | undefined; riskIssueType?: string | undefined; }, any, { ...; }> | undefined'.
      Type 'Resolver<{ username: string; host: string; projectKey: string; useApiToken: boolean; password?: string | undefined; apiToken?: string | undefined; riskIssueType?: string | undefined; }, any, TFieldValues>' is not assignable to type 'Resolver<{ username: string; host: string; projectKey: string; useApiToken: boolean; password?: string | undefined; apiToken?: string | undefined; riskIssueType?: string | undefined; }, any, { ...; }>'.
        Type 'ResolverResult<{ username: string; host: string; projectKey: string; useApiToken: boolean; password?: string | undefined; apiToken?: string | undefined; riskIssueType?: string | undefined; }, TFieldValues> | Promise<...>' is not assignable to type 'ResolverResult<{ username: string; host: string; projectKey: string; useApiToken: boolean; password?: string | undefined; apiToken?: string | undefined; riskIssueType?: string | undefined; }, { username: string; ... 5 more ...; riskIssueType?: string | undefined; }> | Promise<...>'.
          Type 'ResolverSuccess<TFieldValues>' is not assignable to type 'ResolverResult<{ username: string; host: string; projectKey: string; useApiToken: boolean; password?: string | undefined; apiToken?: string | undefined; riskIssueType?: string | undefined; }, { username: string; ... 5 more ...; riskIssueType?: string | undefined; }> | Promise<...>'.
            Type 'ResolverSuccess<TFieldValues>' is not assignable to type 'ResolverSuccess<{ username: string; host: string; projectKey: string; useApiToken: boolean; password?: string | undefined; apiToken?: string | undefined; riskIssueType?: string | undefined; }>'.
              Type 'TFieldValues' is not assignable to type '{ username: string; host: string; projectKey: string; useApiToken: boolean; password?: string | undefined; apiToken?: string | undefined; riskIssueType?: string | undefined; }'.
                Type 'FieldValues' is missing the following properties from type '{ username: string; host: string; projectKey: string; useApiToken: boolean; password?: string | undefined; apiToken?: string | undefined; riskIssueType?: string | undefined; }': username, host, projectKey, useApiToken
client/src/components/integrations/jira-integration.tsx(189,17): error TS2322: Type 'Control<{ username: string; host: string; projectKey: string; useApiToken: boolean; password?: string | undefined; apiToken?: string | undefined; riskIssueType?: string | undefined; }, any, TFieldValues>' is not assignable to type 'Control<{ username: string; host: string; projectKey: string; useApiToken: boolean; password?: string | undefined; apiToken?: string | undefined; riskIssueType?: string | undefined; }, any, { ...; }>'.
  The types of '_options.resolver' are incompatible between these types.
    Type 'Resolver<{ username: string; host: string; projectKey: string; useApiToken: boolean; password?: string | undefined; apiToken?: string | undefined; riskIssueType?: string | undefined; }, any, TFieldValues> | undefined' is not assignable to type 'Resolver<{ username: string; host: string; projectKey: string; useApiToken: boolean; password?: string | undefined; apiToken?: string | undefined; riskIssueType?: string | undefined; }, any, { ...; }> | undefined'.
      Type 'Resolver<{ username: string; host: string; projectKey: string; useApiToken: boolean; password?: string | undefined; apiToken?: string | undefined; riskIssueType?: string | undefined; }, any, TFieldValues>' is not assignable to type 'Resolver<{ username: string; host: string; projectKey: string; useApiToken: boolean; password?: string | undefined; apiToken?: string | undefined; riskIssueType?: string | undefined; }, any, { ...; }>'.
        Type 'ResolverResult<{ username: string; host: string; projectKey: string; useApiToken: boolean; password?: string | undefined; apiToken?: string | undefined; riskIssueType?: string | undefined; }, TFieldValues> | Promise<...>' is not assignable to type 'ResolverResult<{ username: string; host: string; projectKey: string; useApiToken: boolean; password?: string | undefined; apiToken?: string | undefined; riskIssueType?: string | undefined; }, { username: string; ... 5 more ...; riskIssueType?: string | undefined; }> | Promise<...>'.
          Type 'ResolverSuccess<TFieldValues>' is not assignable to type 'ResolverResult<{ username: string; host: string; projectKey: string; useApiToken: boolean; password?: string | undefined; apiToken?: string | undefined; riskIssueType?: string | undefined; }, { username: string; ... 5 more ...; riskIssueType?: string | undefined; }> | Promise<...>'.
            Type 'ResolverSuccess<TFieldValues>' is not assignable to type 'ResolverSuccess<{ username: string; host: string; projectKey: string; useApiToken: boolean; password?: string | undefined; apiToken?: string | undefined; riskIssueType?: string | undefined; }>'.
              Type 'TFieldValues' is not assignable to type '{ username: string; host: string; projectKey: string; useApiToken: boolean; password?: string | undefined; apiToken?: string | undefined; riskIssueType?: string | undefined; }'.
                Type 'FieldValues' is missing the following properties from type '{ username: string; host: string; projectKey: string; useApiToken: boolean; password?: string | undefined; apiToken?: string | undefined; riskIssueType?: string | undefined; }': username, host, projectKey, useApiToken
client/src/components/integrations/jira-integration.tsx(211,19): error TS2322: Type 'Control<{ username: string; host: string; projectKey: string; useApiToken: boolean; password?: string | undefined; apiToken?: string | undefined; riskIssueType?: string | undefined; }, any, TFieldValues>' is not assignable to type 'Control<{ username: string; host: string; projectKey: string; useApiToken: boolean; password?: string | undefined; apiToken?: string | undefined; riskIssueType?: string | undefined; }, any, { ...; }>'.
  The types of '_options.resolver' are incompatible between these types.
    Type 'Resolver<{ username: string; host: string; projectKey: string; useApiToken: boolean; password?: string | undefined; apiToken?: string | undefined; riskIssueType?: string | undefined; }, any, TFieldValues> | undefined' is not assignable to type 'Resolver<{ username: string; host: string; projectKey: string; useApiToken: boolean; password?: string | undefined; apiToken?: string | undefined; riskIssueType?: string | undefined; }, any, { ...; }> | undefined'.
      Type 'Resolver<{ username: string; host: string; projectKey: string; useApiToken: boolean; password?: string | undefined; apiToken?: string | undefined; riskIssueType?: string | undefined; }, any, TFieldValues>' is not assignable to type 'Resolver<{ username: string; host: string; projectKey: string; useApiToken: boolean; password?: string | undefined; apiToken?: string | undefined; riskIssueType?: string | undefined; }, any, { ...; }>'.
        Type 'ResolverResult<{ username: string; host: string; projectKey: string; useApiToken: boolean; password?: string | undefined; apiToken?: string | undefined; riskIssueType?: string | undefined; }, TFieldValues> | Promise<...>' is not assignable to type 'ResolverResult<{ username: string; host: string; projectKey: string; useApiToken: boolean; password?: string | undefined; apiToken?: string | undefined; riskIssueType?: string | undefined; }, { username: string; ... 5 more ...; riskIssueType?: string | undefined; }> | Promise<...>'.
          Type 'ResolverSuccess<TFieldValues>' is not assignable to type 'ResolverResult<{ username: string; host: string; projectKey: string; useApiToken: boolean; password?: string | undefined; apiToken?: string | undefined; riskIssueType?: string | undefined; }, { username: string; ... 5 more ...; riskIssueType?: string | undefined; }> | Promise<...>'.
            Type 'ResolverSuccess<TFieldValues>' is not assignable to type 'ResolverSuccess<{ username: string; host: string; projectKey: string; useApiToken: boolean; password?: string | undefined; apiToken?: string | undefined; riskIssueType?: string | undefined; }>'.
              Type 'TFieldValues' is not assignable to type '{ username: string; host: string; projectKey: string; useApiToken: boolean; password?: string | undefined; apiToken?: string | undefined; riskIssueType?: string | undefined; }'.
                Type 'FieldValues' is missing the following properties from type '{ username: string; host: string; projectKey: string; useApiToken: boolean; password?: string | undefined; apiToken?: string | undefined; riskIssueType?: string | undefined; }': username, host, projectKey, useApiToken
client/src/components/integrations/jira-integration.tsx(232,19): error TS2322: Type 'Control<{ username: string; host: string; projectKey: string; useApiToken: boolean; password?: string | undefined; apiToken?: string | undefined; riskIssueType?: string | undefined; }, any, TFieldValues>' is not assignable to type 'Control<{ username: string; host: string; projectKey: string; useApiToken: boolean; password?: string | undefined; apiToken?: string | undefined; riskIssueType?: string | undefined; }, any, { ...; }>'.
  The types of '_options.resolver' are incompatible between these types.
    Type 'Resolver<{ username: string; host: string; projectKey: string; useApiToken: boolean; password?: string | undefined; apiToken?: string | undefined; riskIssueType?: string | undefined; }, any, TFieldValues> | undefined' is not assignable to type 'Resolver<{ username: string; host: string; projectKey: string; useApiToken: boolean; password?: string | undefined; apiToken?: string | undefined; riskIssueType?: string | undefined; }, any, { ...; }> | undefined'.
      Type 'Resolver<{ username: string; host: string; projectKey: string; useApiToken: boolean; password?: string | undefined; apiToken?: string | undefined; riskIssueType?: string | undefined; }, any, TFieldValues>' is not assignable to type 'Resolver<{ username: string; host: string; projectKey: string; useApiToken: boolean; password?: string | undefined; apiToken?: string | undefined; riskIssueType?: string | undefined; }, any, { ...; }>'.
        Type 'ResolverResult<{ username: string; host: string; projectKey: string; useApiToken: boolean; password?: string | undefined; apiToken?: string | undefined; riskIssueType?: string | undefined; }, TFieldValues> | Promise<...>' is not assignable to type 'ResolverResult<{ username: string; host: string; projectKey: string; useApiToken: boolean; password?: string | undefined; apiToken?: string | undefined; riskIssueType?: string | undefined; }, { username: string; ... 5 more ...; riskIssueType?: string | undefined; }> | Promise<...>'.
          Type 'ResolverSuccess<TFieldValues>' is not assignable to type 'ResolverResult<{ username: string; host: string; projectKey: string; useApiToken: boolean; password?: string | undefined; apiToken?: string | undefined; riskIssueType?: string | undefined; }, { username: string; ... 5 more ...; riskIssueType?: string | undefined; }> | Promise<...>'.
            Type 'ResolverSuccess<TFieldValues>' is not assignable to type 'ResolverSuccess<{ username: string; host: string; projectKey: string; useApiToken: boolean; password?: string | undefined; apiToken?: string | undefined; riskIssueType?: string | undefined; }>'.
              Type 'TFieldValues' is not assignable to type '{ username: string; host: string; projectKey: string; useApiToken: boolean; password?: string | undefined; apiToken?: string | undefined; riskIssueType?: string | undefined; }'.
                Type 'FieldValues' is missing the following properties from type '{ username: string; host: string; projectKey: string; useApiToken: boolean; password?: string | undefined; apiToken?: string | undefined; riskIssueType?: string | undefined; }': username, host, projectKey, useApiToken
client/src/components/integrations/jira-integration.tsx(254,17): error TS2322: Type 'Control<{ username: string; host: string; projectKey: string; useApiToken: boolean; password?: string | undefined; apiToken?: string | undefined; riskIssueType?: string | undefined; }, any, TFieldValues>' is not assignable to type 'Control<{ username: string; host: string; projectKey: string; useApiToken: boolean; password?: string | undefined; apiToken?: string | undefined; riskIssueType?: string | undefined; }, any, { ...; }>'.
  The types of '_options.resolver' are incompatible between these types.
    Type 'Resolver<{ username: string; host: string; projectKey: string; useApiToken: boolean; password?: string | undefined; apiToken?: string | undefined; riskIssueType?: string | undefined; }, any, TFieldValues> | undefined' is not assignable to type 'Resolver<{ username: string; host: string; projectKey: string; useApiToken: boolean; password?: string | undefined; apiToken?: string | undefined; riskIssueType?: string | undefined; }, any, { ...; }> | undefined'.
      Type 'Resolver<{ username: string; host: string; projectKey: string; useApiToken: boolean; password?: string | undefined; apiToken?: string | undefined; riskIssueType?: string | undefined; }, any, TFieldValues>' is not assignable to type 'Resolver<{ username: string; host: string; projectKey: string; useApiToken: boolean; password?: string | undefined; apiToken?: string | undefined; riskIssueType?: string | undefined; }, any, { ...; }>'.
        Type 'ResolverResult<{ username: string; host: string; projectKey: string; useApiToken: boolean; password?: string | undefined; apiToken?: string | undefined; riskIssueType?: string | undefined; }, TFieldValues> | Promise<...>' is not assignable to type 'ResolverResult<{ username: string; host: string; projectKey: string; useApiToken: boolean; password?: string | undefined; apiToken?: string | undefined; riskIssueType?: string | undefined; }, { username: string; ... 5 more ...; riskIssueType?: string | undefined; }> | Promise<...>'.
          Type 'ResolverSuccess<TFieldValues>' is not assignable to type 'ResolverResult<{ username: string; host: string; projectKey: string; useApiToken: boolean; password?: string | undefined; apiToken?: string | undefined; riskIssueType?: string | undefined; }, { username: string; ... 5 more ...; riskIssueType?: string | undefined; }> | Promise<...>'.
            Type 'ResolverSuccess<TFieldValues>' is not assignable to type 'ResolverSuccess<{ username: string; host: string; projectKey: string; useApiToken: boolean; password?: string | undefined; apiToken?: string | undefined; riskIssueType?: string | undefined; }>'.
              Type 'TFieldValues' is not assignable to type '{ username: string; host: string; projectKey: string; useApiToken: boolean; password?: string | undefined; apiToken?: string | undefined; riskIssueType?: string | undefined; }'.
                Type 'FieldValues' is missing the following properties from type '{ username: string; host: string; projectKey: string; useApiToken: boolean; password?: string | undefined; apiToken?: string | undefined; riskIssueType?: string | undefined; }': username, host, projectKey, useApiToken
client/src/components/integrations/jira-integration.tsx(274,17): error TS2322: Type 'Control<{ username: string; host: string; projectKey: string; useApiToken: boolean; password?: string | undefined; apiToken?: string | undefined; riskIssueType?: string | undefined; }, any, TFieldValues>' is not assignable to type 'Control<{ username: string; host: string; projectKey: string; useApiToken: boolean; password?: string | undefined; apiToken?: string | undefined; riskIssueType?: string | undefined; }, any, { ...; }>'.
  The types of '_options.resolver' are incompatible between these types.
    Type 'Resolver<{ username: string; host: string; projectKey: string; useApiToken: boolean; password?: string | undefined; apiToken?: string | undefined; riskIssueType?: string | undefined; }, any, TFieldValues> | undefined' is not assignable to type 'Resolver<{ username: string; host: string; projectKey: string; useApiToken: boolean; password?: string | undefined; apiToken?: string | undefined; riskIssueType?: string | undefined; }, any, { ...; }> | undefined'.
      Type 'Resolver<{ username: string; host: string; projectKey: string; useApiToken: boolean; password?: string | undefined; apiToken?: string | undefined; riskIssueType?: string | undefined; }, any, TFieldValues>' is not assignable to type 'Resolver<{ username: string; host: string; projectKey: string; useApiToken: boolean; password?: string | undefined; apiToken?: string | undefined; riskIssueType?: string | undefined; }, any, { ...; }>'.
        Type 'ResolverResult<{ username: string; host: string; projectKey: string; useApiToken: boolean; password?: string | undefined; apiToken?: string | undefined; riskIssueType?: string | undefined; }, TFieldValues> | Promise<...>' is not assignable to type 'ResolverResult<{ username: string; host: string; projectKey: string; useApiToken: boolean; password?: string | undefined; apiToken?: string | undefined; riskIssueType?: string | undefined; }, { username: string; ... 5 more ...; riskIssueType?: string | undefined; }> | Promise<...>'.
          Type 'ResolverSuccess<TFieldValues>' is not assignable to type 'ResolverResult<{ username: string; host: string; projectKey: string; useApiToken: boolean; password?: string | undefined; apiToken?: string | undefined; riskIssueType?: string | undefined; }, { username: string; ... 5 more ...; riskIssueType?: string | undefined; }> | Promise<...>'.
            Type 'ResolverSuccess<TFieldValues>' is not assignable to type 'ResolverSuccess<{ username: string; host: string; projectKey: string; useApiToken: boolean; password?: string | undefined; apiToken?: string | undefined; riskIssueType?: string | undefined; }>'.
              Type 'TFieldValues' is not assignable to type '{ username: string; host: string; projectKey: string; useApiToken: boolean; password?: string | undefined; apiToken?: string | undefined; riskIssueType?: string | undefined; }'.
                Type 'FieldValues' is missing the following properties from type '{ username: string; host: string; projectKey: string; useApiToken: boolean; password?: string | undefined; apiToken?: string | undefined; riskIssueType?: string | undefined; }': username, host, projectKey, useApiToken
client/src/components/layout/layout.tsx(188,40): error TS2339: Property 'subItems' does not exist on type '{ readonly name: "Dashboard"; readonly href: "/"; readonly icon: ForwardRefExoticComponent<Omit<LucideProps, "ref"> & RefAttributes<SVGSVGElement>>; } | ... 8 more ... | { ...; }'.
  Property 'subItems' does not exist on type '{ readonly name: "Dashboard"; readonly href: "/"; readonly icon: ForwardRefExoticComponent<Omit<LucideProps, "ref"> & RefAttributes<SVGSVGElement>>; }'.
client/src/components/layout/layout.tsx(188,57): error TS2339: Property 'subItems' does not exist on type '{ readonly name: "Dashboard"; readonly href: "/"; readonly icon: ForwardRefExoticComponent<Omit<LucideProps, "ref"> & RefAttributes<SVGSVGElement>>; } | ... 8 more ... | { ...; }'.
  Property 'subItems' does not exist on type '{ readonly name: "Dashboard"; readonly href: "/"; readonly icon: ForwardRefExoticComponent<Omit<LucideProps, "ref"> & RefAttributes<SVGSVGElement>>; }'.
client/src/components/layout/layout.tsx(191,38): error TS2339: Property 'subItems' does not exist on type '{ readonly name: "Dashboard"; readonly href: "/"; readonly icon: ForwardRefExoticComponent<Omit<LucideProps, "ref"> & RefAttributes<SVGSVGElement>>; } | ... 8 more ... | { ...; }'.
  Property 'subItems' does not exist on type '{ readonly name: "Dashboard"; readonly href: "/"; readonly icon: ForwardRefExoticComponent<Omit<LucideProps, "ref"> & RefAttributes<SVGSVGElement>>; }'.
client/src/components/layout/layout.tsx(191,54): error TS7006: Parameter 'sub' implicitly has an 'any' type.
client/src/components/layout/layout.tsx(210,29): error TS2339: Property 'subItems' does not exist on type '{ readonly name: "Dashboard"; readonly href: "/"; readonly icon: ForwardRefExoticComponent<Omit<LucideProps, "ref"> & RefAttributes<SVGSVGElement>>; } | ... 8 more ... | { ...; }'.
  Property 'subItems' does not exist on type '{ readonly name: "Dashboard"; readonly href: "/"; readonly icon: ForwardRefExoticComponent<Omit<LucideProps, "ref"> & RefAttributes<SVGSVGElement>>; }'.
client/src/components/layout/layout.tsx(210,44): error TS7006: Parameter 'sub' implicitly has an 'any' type.
client/src/components/reports/report-generator.tsx(42,7): error TS7006: Parameter 'c' implicitly has an 'any' type.
client/src/components/reports/report-generator.tsx(46,7): error TS7006: Parameter 'c' implicitly has an 'any' type.
client/src/components/reports/report-generator.tsx(359,86): error TS2345: Argument of type 'string | 0' is not assignable to parameter of type 'number'.
  Type 'string' is not assignable to type 'number'.
client/src/components/reports/report-generator.tsx(360,86): error TS2345: Argument of type 'string | 0' is not assignable to parameter of type 'number'.
  Type 'string' is not assignable to type 'number'.
client/src/components/reports/report-generator.tsx(386,45): error TS7006: Parameter 'r' implicitly has an 'any' type.
client/src/components/reports/report-generator.tsx(386,102): error TS7006: Parameter 'r' implicitly has an 'any' type.
client/src/components/reports/report-generator.tsx(392,65): error TS7006: Parameter 'r' implicitly has an 'any' type.
client/src/components/reports/report-generator.tsx(400,45): error TS7006: Parameter 'r' implicitly has an 'any' type.
client/src/components/reports/report-generator.tsx(400,98): error TS7006: Parameter 'r' implicitly has an 'any' type.
client/src/components/reports/report-generator.tsx(406,65): error TS7006: Parameter 'r' implicitly has an 'any' type.
client/src/components/reports/report-generator.tsx(414,45): error TS7006: Parameter 'r' implicitly has an 'any' type.
client/src/components/reports/report-generator.tsx(414,100): error TS7006: Parameter 'r' implicitly has an 'any' type.
client/src/components/reports/report-generator.tsx(420,65): error TS7006: Parameter 'r' implicitly has an 'any' type.
client/src/components/reports/report-generator.tsx(428,45): error TS7006: Parameter 'r' implicitly has an 'any' type.
client/src/components/reports/report-generator.tsx(428,97): error TS7006: Parameter 'r' implicitly has an 'any' type.
client/src/components/reports/report-generator.tsx(434,65): error TS7006: Parameter 'r' implicitly has an 'any' type.
client/src/components/reports/report-generator.tsx(458,45): error TS7006: Parameter 'r' implicitly has an 'any' type.
client/src/components/reports/report-generator.tsx(458,109): error TS7006: Parameter 'r' implicitly has an 'any' type.
client/src/components/reports/report-generator.tsx(464,65): error TS7006: Parameter 'r' implicitly has an 'any' type.
client/src/components/reports/report-generator.tsx(472,45): error TS7006: Parameter 'r' implicitly has an 'any' type.
client/src/components/reports/report-generator.tsx(472,108): error TS7006: Parameter 'r' implicitly has an 'any' type.
client/src/components/reports/report-generator.tsx(478,65): error TS7006: Parameter 'r' implicitly has an 'any' type.
client/src/components/reports/report-generator.tsx(486,45): error TS7006: Parameter 'r' implicitly has an 'any' type.
client/src/components/reports/report-generator.tsx(486,107): error TS7006: Parameter 'r' implicitly has an 'any' type.
client/src/components/reports/report-generator.tsx(492,65): error TS7006: Parameter 'r' implicitly has an 'any' type.
client/src/components/reports/report-generator.tsx(500,45): error TS7006: Parameter 'r' implicitly has an 'any' type.
client/src/components/reports/report-generator.tsx(500,107): error TS7006: Parameter 'r' implicitly has an 'any' type.
client/src/components/reports/report-generator.tsx(506,65): error TS7006: Parameter 'r' implicitly has an 'any' type.
client/src/components/reports/report-generator.tsx(532,68): error TS7006: Parameter 'c' implicitly has an 'any' type.
client/src/components/reports/report-generator.tsx(536,67): error TS7006: Parameter 'c' implicitly has an 'any' type.
client/src/components/reports/report-generator.tsx(540,71): error TS7006: Parameter 'c' implicitly has an 'any' type.
client/src/components/reports/report-generator.tsx(612,67): error TS7006: Parameter 'c' implicitly has an 'any' type.
client/src/components/reports/report-generator.tsx(615,66): error TS7006: Parameter 'c' implicitly has an 'any' type.
client/src/components/reports/report-generator.tsx(618,67): error TS7006: Parameter 'c' implicitly has an 'any' type.
client/src/components/reports/report-generator.tsx(959,69): error TS2551: Property 'businessUnit' does not exist on type '{ hierarchy_level: string | null; currency: "USD" | "EUR"; id: number; assetId: string; name: string; type: "data" | "application" | "device" | "system" | "network" | "facility" | "personnel" | "other" | "application_service" | "technical_component"; ... 18 more ...; lastBackstageSync: Date | null; }'. Did you mean 'business_unit'?
client/src/components/reports/report-generator.tsx(966,91): error TS2345: Argument of type 'string' is not assignable to parameter of type 'number'.
client/src/components/reports/report-generator.tsx(1033,68): error TS2339: Property 'threatCommunity' does not exist on type '{ severity: "low" | "medium" | "high" | "critical"; id: number; name: string; description: string; createdAt: Date; updatedAt: Date; riskId: string; riskCategory: "operational" | "strategic" | "compliance" | "financial"; ... 4 more ...; libraryItemId: number | null; }'.
client/src/components/reports/report-generator.tsx(1034,68): error TS2339: Property 'vulnerability' does not exist on type '{ severity: "low" | "medium" | "high" | "critical"; id: number; name: string; description: string; createdAt: Date; updatedAt: Date; riskId: string; riskCategory: "operational" | "strategic" | "compliance" | "financial"; ... 4 more ...; libraryItemId: number | null; }'.
client/src/components/reports/report-generator.tsx(1035,89): error TS2345: Argument of type 'string | 0' is not assignable to parameter of type 'number'.
  Type 'string' is not assignable to type 'number'.
client/src/components/reports/report-generator.tsx(1036,91): error TS2345: Argument of type 'string | 0' is not assignable to parameter of type 'number'.
  Type 'string' is not assignable to type 'number'.
client/src/components/reports/report-generator.tsx(1158,72): error TS2345: Argument of type 'string | null' is not assignable to parameter of type 'string'.
  Type 'null' is not assignable to type 'string'.
client/src/components/responses/response-form.tsx(34,53): error TS2339: Property 'extend' does not exist on type 'ZodType<any, any, any>'.
client/src/components/responses/response-form.tsx(88,38): error TS7006: Parameter 'value' implicitly has an 'any' type.
client/src/components/responses/response-form.tsx(228,33): error TS2345: Argument of type 'string | 0' is not assignable to parameter of type 'number'.
  Type 'string' is not assignable to type 'number'.
client/src/components/responses/response-form.tsx(232,33): error TS2345: Argument of type 'string | 0' is not assignable to parameter of type 'number'.
  Type 'string' is not assignable to type 'number'.
client/src/components/responses/response-form.tsx(305,35): error TS2339: Property 'length' does not exist on type '{}'.
client/src/components/responses/response-form.tsx(307,27): error TS2339: Property 'map' does not exist on type '{}'.
client/src/components/responses/response-form.tsx(307,32): error TS7006: Parameter 'control' implicitly has an 'any' type.
client/src/components/responses/response-list.tsx(78,7): error TS18047: 'response.riskId' is possibly 'null'.
client/src/components/responses/response-list.tsx(237,47): error TS2345: Argument of type 'string | null' is not assignable to parameter of type 'string'.
  Type 'null' is not assignable to type 'string'.
client/src/components/responses/response-list.tsx(238,51): error TS2345: Argument of type 'string | null' is not assignable to parameter of type 'string'.
  Type 'null' is not assignable to type 'string'.
client/src/components/responses/response-list.tsx(372,57): error TS2345: Argument of type 'string | null' is not assignable to parameter of type 'string'.
  Type 'null' is not assignable to type 'string'.
client/src/components/responses/response-list.tsx(374,36): error TS2345: Argument of type 'string | null' is not assignable to parameter of type 'string'.
  Type 'null' is not assignable to type 'string'.
client/src/components/risk-responses/risk-response-form.tsx(58,34): error TS2339: Property 'data' does not exist on type '{}'.
client/src/components/risk-responses/risk-response-form.tsx(61,40): error TS7006: Parameter 'control' implicitly has an 'any' type.
client/src/components/risk-responses/risk-response-form.tsx(126,22): error TS18046: 'error' is of type 'unknown'.
client/src/components/risks/risk-form.tsx(293,41): error TS2339: Property 'extend' does not exist on type 'ZodType<any, any, any>'.
client/src/components/risks/risk-form.tsx(497,40): error TS2339: Property 'susceptibility' does not exist on type 'RiskParameters'.
client/src/components/risks/risk-form.tsx(498,40): error TS2339: Property 'susceptibility' does not exist on type 'RiskParameters'.
client/src/components/risks/risk-form.tsx(499,40): error TS2339: Property 'susceptibility' does not exist on type 'RiskParameters'.
client/src/components/risks/risk-form.tsx(500,66): error TS2339: Property 'susceptibility' does not exist on type 'RiskParameters'.
client/src/components/risks/risk-form.tsx(926,38): error TS7006: Parameter 'value' implicitly has an 'any' type.
client/src/components/risks/risk-form.tsx(926,47): error TS7031: Binding element 'name' implicitly has an 'any' type.
client/src/components/risks/risk-form.tsx(926,53): error TS7031: Binding element 'type' implicitly has an 'any' type.
client/src/components/ui/calendar.tsx(55,9): error TS2353: Object literal may only specify known properties, and 'IconLeft' does not exist in type 'Partial<CustomComponents>'.
client/src/components/ui/calendar.tsx(55,22): error TS7031: Binding element 'className' implicitly has an 'any' type.
client/src/components/ui/calendar.tsx(58,23): error TS7031: Binding element 'className' implicitly has an 'any' type.
client/src/components/ui/chart.tsx(119,7): error TS2339: Property 'payload' does not exist on type 'Omit<Omit<Props<ValueType, NameType>, PropertiesReadFromContext> & { active?: boolean | undefined; allowEscapeViewBox?: AllowInDimension | undefined; ... 17 more ...; wrapperStyle?: CSSProperties | undefined; } & ClassAttributes<...> & HTMLAttributes<...> & { ...; }, "ref">'.
client/src/components/ui/chart.tsx(124,7): error TS2339: Property 'label' does not exist on type 'Omit<Omit<Props<ValueType, NameType>, PropertiesReadFromContext> & { active?: boolean | undefined; allowEscapeViewBox?: AllowInDimension | undefined; ... 17 more ...; wrapperStyle?: CSSProperties | undefined; } & ClassAttributes<...> & HTMLAttributes<...> & { ...; }, "ref">'.
client/src/components/ui/chart.tsx(188,25): error TS7006: Parameter 'item' implicitly has an 'any' type.
client/src/components/ui/chart.tsx(188,31): error TS7006: Parameter 'index' implicitly has an 'any' type.
client/src/components/ui/chart.tsx(264,41): error TS2344: Type '"payload" | "verticalAlign"' does not satisfy the constraint '"string" | "method" | "style" | "path" | "clipPath" | "filter" | "mask" | "key" | "type" | "suppressHydrationWarning" | "className" | "id" | "lang" | "tabIndex" | "role" | "content" | ... 421 more ... | "onBBoxUpdate"'.
  Type '"payload"' is not assignable to type '"string" | "method" | "style" | "path" | "clipPath" | "filter" | "mask" | "key" | "type" | "suppressHydrationWarning" | "className" | "id" | "lang" | "tabIndex" | "role" | "content" | ... 421 more ... | "onBBoxUpdate"'.
client/src/components/ui/chart.tsx(275,19): error TS2339: Property 'length' does not exist on type '{}'.
client/src/components/ui/chart.tsx(288,18): error TS2339: Property 'map' does not exist on type '{}'.
client/src/components/ui/chart.tsx(288,23): error TS7006: Parameter 'item' implicitly has an 'any' type.
client/src/lib/queryClient.ts(35,26): error TS7053: Element implicitly has an 'any' type because expression of type '"itemType"' can't be used to index type '{}'.
  Property 'itemType' does not exist on type '{}'.
client/src/lib/queryClient.ts(50,7): error TS18046: 'data' is of type 'unknown'.
client/src/lib/risk-calculations.ts(72,38): error TS2345: Argument of type 'import("/home/ovi/Risk-app/risk-hetzner/shared/schema").RiskCalculationParams' is not assignable to parameter of type 'import("/home/ovi/Risk-app/risk-hetzner/shared/utils/calculationManager").RiskCalculationParams'.
  Types of property 'secondaryLossEventFrequencyMin' are incompatible.
    Type 'number | undefined' is not assignable to type 'number'.
      Type 'undefined' is not assignable to type 'number'.
client/src/pages/ControlDetailPage.tsx(125,43): error TS18047: 'control.controlEffectiveness' is possibly 'null'.
client/src/pages/ControlDetailPage.tsx(150,28): error TS2339: Property 'isPerAgentPricing' does not exist on type '{ id: number; name: string; description: string | null; createdAt: Date; updatedAt: Date; libraryItemId: number | null; controlId: string; controlType: "preventive" | "detective" | "corrective"; ... 11 more ...; cisMappings: unknown; }'.
client/src/pages/ControlDetailPage.tsx(157,22): error TS2339: Property 'notes' does not exist on type '{ id: number; name: string; description: string | null; createdAt: Date; updatedAt: Date; libraryItemId: number | null; controlId: string; controlType: "preventive" | "detective" | "corrective"; ... 11 more ...; cisMappings: unknown; }'.
client/src/pages/ControlDetailPage.tsx(160,49): error TS2339: Property 'notes' does not exist on type '{ id: number; name: string; description: string | null; createdAt: Date; updatedAt: Date; libraryItemId: number | null; controlId: string; controlType: "preventive" | "detective" | "corrective"; ... 11 more ...; cisMappings: unknown; }'.
client/src/pages/ControlLibrary.tsx(78,15): error TS2339: Property 'isPerAgentPricing' does not exist on type '{ id: number; name: string; description: string | null; createdAt: Date; updatedAt: Date; controlId: string; controlType: "preventive" | "detective" | "corrective"; controlCategory: "technical" | ... 1 more ... | "physical"; ... 11 more ...; itemType: "template" | "instance"; }'.
client/src/pages/ControlLibrary.tsx(79,33): error TS2339: Property 'costPerAgent' does not exist on type '{ id: number; name: string; description: string | null; createdAt: Date; updatedAt: Date; controlId: string; controlType: "preventive" | "detective" | "corrective"; controlCategory: "technical" | ... 1 more ... | "physical"; ... 11 more ...; itemType: "template" | "instance"; }'.
client/src/pages/ControlLibrary.tsx(82,40): error TS2339: Property 'implementationCost' does not exist on type '{ id: number; name: string; description: string | null; createdAt: Date; updatedAt: Date; controlId: string; controlType: "preventive" | "detective" | "corrective"; controlCategory: "technical" | ... 1 more ... | "physical"; ... 11 more ...; itemType: "template" | "instance"; }'.
client/src/pages/ControlLibrary.tsx(138,5): error TS2719: Type 'import("/home/ovi/Risk-app/risk-hetzner/node_modules/react-hook-form/dist/types/resolvers").Resolver<{ name: string; description: string; controlId: string; controlType: "preventive" | "detective" | "corrective"; controlCategory: "technical" | "administrative" | "physical"; implementationStatus: "not_implemented" | ...' is not assignable to type 'import("/home/ovi/Risk-app/risk-hetzner/node_modules/react-hook-form/dist/types/resolvers").Resolver<{ name: string; description: string; controlId: string; controlType: "preventive" | "detective" | "corrective"; controlCategory: "technical" | "administrative" | "physical"; implementationStatus: "not_implemented" | ...'. Two different types with this name exist, but they are unrelated.
  Types of parameters 'options' and 'options' are incompatible.
    Type 'import("/home/ovi/Risk-app/risk-hetzner/node_modules/react-hook-form/dist/types/resolvers").ResolverOptions<{ name: string; description: string; controlId: string; controlType: "preventive" | "detective" | "corrective"; controlCategory: "technical" | "administrative" | "physical"; implementationStatus: "not_implemen...' is not assignable to type 'import("/home/ovi/Risk-app/risk-hetzner/node_modules/react-hook-form/dist/types/resolvers").ResolverOptions<{ name: string; description: string; controlId: string; controlType: "preventive" | "detective" | "corrective"; controlCategory: "technical" | "administrative" | "physical"; implementationStatus: "not_implemen...'. Two different types with this name exist, but they are unrelated.
      Type 'boolean | undefined' is not assignable to type 'boolean'.
        Type 'undefined' is not assignable to type 'boolean'.
client/src/pages/ControlLibrary.tsx(213,33): error TS2339: Property 'data' does not exist on type '{}'.
client/src/pages/ControlLibrary.tsx(213,78): error TS2339: Property 'data' does not exist on type '{}'.
client/src/pages/ControlLibrary.tsx(214,37): error TS2339: Property 'data' does not exist on type '{}'.
client/src/pages/ControlLibrary.tsx(228,71): error TS2339: Property 'controlEffectiveness' does not exist on type '{ id: number; name: string; description: string | null; createdAt: Date; updatedAt: Date; controlId: string; controlType: "preventive" | "detective" | "corrective"; controlCategory: "technical" | ... 1 more ... | "physical"; ... 11 more ...; itemType: "template" | "instance"; }'.
client/src/pages/ControlLibrary.tsx(230,60): error TS2339: Property 'implementationStatus' does not exist on type '{ id: number; name: string; description: string | null; createdAt: Date; updatedAt: Date; controlId: string; controlType: "preventive" | "detective" | "corrective"; controlCategory: "technical" | ... 1 more ... | "physical"; ... 11 more ...; itemType: "template" | "instance"; }'.
client/src/pages/ControlLibrary.tsx(231,63): error TS2339: Property 'implementationStatus' does not exist on type '{ id: number; name: string; description: string | null; createdAt: Date; updatedAt: Date; controlId: string; controlType: "preventive" | "detective" | "corrective"; controlCategory: "technical" | ... 1 more ... | "physical"; ... 11 more ...; itemType: "template" | "instance"; }'.
client/src/pages/ControlLibrary.tsx(323,53): error TS2339: Property 'implementationStatus' does not exist on type '{ id: number; name: string; description: string | null; createdAt: Date; updatedAt: Date; controlId: string; controlType: "preventive" | "detective" | "corrective"; controlCategory: "technical" | ... 1 more ... | "physical"; ... 11 more ...; itemType: "template" | "instance"; }'.
client/src/pages/ControlLibrary.tsx(362,24): error TS2339: Property 'data' does not exist on type '{}'.
client/src/pages/ControlLibrary.tsx(362,60): error TS2339: Property 'data' does not exist on type '{}'.
client/src/pages/ControlLibrary.tsx(363,28): error TS2339: Property 'data' does not exist on type '{}'.
client/src/pages/ControlLibrary.tsx(829,118): error TS2339: Property 'implementationStatus' does not exist on type '{ id: number; name: string; description: string | null; createdAt: Date; updatedAt: Date; controlId: string; controlType: "preventive" | "detective" | "corrective"; controlCategory: "technical" | ... 1 more ... | "physical"; ... 11 more ...; itemType: "template" | "instance"; }'.
client/src/pages/ControlLibrary.tsx(830,51): error TS2339: Property 'implementationStatus' does not exist on type '{ id: number; name: string; description: string | null; createdAt: Date; updatedAt: Date; controlId: string; controlType: "preventive" | "detective" | "corrective"; controlCategory: "technical" | ... 1 more ... | "physical"; ... 11 more ...; itemType: "template" | "instance"; }'.
client/src/pages/ControlLibrary.tsx(830,84): error TS2339: Property 'implementationStatus' does not exist on type '{ id: number; name: string; description: string | null; createdAt: Date; updatedAt: Date; controlId: string; controlType: "preventive" | "detective" | "corrective"; controlCategory: "technical" | ... 1 more ... | "physical"; ... 11 more ...; itemType: "template" | "instance"; }'.
client/src/pages/ControlLibrary.tsx(837,84): error TS2339: Property 'controlEffectiveness' does not exist on type '{ id: number; name: string; description: string | null; createdAt: Date; updatedAt: Date; controlId: string; controlType: "preventive" | "detective" | "corrective"; controlCategory: "technical" | ... 1 more ... | "physical"; ... 11 more ...; itemType: "template" | "instance"; }'.
client/src/pages/ControlLibrary.tsx(842,70): error TS2339: Property 'controlEffectiveness' does not exist on type '{ id: number; name: string; description: string | null; createdAt: Date; updatedAt: Date; controlId: string; controlType: "preventive" | "detective" | "corrective"; controlCategory: "technical" | ... 1 more ... | "physical"; ... 11 more ...; itemType: "template" | "instance"; }'.
client/src/pages/ControlLibrary.tsx(1029,47): error TS2345: Argument of type '(data: ControlLibraryFormValues) => void' is not assignable to parameter of type 'SubmitHandler<TFieldValues>'.
  Types of parameters 'data' and 'data' are incompatible.
    Type 'TFieldValues' is not assignable to type '{ name: string; description: string; controlId: string; controlType: "preventive" | "detective" | "corrective"; controlCategory: "technical" | "administrative" | "physical"; implementationStatus: "not_implemented" | ... 2 more ... | "planned"; ... 7 more ...; nistCsf?: string[] | undefined; }'.
      Type 'FieldValues' is missing the following properties from type '{ name: string; description: string; controlId: string; controlType: "preventive" | "detective" | "corrective"; controlCategory: "technical" | "administrative" | "physical"; implementationStatus: "not_implemented" | ... 2 more ... | "planned"; ... 7 more ...; nistCsf?: string[] | undefined; }': name, description, controlId, controlType, and 4 more.
client/src/pages/ControlLibrary.tsx(1032,19): error TS2322: Type 'Control<{ name: string; description: string; controlId: string; controlType: "preventive" | "detective" | "corrective"; controlCategory: "technical" | "administrative" | "physical"; implementationStatus: "not_implemented" | ... 2 more ... | "planned"; ... 7 more ...; nistCsf?: string[] | undefined; }, any, TFieldVal...' is not assignable to type 'Control<{ name: string; description: string; controlId: string; controlType: "preventive" | "detective" | "corrective"; controlCategory: "technical" | "administrative" | "physical"; implementationStatus: "not_implemented" | ... 2 more ... | "planned"; ... 7 more ...; nistCsf?: string[] | undefined; }, any, { ...; }>'.
  The types of '_options.resolver' are incompatible between these types.
    Type 'Resolver<{ name: string; description: string; controlId: string; controlType: "preventive" | "detective" | "corrective"; controlCategory: "technical" | "administrative" | "physical"; ... 8 more ...; nistCsf?: string[] | undefined; }, any, TFieldValues> | undefined' is not assignable to type 'Resolver<{ name: string; description: string; controlId: string; controlType: "preventive" | "detective" | "corrective"; controlCategory: "technical" | "administrative" | "physical"; ... 8 more ...; nistCsf?: string[] | undefined; }, any, { ...; }> | undefined'.
      Type 'Resolver<{ name: string; description: string; controlId: string; controlType: "preventive" | "detective" | "corrective"; controlCategory: "technical" | "administrative" | "physical"; implementationStatus: "not_implemented" | ... 2 more ... | "planned"; ... 7 more ...; nistCsf?: string[] | undefined; }, any, TFieldVa...' is not assignable to type 'Resolver<{ name: string; description: string; controlId: string; controlType: "preventive" | "detective" | "corrective"; controlCategory: "technical" | "administrative" | "physical"; implementationStatus: "not_implemented" | ... 2 more ... | "planned"; ... 7 more ...; nistCsf?: string[] | undefined; }, any, { ...; }>'.
        Type 'ResolverResult<{ name: string; description: string; controlId: string; controlType: "preventive" | "detective" | "corrective"; controlCategory: "technical" | "administrative" | "physical"; ... 8 more ...; nistCsf?: string[] | undefined; }, TFieldValues> | Promise<...>' is not assignable to type 'ResolverResult<{ name: string; description: string; controlId: string; controlType: "preventive" | "detective" | "corrective"; controlCategory: "technical" | "administrative" | "physical"; ... 8 more ...; nistCsf?: string[] | undefined; }, { ...; }> | Promise<...>'.
          Type 'ResolverSuccess<TFieldValues>' is not assignable to type 'ResolverResult<{ name: string; description: string; controlId: string; controlType: "preventive" | "detective" | "corrective"; controlCategory: "technical" | "administrative" | "physical"; ... 8 more ...; nistCsf?: string[] | undefined; }, { ...; }> | Promise<...>'.
            Type 'ResolverSuccess<TFieldValues>' is not assignable to type 'ResolverSuccess<{ name: string; description: string; controlId: string; controlType: "preventive" | "detective" | "corrective"; controlCategory: "technical" | "administrative" | "physical"; implementationStatus: "not_implemented" | ... 2 more ... | "planned"; ... 7 more ...; nistCsf?: string[] | undefined; }>'.
              Type 'TFieldValues' is not assignable to type '{ name: string; description: string; controlId: string; controlType: "preventive" | "detective" | "corrective"; controlCategory: "technical" | "administrative" | "physical"; implementationStatus: "not_implemented" | ... 2 more ... | "planned"; ... 7 more ...; nistCsf?: string[] | undefined; }'.
                Type 'FieldValues' is missing the following properties from type '{ name: string; description: string; controlId: string; controlType: "preventive" | "detective" | "corrective"; controlCategory: "technical" | "administrative" | "physical"; implementationStatus: "not_implemented" | ... 2 more ... | "planned"; ... 7 more ...; nistCsf?: string[] | undefined; }': name, description, controlId, controlType, and 4 more.
client/src/pages/ControlLibrary.tsx(1046,19): error TS2322: Type 'Control<{ name: string; description: string; controlId: string; controlType: "preventive" | "detective" | "corrective"; controlCategory: "technical" | "administrative" | "physical"; implementationStatus: "not_implemented" | ... 2 more ... | "planned"; ... 7 more ...; nistCsf?: string[] | undefined; }, any, TFieldVal...' is not assignable to type 'Control<{ name: string; description: string; controlId: string; controlType: "preventive" | "detective" | "corrective"; controlCategory: "technical" | "administrative" | "physical"; implementationStatus: "not_implemented" | ... 2 more ... | "planned"; ... 7 more ...; nistCsf?: string[] | undefined; }, any, { ...; }>'.
  The types of '_options.resolver' are incompatible between these types.
    Type 'Resolver<{ name: string; description: string; controlId: string; controlType: "preventive" | "detective" | "corrective"; controlCategory: "technical" | "administrative" | "physical"; ... 8 more ...; nistCsf?: string[] | undefined; }, any, TFieldValues> | undefined' is not assignable to type 'Resolver<{ name: string; description: string; controlId: string; controlType: "preventive" | "detective" | "corrective"; controlCategory: "technical" | "administrative" | "physical"; ... 8 more ...; nistCsf?: string[] | undefined; }, any, { ...; }> | undefined'.
      Type 'Resolver<{ name: string; description: string; controlId: string; controlType: "preventive" | "detective" | "corrective"; controlCategory: "technical" | "administrative" | "physical"; implementationStatus: "not_implemented" | ... 2 more ... | "planned"; ... 7 more ...; nistCsf?: string[] | undefined; }, any, TFieldVa...' is not assignable to type 'Resolver<{ name: string; description: string; controlId: string; controlType: "preventive" | "detective" | "corrective"; controlCategory: "technical" | "administrative" | "physical"; implementationStatus: "not_implemented" | ... 2 more ... | "planned"; ... 7 more ...; nistCsf?: string[] | undefined; }, any, { ...; }>'.
        Type 'ResolverResult<{ name: string; description: string; controlId: string; controlType: "preventive" | "detective" | "corrective"; controlCategory: "technical" | "administrative" | "physical"; ... 8 more ...; nistCsf?: string[] | undefined; }, TFieldValues> | Promise<...>' is not assignable to type 'ResolverResult<{ name: string; description: string; controlId: string; controlType: "preventive" | "detective" | "corrective"; controlCategory: "technical" | "administrative" | "physical"; ... 8 more ...; nistCsf?: string[] | undefined; }, { ...; }> | Promise<...>'.
          Type 'ResolverSuccess<TFieldValues>' is not assignable to type 'ResolverResult<{ name: string; description: string; controlId: string; controlType: "preventive" | "detective" | "corrective"; controlCategory: "technical" | "administrative" | "physical"; ... 8 more ...; nistCsf?: string[] | undefined; }, { ...; }> | Promise<...>'.
            Type 'ResolverSuccess<TFieldValues>' is not assignable to type 'ResolverSuccess<{ name: string; description: string; controlId: string; controlType: "preventive" | "detective" | "corrective"; controlCategory: "technical" | "administrative" | "physical"; implementationStatus: "not_implemented" | ... 2 more ... | "planned"; ... 7 more ...; nistCsf?: string[] | undefined; }>'.
              Type 'TFieldValues' is not assignable to type '{ name: string; description: string; controlId: string; controlType: "preventive" | "detective" | "corrective"; controlCategory: "technical" | "administrative" | "physical"; implementationStatus: "not_implemented" | ... 2 more ... | "planned"; ... 7 more ...; nistCsf?: string[] | undefined; }'.
                Type 'FieldValues' is missing the following properties from type '{ name: string; description: string; controlId: string; controlType: "preventive" | "detective" | "corrective"; controlCategory: "technical" | "administrative" | "physical"; implementationStatus: "not_implemented" | ... 2 more ... | "planned"; ... 7 more ...; nistCsf?: string[] | undefined; }': name, description, controlId, controlType, and 4 more.
client/src/pages/ControlLibrary.tsx(1061,17): error TS2322: Type 'Control<{ name: string; description: string; controlId: string; controlType: "preventive" | "detective" | "corrective"; controlCategory: "technical" | "administrative" | "physical"; implementationStatus: "not_implemented" | ... 2 more ... | "planned"; ... 7 more ...; nistCsf?: string[] | undefined; }, any, TFieldVal...' is not assignable to type 'Control<{ name: string; description: string; controlId: string; controlType: "preventive" | "detective" | "corrective"; controlCategory: "technical" | "administrative" | "physical"; implementationStatus: "not_implemented" | ... 2 more ... | "planned"; ... 7 more ...; nistCsf?: string[] | undefined; }, any, { ...; }>'.
  The types of '_options.resolver' are incompatible between these types.
    Type 'Resolver<{ name: string; description: string; controlId: string; controlType: "preventive" | "detective" | "corrective"; controlCategory: "technical" | "administrative" | "physical"; ... 8 more ...; nistCsf?: string[] | undefined; }, any, TFieldValues> | undefined' is not assignable to type 'Resolver<{ name: string; description: string; controlId: string; controlType: "preventive" | "detective" | "corrective"; controlCategory: "technical" | "administrative" | "physical"; ... 8 more ...; nistCsf?: string[] | undefined; }, any, { ...; }> | undefined'.
      Type 'Resolver<{ name: string; description: string; controlId: string; controlType: "preventive" | "detective" | "corrective"; controlCategory: "technical" | "administrative" | "physical"; implementationStatus: "not_implemented" | ... 2 more ... | "planned"; ... 7 more ...; nistCsf?: string[] | undefined; }, any, TFieldVa...' is not assignable to type 'Resolver<{ name: string; description: string; controlId: string; controlType: "preventive" | "detective" | "corrective"; controlCategory: "technical" | "administrative" | "physical"; implementationStatus: "not_implemented" | ... 2 more ... | "planned"; ... 7 more ...; nistCsf?: string[] | undefined; }, any, { ...; }>'.
        Type 'ResolverResult<{ name: string; description: string; controlId: string; controlType: "preventive" | "detective" | "corrective"; controlCategory: "technical" | "administrative" | "physical"; ... 8 more ...; nistCsf?: string[] | undefined; }, TFieldValues> | Promise<...>' is not assignable to type 'ResolverResult<{ name: string; description: string; controlId: string; controlType: "preventive" | "detective" | "corrective"; controlCategory: "technical" | "administrative" | "physical"; ... 8 more ...; nistCsf?: string[] | undefined; }, { ...; }> | Promise<...>'.
          Type 'ResolverSuccess<TFieldValues>' is not assignable to type 'ResolverResult<{ name: string; description: string; controlId: string; controlType: "preventive" | "detective" | "corrective"; controlCategory: "technical" | "administrative" | "physical"; ... 8 more ...; nistCsf?: string[] | undefined; }, { ...; }> | Promise<...>'.
            Type 'ResolverSuccess<TFieldValues>' is not assignable to type 'ResolverSuccess<{ name: string; description: string; controlId: string; controlType: "preventive" | "detective" | "corrective"; controlCategory: "technical" | "administrative" | "physical"; implementationStatus: "not_implemented" | ... 2 more ... | "planned"; ... 7 more ...; nistCsf?: string[] | undefined; }>'.
              Type 'TFieldValues' is not assignable to type '{ name: string; description: string; controlId: string; controlType: "preventive" | "detective" | "corrective"; controlCategory: "technical" | "administrative" | "physical"; implementationStatus: "not_implemented" | ... 2 more ... | "planned"; ... 7 more ...; nistCsf?: string[] | undefined; }'.
                Type 'FieldValues' is missing the following properties from type '{ name: string; description: string; controlId: string; controlType: "preventive" | "detective" | "corrective"; controlCategory: "technical" | "administrative" | "physical"; implementationStatus: "not_implemented" | ... 2 more ... | "planned"; ... 7 more ...; nistCsf?: string[] | undefined; }': name, description, controlId, controlType, and 4 more.
client/src/pages/ControlLibrary.tsx(1080,19): error TS2322: Type 'Control<{ name: string; description: string; controlId: string; controlType: "preventive" | "detective" | "corrective"; controlCategory: "technical" | "administrative" | "physical"; implementationStatus: "not_implemented" | ... 2 more ... | "planned"; ... 7 more ...; nistCsf?: string[] | undefined; }, any, TFieldVal...' is not assignable to type 'Control<{ name: string; description: string; controlId: string; controlType: "preventive" | "detective" | "corrective"; controlCategory: "technical" | "administrative" | "physical"; implementationStatus: "not_implemented" | ... 2 more ... | "planned"; ... 7 more ...; nistCsf?: string[] | undefined; }, any, { ...; }>'.
  The types of '_options.resolver' are incompatible between these types.
    Type 'Resolver<{ name: string; description: string; controlId: string; controlType: "preventive" | "detective" | "corrective"; controlCategory: "technical" | "administrative" | "physical"; ... 8 more ...; nistCsf?: string[] | undefined; }, any, TFieldValues> | undefined' is not assignable to type 'Resolver<{ name: string; description: string; controlId: string; controlType: "preventive" | "detective" | "corrective"; controlCategory: "technical" | "administrative" | "physical"; ... 8 more ...; nistCsf?: string[] | undefined; }, any, { ...; }> | undefined'.
      Type 'Resolver<{ name: string; description: string; controlId: string; controlType: "preventive" | "detective" | "corrective"; controlCategory: "technical" | "administrative" | "physical"; implementationStatus: "not_implemented" | ... 2 more ... | "planned"; ... 7 more ...; nistCsf?: string[] | undefined; }, any, TFieldVa...' is not assignable to type 'Resolver<{ name: string; description: string; controlId: string; controlType: "preventive" | "detective" | "corrective"; controlCategory: "technical" | "administrative" | "physical"; implementationStatus: "not_implemented" | ... 2 more ... | "planned"; ... 7 more ...; nistCsf?: string[] | undefined; }, any, { ...; }>'.
        Type 'ResolverResult<{ name: string; description: string; controlId: string; controlType: "preventive" | "detective" | "corrective"; controlCategory: "technical" | "administrative" | "physical"; ... 8 more ...; nistCsf?: string[] | undefined; }, TFieldValues> | Promise<...>' is not assignable to type 'ResolverResult<{ name: string; description: string; controlId: string; controlType: "preventive" | "detective" | "corrective"; controlCategory: "technical" | "administrative" | "physical"; ... 8 more ...; nistCsf?: string[] | undefined; }, { ...; }> | Promise<...>'.
          Type 'ResolverSuccess<TFieldValues>' is not assignable to type 'ResolverResult<{ name: string; description: string; controlId: string; controlType: "preventive" | "detective" | "corrective"; controlCategory: "technical" | "administrative" | "physical"; ... 8 more ...; nistCsf?: string[] | undefined; }, { ...; }> | Promise<...>'.
            Type 'ResolverSuccess<TFieldValues>' is not assignable to type 'ResolverSuccess<{ name: string; description: string; controlId: string; controlType: "preventive" | "detective" | "corrective"; controlCategory: "technical" | "administrative" | "physical"; implementationStatus: "not_implemented" | ... 2 more ... | "planned"; ... 7 more ...; nistCsf?: string[] | undefined; }>'.
              Type 'TFieldValues' is not assignable to type '{ name: string; description: string; controlId: string; controlType: "preventive" | "detective" | "corrective"; controlCategory: "technical" | "administrative" | "physical"; implementationStatus: "not_implemented" | ... 2 more ... | "planned"; ... 7 more ...; nistCsf?: string[] | undefined; }'.
                Type 'FieldValues' is missing the following properties from type '{ name: string; description: string; controlId: string; controlType: "preventive" | "detective" | "corrective"; controlCategory: "technical" | "administrative" | "physical"; implementationStatus: "not_implemented" | ... 2 more ... | "planned"; ... 7 more ...; nistCsf?: string[] | undefined; }': name, description, controlId, controlType, and 4 more.
client/src/pages/ControlLibrary.tsx(1108,19): error TS2322: Type 'Control<{ name: string; description: string; controlId: string; controlType: "preventive" | "detective" | "corrective"; controlCategory: "technical" | "administrative" | "physical"; implementationStatus: "not_implemented" | ... 2 more ... | "planned"; ... 7 more ...; nistCsf?: string[] | undefined; }, any, TFieldVal...' is not assignable to type 'Control<{ name: string; description: string; controlId: string; controlType: "preventive" | "detective" | "corrective"; controlCategory: "technical" | "administrative" | "physical"; implementationStatus: "not_implemented" | ... 2 more ... | "planned"; ... 7 more ...; nistCsf?: string[] | undefined; }, any, { ...; }>'.
  The types of '_options.resolver' are incompatible between these types.
    Type 'Resolver<{ name: string; description: string; controlId: string; controlType: "preventive" | "detective" | "corrective"; controlCategory: "technical" | "administrative" | "physical"; ... 8 more ...; nistCsf?: string[] | undefined; }, any, TFieldValues> | undefined' is not assignable to type 'Resolver<{ name: string; description: string; controlId: string; controlType: "preventive" | "detective" | "corrective"; controlCategory: "technical" | "administrative" | "physical"; ... 8 more ...; nistCsf?: string[] | undefined; }, any, { ...; }> | undefined'.
      Type 'Resolver<{ name: string; description: string; controlId: string; controlType: "preventive" | "detective" | "corrective"; controlCategory: "technical" | "administrative" | "physical"; implementationStatus: "not_implemented" | ... 2 more ... | "planned"; ... 7 more ...; nistCsf?: string[] | undefined; }, any, TFieldVa...' is not assignable to type 'Resolver<{ name: string; description: string; controlId: string; controlType: "preventive" | "detective" | "corrective"; controlCategory: "technical" | "administrative" | "physical"; implementationStatus: "not_implemented" | ... 2 more ... | "planned"; ... 7 more ...; nistCsf?: string[] | undefined; }, any, { ...; }>'.
        Type 'ResolverResult<{ name: string; description: string; controlId: string; controlType: "preventive" | "detective" | "corrective"; controlCategory: "technical" | "administrative" | "physical"; ... 8 more ...; nistCsf?: string[] | undefined; }, TFieldValues> | Promise<...>' is not assignable to type 'ResolverResult<{ name: string; description: string; controlId: string; controlType: "preventive" | "detective" | "corrective"; controlCategory: "technical" | "administrative" | "physical"; ... 8 more ...; nistCsf?: string[] | undefined; }, { ...; }> | Promise<...>'.
          Type 'ResolverSuccess<TFieldValues>' is not assignable to type 'ResolverResult<{ name: string; description: string; controlId: string; controlType: "preventive" | "detective" | "corrective"; controlCategory: "technical" | "administrative" | "physical"; ... 8 more ...; nistCsf?: string[] | undefined; }, { ...; }> | Promise<...>'.
            Type 'ResolverSuccess<TFieldValues>' is not assignable to type 'ResolverSuccess<{ name: string; description: string; controlId: string; controlType: "preventive" | "detective" | "corrective"; controlCategory: "technical" | "administrative" | "physical"; implementationStatus: "not_implemented" | ... 2 more ... | "planned"; ... 7 more ...; nistCsf?: string[] | undefined; }>'.
              Type 'TFieldValues' is not assignable to type '{ name: string; description: string; controlId: string; controlType: "preventive" | "detective" | "corrective"; controlCategory: "technical" | "administrative" | "physical"; implementationStatus: "not_implemented" | ... 2 more ... | "planned"; ... 7 more ...; nistCsf?: string[] | undefined; }'.
                Type 'FieldValues' is missing the following properties from type '{ name: string; description: string; controlId: string; controlType: "preventive" | "detective" | "corrective"; controlCategory: "technical" | "administrative" | "physical"; implementationStatus: "not_implemented" | ... 2 more ... | "planned"; ... 7 more ...; nistCsf?: string[] | undefined; }': name, description, controlId, controlType, and 4 more.
client/src/pages/ControlLibrary.tsx(1136,19): error TS2322: Type 'Control<{ name: string; description: string; controlId: string; controlType: "preventive" | "detective" | "corrective"; controlCategory: "technical" | "administrative" | "physical"; implementationStatus: "not_implemented" | ... 2 more ... | "planned"; ... 7 more ...; nistCsf?: string[] | undefined; }, any, TFieldVal...' is not assignable to type 'Control<{ name: string; description: string; controlId: string; controlType: "preventive" | "detective" | "corrective"; controlCategory: "technical" | "administrative" | "physical"; implementationStatus: "not_implemented" | ... 2 more ... | "planned"; ... 7 more ...; nistCsf?: string[] | undefined; }, any, { ...; }>'.
  The types of '_options.resolver' are incompatible between these types.
    Type 'Resolver<{ name: string; description: string; controlId: string; controlType: "preventive" | "detective" | "corrective"; controlCategory: "technical" | "administrative" | "physical"; ... 8 more ...; nistCsf?: string[] | undefined; }, any, TFieldValues> | undefined' is not assignable to type 'Resolver<{ name: string; description: string; controlId: string; controlType: "preventive" | "detective" | "corrective"; controlCategory: "technical" | "administrative" | "physical"; ... 8 more ...; nistCsf?: string[] | undefined; }, any, { ...; }> | undefined'.
      Type 'Resolver<{ name: string; description: string; controlId: string; controlType: "preventive" | "detective" | "corrective"; controlCategory: "technical" | "administrative" | "physical"; implementationStatus: "not_implemented" | ... 2 more ... | "planned"; ... 7 more ...; nistCsf?: string[] | undefined; }, any, TFieldVa...' is not assignable to type 'Resolver<{ name: string; description: string; controlId: string; controlType: "preventive" | "detective" | "corrective"; controlCategory: "technical" | "administrative" | "physical"; implementationStatus: "not_implemented" | ... 2 more ... | "planned"; ... 7 more ...; nistCsf?: string[] | undefined; }, any, { ...; }>'.
        Type 'ResolverResult<{ name: string; description: string; controlId: string; controlType: "preventive" | "detective" | "corrective"; controlCategory: "technical" | "administrative" | "physical"; ... 8 more ...; nistCsf?: string[] | undefined; }, TFieldValues> | Promise<...>' is not assignable to type 'ResolverResult<{ name: string; description: string; controlId: string; controlType: "preventive" | "detective" | "corrective"; controlCategory: "technical" | "administrative" | "physical"; ... 8 more ...; nistCsf?: string[] | undefined; }, { ...; }> | Promise<...>'.
          Type 'ResolverSuccess<TFieldValues>' is not assignable to type 'ResolverResult<{ name: string; description: string; controlId: string; controlType: "preventive" | "detective" | "corrective"; controlCategory: "technical" | "administrative" | "physical"; ... 8 more ...; nistCsf?: string[] | undefined; }, { ...; }> | Promise<...>'.
            Type 'ResolverSuccess<TFieldValues>' is not assignable to type 'ResolverSuccess<{ name: string; description: string; controlId: string; controlType: "preventive" | "detective" | "corrective"; controlCategory: "technical" | "administrative" | "physical"; implementationStatus: "not_implemented" | ... 2 more ... | "planned"; ... 7 more ...; nistCsf?: string[] | undefined; }>'.
              Type 'TFieldValues' is not assignable to type '{ name: string; description: string; controlId: string; controlType: "preventive" | "detective" | "corrective"; controlCategory: "technical" | "administrative" | "physical"; implementationStatus: "not_implemented" | ... 2 more ... | "planned"; ... 7 more ...; nistCsf?: string[] | undefined; }'.
                Type 'FieldValues' is missing the following properties from type '{ name: string; description: string; controlId: string; controlType: "preventive" | "detective" | "corrective"; controlCategory: "technical" | "administrative" | "physical"; implementationStatus: "not_implemented" | ... 2 more ... | "planned"; ... 7 more ...; nistCsf?: string[] | undefined; }': name, description, controlId, controlType, and 4 more.
client/src/pages/ControlLibrary.tsx(1169,19): error TS2322: Type 'Control<{ name: string; description: string; controlId: string; controlType: "preventive" | "detective" | "corrective"; controlCategory: "technical" | "administrative" | "physical"; implementationStatus: "not_implemented" | ... 2 more ... | "planned"; ... 7 more ...; nistCsf?: string[] | undefined; }, any, TFieldVal...' is not assignable to type 'Control<{ name: string; description: string; controlId: string; controlType: "preventive" | "detective" | "corrective"; controlCategory: "technical" | "administrative" | "physical"; implementationStatus: "not_implemented" | ... 2 more ... | "planned"; ... 7 more ...; nistCsf?: string[] | undefined; }, any, { ...; }>'.
  The types of '_options.resolver' are incompatible between these types.
    Type 'Resolver<{ name: string; description: string; controlId: string; controlType: "preventive" | "detective" | "corrective"; controlCategory: "technical" | "administrative" | "physical"; ... 8 more ...; nistCsf?: string[] | undefined; }, any, TFieldValues> | undefined' is not assignable to type 'Resolver<{ name: string; description: string; controlId: string; controlType: "preventive" | "detective" | "corrective"; controlCategory: "technical" | "administrative" | "physical"; ... 8 more ...; nistCsf?: string[] | undefined; }, any, { ...; }> | undefined'.
      Type 'Resolver<{ name: string; description: string; controlId: string; controlType: "preventive" | "detective" | "corrective"; controlCategory: "technical" | "administrative" | "physical"; implementationStatus: "not_implemented" | ... 2 more ... | "planned"; ... 7 more ...; nistCsf?: string[] | undefined; }, any, TFieldVa...' is not assignable to type 'Resolver<{ name: string; description: string; controlId: string; controlType: "preventive" | "detective" | "corrective"; controlCategory: "technical" | "administrative" | "physical"; implementationStatus: "not_implemented" | ... 2 more ... | "planned"; ... 7 more ...; nistCsf?: string[] | undefined; }, any, { ...; }>'.
        Type 'ResolverResult<{ name: string; description: string; controlId: string; controlType: "preventive" | "detective" | "corrective"; controlCategory: "technical" | "administrative" | "physical"; ... 8 more ...; nistCsf?: string[] | undefined; }, TFieldValues> | Promise<...>' is not assignable to type 'ResolverResult<{ name: string; description: string; controlId: string; controlType: "preventive" | "detective" | "corrective"; controlCategory: "technical" | "administrative" | "physical"; ... 8 more ...; nistCsf?: string[] | undefined; }, { ...; }> | Promise<...>'.
          Type 'ResolverSuccess<TFieldValues>' is not assignable to type 'ResolverResult<{ name: string; description: string; controlId: string; controlType: "preventive" | "detective" | "corrective"; controlCategory: "technical" | "administrative" | "physical"; ... 8 more ...; nistCsf?: string[] | undefined; }, { ...; }> | Promise<...>'.
            Type 'ResolverSuccess<TFieldValues>' is not assignable to type 'ResolverSuccess<{ name: string; description: string; controlId: string; controlType: "preventive" | "detective" | "corrective"; controlCategory: "technical" | "administrative" | "physical"; implementationStatus: "not_implemented" | ... 2 more ... | "planned"; ... 7 more ...; nistCsf?: string[] | undefined; }>'.
              Type 'TFieldValues' is not assignable to type '{ name: string; description: string; controlId: string; controlType: "preventive" | "detective" | "corrective"; controlCategory: "technical" | "administrative" | "physical"; implementationStatus: "not_implemented" | ... 2 more ... | "planned"; ... 7 more ...; nistCsf?: string[] | undefined; }'.
                Type 'FieldValues' is missing the following properties from type '{ name: string; description: string; controlId: string; controlType: "preventive" | "detective" | "corrective"; controlCategory: "technical" | "administrative" | "physical"; implementationStatus: "not_implemented" | ... 2 more ... | "planned"; ... 7 more ...; nistCsf?: string[] | undefined; }': name, description, controlId, controlType, and 4 more.
client/src/pages/ControlLibrary.tsx(1197,19): error TS2322: Type 'Control<{ name: string; description: string; controlId: string; controlType: "preventive" | "detective" | "corrective"; controlCategory: "technical" | "administrative" | "physical"; implementationStatus: "not_implemented" | ... 2 more ... | "planned"; ... 7 more ...; nistCsf?: string[] | undefined; }, any, TFieldVal...' is not assignable to type 'Control<{ name: string; description: string; controlId: string; controlType: "preventive" | "detective" | "corrective"; controlCategory: "technical" | "administrative" | "physical"; implementationStatus: "not_implemented" | ... 2 more ... | "planned"; ... 7 more ...; nistCsf?: string[] | undefined; }, any, { ...; }>'.
  The types of '_options.resolver' are incompatible between these types.
    Type 'Resolver<{ name: string; description: string; controlId: string; controlType: "preventive" | "detective" | "corrective"; controlCategory: "technical" | "administrative" | "physical"; ... 8 more ...; nistCsf?: string[] | undefined; }, any, TFieldValues> | undefined' is not assignable to type 'Resolver<{ name: string; description: string; controlId: string; controlType: "preventive" | "detective" | "corrective"; controlCategory: "technical" | "administrative" | "physical"; ... 8 more ...; nistCsf?: string[] | undefined; }, any, { ...; }> | undefined'.
      Type 'Resolver<{ name: string; description: string; controlId: string; controlType: "preventive" | "detective" | "corrective"; controlCategory: "technical" | "administrative" | "physical"; implementationStatus: "not_implemented" | ... 2 more ... | "planned"; ... 7 more ...; nistCsf?: string[] | undefined; }, any, TFieldVa...' is not assignable to type 'Resolver<{ name: string; description: string; controlId: string; controlType: "preventive" | "detective" | "corrective"; controlCategory: "technical" | "administrative" | "physical"; implementationStatus: "not_implemented" | ... 2 more ... | "planned"; ... 7 more ...; nistCsf?: string[] | undefined; }, any, { ...; }>'.
        Type 'ResolverResult<{ name: string; description: string; controlId: string; controlType: "preventive" | "detective" | "corrective"; controlCategory: "technical" | "administrative" | "physical"; ... 8 more ...; nistCsf?: string[] | undefined; }, TFieldValues> | Promise<...>' is not assignable to type 'ResolverResult<{ name: string; description: string; controlId: string; controlType: "preventive" | "detective" | "corrective"; controlCategory: "technical" | "administrative" | "physical"; ... 8 more ...; nistCsf?: string[] | undefined; }, { ...; }> | Promise<...>'.
          Type 'ResolverSuccess<TFieldValues>' is not assignable to type 'ResolverResult<{ name: string; description: string; controlId: string; controlType: "preventive" | "detective" | "corrective"; controlCategory: "technical" | "administrative" | "physical"; ... 8 more ...; nistCsf?: string[] | undefined; }, { ...; }> | Promise<...>'.
            Type 'ResolverSuccess<TFieldValues>' is not assignable to type 'ResolverSuccess<{ name: string; description: string; controlId: string; controlType: "preventive" | "detective" | "corrective"; controlCategory: "technical" | "administrative" | "physical"; implementationStatus: "not_implemented" | ... 2 more ... | "planned"; ... 7 more ...; nistCsf?: string[] | undefined; }>'.
              Type 'TFieldValues' is not assignable to type '{ name: string; description: string; controlId: string; controlType: "preventive" | "detective" | "corrective"; controlCategory: "technical" | "administrative" | "physical"; implementationStatus: "not_implemented" | ... 2 more ... | "planned"; ... 7 more ...; nistCsf?: string[] | undefined; }'.
                Type 'FieldValues' is missing the following properties from type '{ name: string; description: string; controlId: string; controlType: "preventive" | "detective" | "corrective"; controlCategory: "technical" | "administrative" | "physical"; implementationStatus: "not_implemented" | ... 2 more ... | "planned"; ... 7 more ...; nistCsf?: string[] | undefined; }': name, description, controlId, controlType, and 4 more.
client/src/pages/ControlLibrary.tsx(1222,19): error TS2322: Type 'Control<{ name: string; description: string; controlId: string; controlType: "preventive" | "detective" | "corrective"; controlCategory: "technical" | "administrative" | "physical"; implementationStatus: "not_implemented" | ... 2 more ... | "planned"; ... 7 more ...; nistCsf?: string[] | undefined; }, any, TFieldVal...' is not assignable to type 'Control<{ name: string; description: string; controlId: string; controlType: "preventive" | "detective" | "corrective"; controlCategory: "technical" | "administrative" | "physical"; implementationStatus: "not_implemented" | ... 2 more ... | "planned"; ... 7 more ...; nistCsf?: string[] | undefined; }, any, { ...; }>'.
  The types of '_options.resolver' are incompatible between these types.
    Type 'Resolver<{ name: string; description: string; controlId: string; controlType: "preventive" | "detective" | "corrective"; controlCategory: "technical" | "administrative" | "physical"; ... 8 more ...; nistCsf?: string[] | undefined; }, any, TFieldValues> | undefined' is not assignable to type 'Resolver<{ name: string; description: string; controlId: string; controlType: "preventive" | "detective" | "corrective"; controlCategory: "technical" | "administrative" | "physical"; ... 8 more ...; nistCsf?: string[] | undefined; }, any, { ...; }> | undefined'.
      Type 'Resolver<{ name: string; description: string; controlId: string; controlType: "preventive" | "detective" | "corrective"; controlCategory: "technical" | "administrative" | "physical"; implementationStatus: "not_implemented" | ... 2 more ... | "planned"; ... 7 more ...; nistCsf?: string[] | undefined; }, any, TFieldVa...' is not assignable to type 'Resolver<{ name: string; description: string; controlId: string; controlType: "preventive" | "detective" | "corrective"; controlCategory: "technical" | "administrative" | "physical"; implementationStatus: "not_implemented" | ... 2 more ... | "planned"; ... 7 more ...; nistCsf?: string[] | undefined; }, any, { ...; }>'.
        Type 'ResolverResult<{ name: string; description: string; controlId: string; controlType: "preventive" | "detective" | "corrective"; controlCategory: "technical" | "administrative" | "physical"; ... 8 more ...; nistCsf?: string[] | undefined; }, TFieldValues> | Promise<...>' is not assignable to type 'ResolverResult<{ name: string; description: string; controlId: string; controlType: "preventive" | "detective" | "corrective"; controlCategory: "technical" | "administrative" | "physical"; ... 8 more ...; nistCsf?: string[] | undefined; }, { ...; }> | Promise<...>'.
          Type 'ResolverSuccess<TFieldValues>' is not assignable to type 'ResolverResult<{ name: string; description: string; controlId: string; controlType: "preventive" | "detective" | "corrective"; controlCategory: "technical" | "administrative" | "physical"; ... 8 more ...; nistCsf?: string[] | undefined; }, { ...; }> | Promise<...>'.
            Type 'ResolverSuccess<TFieldValues>' is not assignable to type 'ResolverSuccess<{ name: string; description: string; controlId: string; controlType: "preventive" | "detective" | "corrective"; controlCategory: "technical" | "administrative" | "physical"; implementationStatus: "not_implemented" | ... 2 more ... | "planned"; ... 7 more ...; nistCsf?: string[] | undefined; }>'.
              Type 'TFieldValues' is not assignable to type '{ name: string; description: string; controlId: string; controlType: "preventive" | "detective" | "corrective"; controlCategory: "technical" | "administrative" | "physical"; implementationStatus: "not_implemented" | ... 2 more ... | "planned"; ... 7 more ...; nistCsf?: string[] | undefined; }'.
                Type 'FieldValues' is missing the following properties from type '{ name: string; description: string; controlId: string; controlType: "preventive" | "detective" | "corrective"; controlCategory: "technical" | "administrative" | "physical"; implementationStatus: "not_implemented" | ... 2 more ... | "planned"; ... 7 more ...; nistCsf?: string[] | undefined; }': name, description, controlId, controlType, and 4 more.
client/src/pages/ControlLibrary.tsx(1241,21): error TS2322: Type 'Control<{ name: string; description: string; controlId: string; controlType: "preventive" | "detective" | "corrective"; controlCategory: "technical" | "administrative" | "physical"; implementationStatus: "not_implemented" | ... 2 more ... | "planned"; ... 7 more ...; nistCsf?: string[] | undefined; }, any, TFieldVal...' is not assignable to type 'Control<{ name: string; description: string; controlId: string; controlType: "preventive" | "detective" | "corrective"; controlCategory: "technical" | "administrative" | "physical"; implementationStatus: "not_implemented" | ... 2 more ... | "planned"; ... 7 more ...; nistCsf?: string[] | undefined; }, any, { ...; }>'.
  The types of '_options.resolver' are incompatible between these types.
    Type 'Resolver<{ name: string; description: string; controlId: string; controlType: "preventive" | "detective" | "corrective"; controlCategory: "technical" | "administrative" | "physical"; ... 8 more ...; nistCsf?: string[] | undefined; }, any, TFieldValues> | undefined' is not assignable to type 'Resolver<{ name: string; description: string; controlId: string; controlType: "preventive" | "detective" | "corrective"; controlCategory: "technical" | "administrative" | "physical"; ... 8 more ...; nistCsf?: string[] | undefined; }, any, { ...; }> | undefined'.
      Type 'Resolver<{ name: string; description: string; controlId: string; controlType: "preventive" | "detective" | "corrective"; controlCategory: "technical" | "administrative" | "physical"; implementationStatus: "not_implemented" | ... 2 more ... | "planned"; ... 7 more ...; nistCsf?: string[] | undefined; }, any, TFieldVa...' is not assignable to type 'Resolver<{ name: string; description: string; controlId: string; controlType: "preventive" | "detective" | "corrective"; controlCategory: "technical" | "administrative" | "physical"; implementationStatus: "not_implemented" | ... 2 more ... | "planned"; ... 7 more ...; nistCsf?: string[] | undefined; }, any, { ...; }>'.
        Type 'ResolverResult<{ name: string; description: string; controlId: string; controlType: "preventive" | "detective" | "corrective"; controlCategory: "technical" | "administrative" | "physical"; ... 8 more ...; nistCsf?: string[] | undefined; }, TFieldValues> | Promise<...>' is not assignable to type 'ResolverResult<{ name: string; description: string; controlId: string; controlType: "preventive" | "detective" | "corrective"; controlCategory: "technical" | "administrative" | "physical"; ... 8 more ...; nistCsf?: string[] | undefined; }, { ...; }> | Promise<...>'.
          Type 'ResolverSuccess<TFieldValues>' is not assignable to type 'ResolverResult<{ name: string; description: string; controlId: string; controlType: "preventive" | "detective" | "corrective"; controlCategory: "technical" | "administrative" | "physical"; ... 8 more ...; nistCsf?: string[] | undefined; }, { ...; }> | Promise<...>'.
            Type 'ResolverSuccess<TFieldValues>' is not assignable to type 'ResolverSuccess<{ name: string; description: string; controlId: string; controlType: "preventive" | "detective" | "corrective"; controlCategory: "technical" | "administrative" | "physical"; implementationStatus: "not_implemented" | ... 2 more ... | "planned"; ... 7 more ...; nistCsf?: string[] | undefined; }>'.
              Type 'TFieldValues' is not assignable to type '{ name: string; description: string; controlId: string; controlType: "preventive" | "detective" | "corrective"; controlCategory: "technical" | "administrative" | "physical"; implementationStatus: "not_implemented" | ... 2 more ... | "planned"; ... 7 more ...; nistCsf?: string[] | undefined; }'.
                Type 'FieldValues' is missing the following properties from type '{ name: string; description: string; controlId: string; controlType: "preventive" | "detective" | "corrective"; controlCategory: "technical" | "administrative" | "physical"; implementationStatus: "not_implemented" | ... 2 more ... | "planned"; ... 7 more ...; nistCsf?: string[] | undefined; }': name, description, controlId, controlType, and 4 more.
client/src/pages/ControlLibrary.tsx(1265,23): error TS2322: Type 'Control<{ name: string; description: string; controlId: string; controlType: "preventive" | "detective" | "corrective"; controlCategory: "technical" | "administrative" | "physical"; implementationStatus: "not_implemented" | ... 2 more ... | "planned"; ... 7 more ...; nistCsf?: string[] | undefined; }, any, TFieldVal...' is not assignable to type 'Control<{ name: string; description: string; controlId: string; controlType: "preventive" | "detective" | "corrective"; controlCategory: "technical" | "administrative" | "physical"; implementationStatus: "not_implemented" | ... 2 more ... | "planned"; ... 7 more ...; nistCsf?: string[] | undefined; }, any, { ...; }>'.
  The types of '_options.resolver' are incompatible between these types.
    Type 'Resolver<{ name: string; description: string; controlId: string; controlType: "preventive" | "detective" | "corrective"; controlCategory: "technical" | "administrative" | "physical"; ... 8 more ...; nistCsf?: string[] | undefined; }, any, TFieldValues> | undefined' is not assignable to type 'Resolver<{ name: string; description: string; controlId: string; controlType: "preventive" | "detective" | "corrective"; controlCategory: "technical" | "administrative" | "physical"; ... 8 more ...; nistCsf?: string[] | undefined; }, any, { ...; }> | undefined'.
      Type 'Resolver<{ name: string; description: string; controlId: string; controlType: "preventive" | "detective" | "corrective"; controlCategory: "technical" | "administrative" | "physical"; implementationStatus: "not_implemented" | ... 2 more ... | "planned"; ... 7 more ...; nistCsf?: string[] | undefined; }, any, TFieldVa...' is not assignable to type 'Resolver<{ name: string; description: string; controlId: string; controlType: "preventive" | "detective" | "corrective"; controlCategory: "technical" | "administrative" | "physical"; implementationStatus: "not_implemented" | ... 2 more ... | "planned"; ... 7 more ...; nistCsf?: string[] | undefined; }, any, { ...; }>'.
        Type 'ResolverResult<{ name: string; description: string; controlId: string; controlType: "preventive" | "detective" | "corrective"; controlCategory: "technical" | "administrative" | "physical"; ... 8 more ...; nistCsf?: string[] | undefined; }, TFieldValues> | Promise<...>' is not assignable to type 'ResolverResult<{ name: string; description: string; controlId: string; controlType: "preventive" | "detective" | "corrective"; controlCategory: "technical" | "administrative" | "physical"; ... 8 more ...; nistCsf?: string[] | undefined; }, { ...; }> | Promise<...>'.
          Type 'ResolverSuccess<TFieldValues>' is not assignable to type 'ResolverResult<{ name: string; description: string; controlId: string; controlType: "preventive" | "detective" | "corrective"; controlCategory: "technical" | "administrative" | "physical"; ... 8 more ...; nistCsf?: string[] | undefined; }, { ...; }> | Promise<...>'.
            Type 'ResolverSuccess<TFieldValues>' is not assignable to type 'ResolverSuccess<{ name: string; description: string; controlId: string; controlType: "preventive" | "detective" | "corrective"; controlCategory: "technical" | "administrative" | "physical"; implementationStatus: "not_implemented" | ... 2 more ... | "planned"; ... 7 more ...; nistCsf?: string[] | undefined; }>'.
              Type 'TFieldValues' is not assignable to type '{ name: string; description: string; controlId: string; controlType: "preventive" | "detective" | "corrective"; controlCategory: "technical" | "administrative" | "physical"; implementationStatus: "not_implemented" | ... 2 more ... | "planned"; ... 7 more ...; nistCsf?: string[] | undefined; }'.
                Type 'FieldValues' is missing the following properties from type '{ name: string; description: string; controlId: string; controlType: "preventive" | "detective" | "corrective"; controlCategory: "technical" | "administrative" | "physical"; implementationStatus: "not_implemented" | ... 2 more ... | "planned"; ... 7 more ...; nistCsf?: string[] | undefined; }': name, description, controlId, controlType, and 4 more.
client/src/pages/ControlLibrary.tsx(1287,17): error TS2322: Type 'Control<{ name: string; description: string; controlId: string; controlType: "preventive" | "detective" | "corrective"; controlCategory: "technical" | "administrative" | "physical"; implementationStatus: "not_implemented" | ... 2 more ... | "planned"; ... 7 more ...; nistCsf?: string[] | undefined; }, any, TFieldVal...' is not assignable to type 'Control<{ name: string; description: string; controlId: string; controlType: "preventive" | "detective" | "corrective"; controlCategory: "technical" | "administrative" | "physical"; implementationStatus: "not_implemented" | ... 2 more ... | "planned"; ... 7 more ...; nistCsf?: string[] | undefined; }, any, { ...; }>'.
  The types of '_options.resolver' are incompatible between these types.
    Type 'Resolver<{ name: string; description: string; controlId: string; controlType: "preventive" | "detective" | "corrective"; controlCategory: "technical" | "administrative" | "physical"; ... 8 more ...; nistCsf?: string[] | undefined; }, any, TFieldValues> | undefined' is not assignable to type 'Resolver<{ name: string; description: string; controlId: string; controlType: "preventive" | "detective" | "corrective"; controlCategory: "technical" | "administrative" | "physical"; ... 8 more ...; nistCsf?: string[] | undefined; }, any, { ...; }> | undefined'.
      Type 'Resolver<{ name: string; description: string; controlId: string; controlType: "preventive" | "detective" | "corrective"; controlCategory: "technical" | "administrative" | "physical"; implementationStatus: "not_implemented" | ... 2 more ... | "planned"; ... 7 more ...; nistCsf?: string[] | undefined; }, any, TFieldVa...' is not assignable to type 'Resolver<{ name: string; description: string; controlId: string; controlType: "preventive" | "detective" | "corrective"; controlCategory: "technical" | "administrative" | "physical"; implementationStatus: "not_implemented" | ... 2 more ... | "planned"; ... 7 more ...; nistCsf?: string[] | undefined; }, any, { ...; }>'.
        Type 'ResolverResult<{ name: string; description: string; controlId: string; controlType: "preventive" | "detective" | "corrective"; controlCategory: "technical" | "administrative" | "physical"; ... 8 more ...; nistCsf?: string[] | undefined; }, TFieldValues> | Promise<...>' is not assignable to type 'ResolverResult<{ name: string; description: string; controlId: string; controlType: "preventive" | "detective" | "corrective"; controlCategory: "technical" | "administrative" | "physical"; ... 8 more ...; nistCsf?: string[] | undefined; }, { ...; }> | Promise<...>'.
          Type 'ResolverSuccess<TFieldValues>' is not assignable to type 'ResolverResult<{ name: string; description: string; controlId: string; controlType: "preventive" | "detective" | "corrective"; controlCategory: "technical" | "administrative" | "physical"; ... 8 more ...; nistCsf?: string[] | undefined; }, { ...; }> | Promise<...>'.
            Type 'ResolverSuccess<TFieldValues>' is not assignable to type 'ResolverSuccess<{ name: string; description: string; controlId: string; controlType: "preventive" | "detective" | "corrective"; controlCategory: "technical" | "administrative" | "physical"; implementationStatus: "not_implemented" | ... 2 more ... | "planned"; ... 7 more ...; nistCsf?: string[] | undefined; }>'.
              Type 'TFieldValues' is not assignable to type '{ name: string; description: string; controlId: string; controlType: "preventive" | "detective" | "corrective"; controlCategory: "technical" | "administrative" | "physical"; implementationStatus: "not_implemented" | ... 2 more ... | "planned"; ... 7 more ...; nistCsf?: string[] | undefined; }'.
                Type 'FieldValues' is missing the following properties from type '{ name: string; description: string; controlId: string; controlType: "preventive" | "detective" | "corrective"; controlCategory: "technical" | "administrative" | "physical"; implementationStatus: "not_implemented" | ... 2 more ... | "planned"; ... 7 more ...; nistCsf?: string[] | undefined; }': name, description, controlId, controlType, and 4 more.
client/src/pages/CostModuleDetail.tsx(59,33): error TS2339: Property 'data' does not exist on type '{}'.
client/src/pages/CostModuleDetail.tsx(93,49): error TS2339: Property 'data' does not exist on type '{}'.
client/src/pages/LegalEntityPage.tsx(86,5): error TS2322: Type 'Resolver<{ entityId: string; name: string; description?: string | undefined; parentEntityId?: string | undefined; }, any, { entityId: string; description: string; parentEntityId: string; name: string; }>' is not assignable to type 'Resolver<{ entityId: string; description: string; parentEntityId: string; name: string; }, any, { entityId: string; description: string; parentEntityId: string; name: string; }>'.
  Types of parameters 'options' and 'options' are incompatible.
    Type 'ResolverOptions<{ entityId: string; description: string; parentEntityId: string; name: string; }>' is not assignable to type 'ResolverOptions<{ entityId: string; name: string; description?: string | undefined; parentEntityId?: string | undefined; }>'.
      Type 'string | undefined' is not assignable to type 'string'.
        Type 'undefined' is not assignable to type 'string'.
client/src/pages/LegalEntityPage.tsx(452,47): error TS2345: Argument of type '(data: LegalEntityFormData) => void' is not assignable to parameter of type 'SubmitHandler<TFieldValues>'.
  Types of parameters 'data' and 'data' are incompatible.
    Type 'TFieldValues' is not assignable to type '{ entityId: string; description: string; parentEntityId: string; name: string; }'.
      Type 'FieldValues' is missing the following properties from type '{ entityId: string; description: string; parentEntityId: string; name: string; }': entityId, description, parentEntityId, name
client/src/pages/LegalEntityPage.tsx(454,17): error TS2322: Type 'Control<{ entityId: string; description: string; parentEntityId: string; name: string; }, any, TFieldValues>' is not assignable to type 'Control<{ entityId: string; description: string; parentEntityId: string; name: string; }, any, { entityId: string; description: string; parentEntityId: string; name: string; }>'.
  The types of '_options.resolver' are incompatible between these types.
    Type 'Resolver<{ entityId: string; description: string; parentEntityId: string; name: string; }, any, TFieldValues> | undefined' is not assignable to type 'Resolver<{ entityId: string; description: string; parentEntityId: string; name: string; }, any, { entityId: string; description: string; parentEntityId: string; name: string; }> | undefined'.
      Type 'Resolver<{ entityId: string; description: string; parentEntityId: string; name: string; }, any, TFieldValues>' is not assignable to type 'Resolver<{ entityId: string; description: string; parentEntityId: string; name: string; }, any, { entityId: string; description: string; parentEntityId: string; name: string; }>'.
        Type 'ResolverResult<{ entityId: string; description: string; parentEntityId: string; name: string; }, TFieldValues> | Promise<ResolverResult<{ entityId: string; description: string; parentEntityId: string; name: string; }, TFieldValues>>' is not assignable to type 'ResolverResult<{ entityId: string; description: string; parentEntityId: string; name: string; }, { entityId: string; description: string; parentEntityId: string; name: string; }> | Promise<...>'.
          Type 'ResolverSuccess<TFieldValues>' is not assignable to type 'ResolverResult<{ entityId: string; description: string; parentEntityId: string; name: string; }, { entityId: string; description: string; parentEntityId: string; name: string; }> | Promise<...>'.
            Type 'ResolverSuccess<TFieldValues>' is not assignable to type 'ResolverSuccess<{ entityId: string; description: string; parentEntityId: string; name: string; }>'.
              Type 'TFieldValues' is not assignable to type '{ entityId: string; description: string; parentEntityId: string; name: string; }'.
                Type 'FieldValues' is missing the following properties from type '{ entityId: string; description: string; parentEntityId: string; name: string; }': entityId, description, parentEntityId, name
client/src/pages/LegalEntityPage.tsx(472,17): error TS2322: Type 'Control<{ entityId: string; description: string; parentEntityId: string; name: string; }, any, TFieldValues>' is not assignable to type 'Control<{ entityId: string; description: string; parentEntityId: string; name: string; }, any, { entityId: string; description: string; parentEntityId: string; name: string; }>'.
  The types of '_options.resolver' are incompatible between these types.
    Type 'Resolver<{ entityId: string; description: string; parentEntityId: string; name: string; }, any, TFieldValues> | undefined' is not assignable to type 'Resolver<{ entityId: string; description: string; parentEntityId: string; name: string; }, any, { entityId: string; description: string; parentEntityId: string; name: string; }> | undefined'.
      Type 'Resolver<{ entityId: string; description: string; parentEntityId: string; name: string; }, any, TFieldValues>' is not assignable to type 'Resolver<{ entityId: string; description: string; parentEntityId: string; name: string; }, any, { entityId: string; description: string; parentEntityId: string; name: string; }>'.
        Type 'ResolverResult<{ entityId: string; description: string; parentEntityId: string; name: string; }, TFieldValues> | Promise<ResolverResult<{ entityId: string; description: string; parentEntityId: string; name: string; }, TFieldValues>>' is not assignable to type 'ResolverResult<{ entityId: string; description: string; parentEntityId: string; name: string; }, { entityId: string; description: string; parentEntityId: string; name: string; }> | Promise<...>'.
          Type 'ResolverSuccess<TFieldValues>' is not assignable to type 'ResolverResult<{ entityId: string; description: string; parentEntityId: string; name: string; }, { entityId: string; description: string; parentEntityId: string; name: string; }> | Promise<...>'.
            Type 'ResolverSuccess<TFieldValues>' is not assignable to type 'ResolverSuccess<{ entityId: string; description: string; parentEntityId: string; name: string; }>'.
              Type 'TFieldValues' is not assignable to type '{ entityId: string; description: string; parentEntityId: string; name: string; }'.
                Type 'FieldValues' is missing the following properties from type '{ entityId: string; description: string; parentEntityId: string; name: string; }': entityId, description, parentEntityId, name
client/src/pages/LegalEntityPage.tsx(485,17): error TS2322: Type 'Control<{ entityId: string; description: string; parentEntityId: string; name: string; }, any, TFieldValues>' is not assignable to type 'Control<{ entityId: string; description: string; parentEntityId: string; name: string; }, any, { entityId: string; description: string; parentEntityId: string; name: string; }>'.
  The types of '_options.resolver' are incompatible between these types.
    Type 'Resolver<{ entityId: string; description: string; parentEntityId: string; name: string; }, any, TFieldValues> | undefined' is not assignable to type 'Resolver<{ entityId: string; description: string; parentEntityId: string; name: string; }, any, { entityId: string; description: string; parentEntityId: string; name: string; }> | undefined'.
      Type 'Resolver<{ entityId: string; description: string; parentEntityId: string; name: string; }, any, TFieldValues>' is not assignable to type 'Resolver<{ entityId: string; description: string; parentEntityId: string; name: string; }, any, { entityId: string; description: string; parentEntityId: string; name: string; }>'.
        Type 'ResolverResult<{ entityId: string; description: string; parentEntityId: string; name: string; }, TFieldValues> | Promise<ResolverResult<{ entityId: string; description: string; parentEntityId: string; name: string; }, TFieldValues>>' is not assignable to type 'ResolverResult<{ entityId: string; description: string; parentEntityId: string; name: string; }, { entityId: string; description: string; parentEntityId: string; name: string; }> | Promise<...>'.
          Type 'ResolverSuccess<TFieldValues>' is not assignable to type 'ResolverResult<{ entityId: string; description: string; parentEntityId: string; name: string; }, { entityId: string; description: string; parentEntityId: string; name: string; }> | Promise<...>'.
            Type 'ResolverSuccess<TFieldValues>' is not assignable to type 'ResolverSuccess<{ entityId: string; description: string; parentEntityId: string; name: string; }>'.
              Type 'TFieldValues' is not assignable to type '{ entityId: string; description: string; parentEntityId: string; name: string; }'.
                Type 'FieldValues' is missing the following properties from type '{ entityId: string; description: string; parentEntityId: string; name: string; }': entityId, description, parentEntityId, name
client/src/pages/LegalEntityPage.tsx(503,17): error TS2322: Type 'Control<{ entityId: string; description: string; parentEntityId: string; name: string; }, any, TFieldValues>' is not assignable to type 'Control<{ entityId: string; description: string; parentEntityId: string; name: string; }, any, { entityId: string; description: string; parentEntityId: string; name: string; }>'.
  The types of '_options.resolver' are incompatible between these types.
    Type 'Resolver<{ entityId: string; description: string; parentEntityId: string; name: string; }, any, TFieldValues> | undefined' is not assignable to type 'Resolver<{ entityId: string; description: string; parentEntityId: string; name: string; }, any, { entityId: string; description: string; parentEntityId: string; name: string; }> | undefined'.
      Type 'Resolver<{ entityId: string; description: string; parentEntityId: string; name: string; }, any, TFieldValues>' is not assignable to type 'Resolver<{ entityId: string; description: string; parentEntityId: string; name: string; }, any, { entityId: string; description: string; parentEntityId: string; name: string; }>'.
        Type 'ResolverResult<{ entityId: string; description: string; parentEntityId: string; name: string; }, TFieldValues> | Promise<ResolverResult<{ entityId: string; description: string; parentEntityId: string; name: string; }, TFieldValues>>' is not assignable to type 'ResolverResult<{ entityId: string; description: string; parentEntityId: string; name: string; }, { entityId: string; description: string; parentEntityId: string; name: string; }> | Promise<...>'.
          Type 'ResolverSuccess<TFieldValues>' is not assignable to type 'ResolverResult<{ entityId: string; description: string; parentEntityId: string; name: string; }, { entityId: string; description: string; parentEntityId: string; name: string; }> | Promise<...>'.
            Type 'ResolverSuccess<TFieldValues>' is not assignable to type 'ResolverSuccess<{ entityId: string; description: string; parentEntityId: string; name: string; }>'.
              Type 'TFieldValues' is not assignable to type '{ entityId: string; description: string; parentEntityId: string; name: string; }'.
                Type 'FieldValues' is missing the following properties from type '{ entityId: string; description: string; parentEntityId: string; name: string; }': entityId, description, parentEntityId, name
client/src/pages/RiskCostMappingPage.tsx(50,36): error TS2339: Property 'data' does not exist on type '{}'.
client/src/pages/RiskCostMappingPage.tsx(60,33): error TS2339: Property 'data' does not exist on type '{}'.
client/src/pages/RiskCostMappingPage.tsx(61,60): error TS2339: Property 'data' does not exist on type '{}'.
client/src/pages/RiskCostMappingPage.tsx(65,59): error TS2339: Property 'data' does not exist on type '{}'.
client/src/pages/RiskCostMappingPage.tsx(66,49): error TS2339: Property 'data' does not exist on type '{}'.
client/src/pages/RiskCostMappingPage.tsx(67,35): error TS2339: Property 'data' does not exist on type '{}'.
client/src/pages/RiskCostMappingPage.tsx(253,29): error TS2322: Type '({ x, y, width, height, name, size }: TreemapNode) => Element | null' is not assignable to type 'TreemapContentType'.
  Type '({ x, y, width, height, name, size }: TreemapNode) => Element | null' is not assignable to type '(props: TreemapNode) => ReactElement<any, string | JSXElementConstructor<any>>'.
    Type 'Element | null' is not assignable to type 'ReactElement<any, string | JSXElementConstructor<any>>'.
      Type 'null' is not assignable to type 'ReactElement<any, string | JSXElementConstructor<any>>'.
client/src/pages/RiskDetailPage.tsx(46,18): error TS2339: Property 'data' does not exist on type '{}'.
client/src/pages/RiskDetailPage.tsx(53,83): error TS2339: Property 'data' does not exist on type '{}'.
client/src/pages/RiskDetailPage.tsx(98,24): error TS2339: Property 'data' does not exist on type '{}'.
client/src/pages/RiskDetailPage.tsx(98,60): error TS2339: Property 'data' does not exist on type '{}'.
client/src/pages/RiskDetailPage.tsx(100,32): error TS2339: Property 'data' does not exist on type '{}'.
client/src/pages/RiskDetailPage.tsx(119,32): error TS2345: Argument of type 'string | undefined' is not assignable to parameter of type 'string'.
  Type 'undefined' is not assignable to type 'string'.
client/src/pages/RiskDetailPage.tsx(165,67): error TS2339: Property 'isPerAgentPricing' does not exist on type '{ id: number; name: string; description: string | null; createdAt: Date; updatedAt: Date; libraryItemId: number | null; controlId: string; controlType: "preventive" | "detective" | "corrective"; ... 11 more ...; cisMappings: unknown; }'.
client/src/pages/RiskDetailPage.tsx(166,61): error TS2339: Property 'deployedAgentCount' does not exist on type '{ id: number; name: string; description: string | null; createdAt: Date; updatedAt: Date; libraryItemId: number | null; controlId: string; controlType: "preventive" | "detective" | "corrective"; ... 11 more ...; cisMappings: unknown; }'.
client/src/pages/RiskDetailPage.tsx(170,73): error TS2339: Property 'isPerAgentPricing' does not exist on type '{ id: number; name: string; description: string | null; createdAt: Date; updatedAt: Date; libraryItemId: number | null; controlId: string; controlType: "preventive" | "detective" | "corrective"; ... 11 more ...; cisMappings: unknown; }'.
client/src/pages/RiskDetailPage.tsx(287,25): error TS2322: Type '{ severity: "low" | "medium" | "high" | "critical"; id: number; name: string; description: string; createdAt: Date; updatedAt: Date; riskId: string; riskCategory: "operational" | "strategic" | "compliance" | "financial"; ... 4 more ...; libraryItemId: number | null; }' is not assignable to type 'RiskWithParams'.
  Type '{ severity: "low" | "medium" | "high" | "critical"; id: number; name: string; description: string; createdAt: Date; updatedAt: Date; riskId: string; riskCategory: "operational" | "strategic" | "compliance" | "financial"; ... 4 more ...; libraryItemId: number | null; }' is not assignable to type 'Partial<RiskCalculationParams>'.
    Types of property 'inherentRisk' are incompatible.
      Type 'string | null' is not assignable to type 'number | undefined'.
        Type 'null' is not assignable to type 'number | undefined'.
client/src/pages/RiskDetailPage.tsx(298,46): error TS2339: Property 'threatCommunity' does not exist on type '{ severity: "low" | "medium" | "high" | "critical"; id: number; name: string; description: string; createdAt: Date; updatedAt: Date; riskId: string; riskCategory: "operational" | "strategic" | "compliance" | "financial"; ... 4 more ...; libraryItemId: number | null; }'.
client/src/pages/RiskDetailPage.tsx(302,46): error TS2339: Property 'vulnerability' does not exist on type '{ severity: "low" | "medium" | "high" | "critical"; id: number; name: string; description: string; createdAt: Date; updatedAt: Date; riskId: string; riskCategory: "operational" | "strategic" | "compliance" | "financial"; ... 4 more ...; libraryItemId: number | null; }'.
client/src/pages/RiskDetailPage.tsx(313,14): error TS18048: 'risk.associatedAssets.length' is possibly 'undefined'.
client/src/pages/RiskDetailPage.tsx(315,18): error TS18047: 'risk.associatedAssets' is possibly 'null'.
client/src/pages/RiskDetailPage.tsx(429,34): error TS2339: Property 'isPerAgentPricing' does not exist on type '{ id: number; name: string; description: string | null; createdAt: Date; updatedAt: Date; libraryItemId: number | null; controlId: string; controlType: "preventive" | "detective" | "corrective"; ... 11 more ...; cisMappings: unknown; }'.
client/src/pages/RiskDetailPage.tsx(448,40): error TS2339: Property 'deployedAgentCount' does not exist on type '{ id: number; name: string; description: string | null; createdAt: Date; updatedAt: Date; libraryItemId: number | null; controlId: string; controlType: "preventive" | "detective" | "corrective"; ... 11 more ...; cisMappings: unknown; }'.
client/src/pages/RiskDetailPage.tsx(453,44): error TS2339: Property 'deployedAgentCount' does not exist on type '{ id: number; name: string; description: string | null; createdAt: Date; updatedAt: Date; libraryItemId: number | null; controlId: string; controlType: "preventive" | "detective" | "corrective"; ... 11 more ...; cisMappings: unknown; }'.
client/src/pages/RiskDetailPage.tsx(459,47): error TS2339: Property 'deployedAgentCount' does not exist on type '{ id: number; name: string; description: string | null; createdAt: Date; updatedAt: Date; libraryItemId: number | null; controlId: string; controlType: "preventive" | "detective" | "corrective"; ... 11 more ...; cisMappings: unknown; }'.
client/src/pages/RiskDetailPage.tsx(465,39): error TS2339: Property 'deployedAgentCount' does not exist on type '{ id: number; name: string; description: string | null; createdAt: Date; updatedAt: Date; libraryItemId: number | null; controlId: string; controlType: "preventive" | "detective" | "corrective"; ... 11 more ...; cisMappings: unknown; }'.
client/src/pages/RiskDetailPage.tsx(525,13): error TS2322: Type '{ severity: "low" | "medium" | "high" | "critical"; id: number; name: string; description: string; createdAt: Date; updatedAt: Date; riskId: string; riskCategory: "operational" | "strategic" | "compliance" | "financial"; ... 4 more ...; libraryItemId: number | null; }' is not assignable to type 'RiskWithParams'.
  Type '{ severity: "low" | "medium" | "high" | "critical"; id: number; name: string; description: string; createdAt: Date; updatedAt: Date; riskId: string; riskCategory: "operational" | "strategic" | "compliance" | "financial"; ... 4 more ...; libraryItemId: number | null; }' is not assignable to type 'Partial<RiskCalculationParams>'.
    Types of property 'inherentRisk' are incompatible.
      Type 'string | null' is not assignable to type 'number | undefined'.
        Type 'null' is not assignable to type 'number | undefined'.
client/src/pages/RiskLibrary.tsx(157,28): error TS2339: Property 'data' does not exist on type '{}'.
client/src/pages/RiskLibrary.tsx(157,51): error TS2339: Property 'data' does not exist on type '{}'.
client/src/pages/RiskLibrary.tsx(421,21): error TS2322: Type '{ severity: "low" | "medium" | "high" | "critical"; id: number; name: string; description: string; createdAt: Date; updatedAt: Date; riskId: string; riskCategory: "operational" | "strategic" | "compliance" | "financial"; ... 4 more ...; libraryItemId: number | null; } | null' is not assignable to type 'RiskWithParams | null'.
  Type '{ severity: "low" | "medium" | "high" | "critical"; id: number; name: string; description: string; createdAt: Date; updatedAt: Date; riskId: string; riskCategory: "operational" | "strategic" | "compliance" | "financial"; ... 4 more ...; libraryItemId: number | null; }' is not assignable to type 'RiskWithParams'.
    Type '{ severity: "low" | "medium" | "high" | "critical"; id: number; name: string; description: string; createdAt: Date; updatedAt: Date; riskId: string; riskCategory: "operational" | "strategic" | "compliance" | "financial"; ... 4 more ...; libraryItemId: number | null; }' is not assignable to type 'Partial<RiskCalculationParams>'.
      Types of property 'inherentRisk' are incompatible.
        Type 'string | null' is not assignable to type 'number | undefined'.
          Type 'null' is not assignable to type 'number | undefined'.
client/src/pages/Vulnerabilities.tsx(46,36): error TS2339: Property 'data' does not exist on type '{}'.
client/src/pages/Vulnerabilities.tsx(56,34): error TS2339: Property 'data' does not exist on type '{}'.
client/src/pages/VulnerabilityDetails.tsx(59,23): error TS2339: Property 'data' does not exist on type '{}'.
client/src/pages/VulnerabilityDetails.tsx(73,30): error TS2339: Property 'data' does not exist on type '{}'.
client/src/pages/VulnerabilityDetails.tsx(74,34): error TS2339: Property 'data' does not exist on type '{}'.
client/src/pages/VulnerabilityImport.tsx(73,30): error TS2339: Property 'data' does not exist on type '{}'.
client/src/pages/admin.tsx(291,5): error TS2769: No overload matches this call.
  Overload 1 of 3, '(options: DefinedInitialDataOptions<{ success: boolean; users: User[]; }, Error, { success: boolean; users: User[]; }, readonly unknown[]>, queryClient?: QueryClient | undefined): DefinedUseQueryResult<...>', gave the following error.
    Object literal may only specify known properties, and 'cacheTime' does not exist in type 'DefinedInitialDataOptions<{ success: boolean; users: User[]; }, Error, { success: boolean; users: User[]; }, readonly unknown[]>'.
  Overload 2 of 3, '(options: UndefinedInitialDataOptions<{ success: boolean; users: User[]; }, Error, { success: boolean; users: User[]; }, readonly unknown[]>, queryClient?: QueryClient | undefined): UseQueryResult<...>', gave the following error.
    Object literal may only specify known properties, and 'cacheTime' does not exist in type 'UndefinedInitialDataOptions<{ success: boolean; users: User[]; }, Error, { success: boolean; users: User[]; }, readonly unknown[]>'.
  Overload 3 of 3, '(options: UseQueryOptions<{ success: boolean; users: User[]; }, Error, { success: boolean; users: User[]; }, readonly unknown[]>, queryClient?: QueryClient | undefined): UseQueryResult<...>', gave the following error.
    Object literal may only specify known properties, and 'cacheTime' does not exist in type 'UseQueryOptions<{ success: boolean; users: User[]; }, Error, { success: boolean; users: User[]; }, readonly unknown[]>'.
client/src/pages/admin.tsx(417,15): error TS2339: Property 'users' does not exist on type 'NonNullable<NoInfer<TQueryFnData>>'.
client/src/pages/admin.tsx(417,30): error TS2339: Property 'users' does not exist on type 'NonNullable<NoInfer<TQueryFnData>>'.
client/src/pages/admin.tsx(432,55): error TS2339: Property 'users' does not exist on type 'NonNullable<NoInfer<TQueryFnData>>'.
client/src/pages/admin.tsx(452,22): error TS2339: Property 'users' does not exist on type 'NonNullable<NoInfer<TQueryFnData>>'.
client/src/pages/admin.tsx(452,33): error TS7006: Parameter 'user' implicitly has an 'any' type.
client/src/pages/admin.tsx(568,45): error TS2339: Property 'data' does not exist on type '{}'.
client/src/pages/admin.tsx(568,58): error TS2339: Property 'data' does not exist on type '{}'.
client/src/pages/asset-detail.tsx(70,69): error TS2339: Property 'data' does not exist on type 'never'.
client/src/pages/asset-detail.tsx(71,24): error TS7006: Parameter 'a' implicitly has an 'any' type.
client/src/pages/asset-detail.tsx(91,28): error TS2339: Property 'data' does not exist on type '{}'.
client/src/pages/asset-detail.tsx(93,25): error TS7006: Parameter 'risk' implicitly has an 'any' type.
client/src/pages/asset-detail.tsx(333,36): error TS7006: Parameter 'risk' implicitly has an 'any' type.
client/src/pages/asset-hierarchy.tsx(76,5): error TS2322: Type 'Resolver<{ name: string; type: "application_service" | "technical_component" | "strategic_capability" | "value_capability" | "business_service" | "product_service"; assetId?: string | undefined; ... 11 more ...; businessUnit?: string | undefined; }, any, { ...; }>' is not assignable to type 'Resolver<{ name: string; type: "application_service" | "technical_component" | "strategic_capability" | "value_capability" | "business_service" | "product_service"; status: string; owner: string; ... 10 more ...; architectureDomain?: string | undefined; }, any, { ...; }>'.
  Types of parameters 'options' and 'options' are incompatible.
    Type 'ResolverOptions<{ name: string; type: "application_service" | "technical_component" | "strategic_capability" | "value_capability" | "business_service" | "product_service"; status: string; owner: string; ... 10 more ...; architectureDomain?: string | undefined; }>' is not assignable to type 'ResolverOptions<{ name: string; type: "application_service" | "technical_component" | "strategic_capability" | "value_capability" | "business_service" | "product_service"; assetId?: string | undefined; ... 11 more ...; businessUnit?: string | undefined; }>'.
      Type 'string | undefined' is not assignable to type 'string'.
        Type 'undefined' is not assignable to type 'string'.
client/src/pages/asset-hierarchy.tsx(164,44): error TS2551: Property 'architectureDomain' does not exist on type '{ hierarchy_level: string | null; currency: "USD" | "EUR"; id: number; assetId: string; name: string; type: "data" | "application" | "device" | "system" | "network" | "facility" | "personnel" | "other" | "application_service" | "technical_component"; ... 18 more ...; lastBackstageSync: Date | null; }'. Did you mean 'architecture_domain'?
client/src/pages/asset-hierarchy.tsx(222,41): error TS2345: Argument of type '(values: AssetHierarchyFormValues) => void' is not assignable to parameter of type 'SubmitHandler<TFieldValues>'.
  Types of parameters 'values' and 'data' are incompatible.
    Type 'TFieldValues' is not assignable to type '{ name: string; type: "application_service" | "technical_component" | "strategic_capability" | "value_capability" | "business_service" | "product_service"; status: string; owner: string; ... 10 more ...; architectureDomain?: string | undefined; }'.
      Type 'FieldValues' is missing the following properties from type '{ name: string; type: "application_service" | "technical_component" | "strategic_capability" | "value_capability" | "business_service" | "product_service"; status: string; owner: string; ... 10 more ...; architectureDomain?: string | undefined; }': name, type, status, owner, and 7 more.
client/src/pages/asset-hierarchy.tsx(237,13): error TS2322: Type 'Control<{ name: string; type: "application_service" | "technical_component" | "strategic_capability" | "value_capability" | "business_service" | "product_service"; status: string; owner: string; ... 10 more ...; architectureDomain?: string | undefined; }, any, TFieldValues>' is not assignable to type 'Control<{ name: string; type: "application_service" | "technical_component" | "strategic_capability" | "value_capability" | "business_service" | "product_service"; status: string; owner: string; ... 10 more ...; architectureDomain?: string | undefined; }, any, { ...; }>'.
  The types of '_options.resolver' are incompatible between these types.
    Type 'Resolver<{ name: string; type: "application_service" | "technical_component" | "strategic_capability" | "value_capability" | "business_service" | "product_service"; status: string; ... 11 more ...; architectureDomain?: string | undefined; }, any, TFieldValues> | undefined' is not assignable to type 'Resolver<{ name: string; type: "application_service" | "technical_component" | "strategic_capability" | "value_capability" | "business_service" | "product_service"; status: string; ... 11 more ...; architectureDomain?: string | undefined; }, any, { ...; }> | undefined'.
      Type 'Resolver<{ name: string; type: "application_service" | "technical_component" | "strategic_capability" | "value_capability" | "business_service" | "product_service"; status: string; owner: string; ... 10 more ...; architectureDomain?: string | undefined; }, any, TFieldValues>' is not assignable to type 'Resolver<{ name: string; type: "application_service" | "technical_component" | "strategic_capability" | "value_capability" | "business_service" | "product_service"; status: string; owner: string; ... 10 more ...; architectureDomain?: string | undefined; }, any, { ...; }>'.
        Type 'ResolverResult<{ name: string; type: "application_service" | "technical_component" | "strategic_capability" | "value_capability" | "business_service" | "product_service"; status: string; ... 11 more ...; architectureDomain?: string | undefined; }, TFieldValues> | Promise<...>' is not assignable to type 'ResolverResult<{ name: string; type: "application_service" | "technical_component" | "strategic_capability" | "value_capability" | "business_service" | "product_service"; status: string; ... 11 more ...; architectureDomain?: string | undefined; }, { ...; }> | Promise<...>'.
          Type 'ResolverSuccess<TFieldValues>' is not assignable to type 'ResolverResult<{ name: string; type: "application_service" | "technical_component" | "strategic_capability" | "value_capability" | "business_service" | "product_service"; status: string; ... 11 more ...; architectureDomain?: string | undefined; }, { ...; }> | Promise<...>'.
            Type 'ResolverSuccess<TFieldValues>' is not assignable to type 'ResolverSuccess<{ name: string; type: "application_service" | "technical_component" | "strategic_capability" | "value_capability" | "business_service" | "product_service"; status: string; owner: string; ... 10 more ...; architectureDomain?: string | undefined; }>'.
              Type 'TFieldValues' is not assignable to type '{ name: string; type: "application_service" | "technical_component" | "strategic_capability" | "value_capability" | "business_service" | "product_service"; status: string; owner: string; ... 10 more ...; architectureDomain?: string | undefined; }'.
                Type 'FieldValues' is missing the following properties from type '{ name: string; type: "application_service" | "technical_component" | "strategic_capability" | "value_capability" | "business_service" | "product_service"; status: string; owner: string; ... 10 more ...; architectureDomain?: string | undefined; }': name, type, status, owner, and 7 more.
client/src/pages/asset-hierarchy.tsx(273,13): error TS2322: Type 'Control<{ name: string; type: "application_service" | "technical_component" | "strategic_capability" | "value_capability" | "business_service" | "product_service"; status: string; owner: string; ... 10 more ...; architectureDomain?: string | undefined; }, any, TFieldValues>' is not assignable to type 'Control<{ name: string; type: "application_service" | "technical_component" | "strategic_capability" | "value_capability" | "business_service" | "product_service"; status: string; owner: string; ... 10 more ...; architectureDomain?: string | undefined; }, any, { ...; }>'.
  The types of '_options.resolver' are incompatible between these types.
    Type 'Resolver<{ name: string; type: "application_service" | "technical_component" | "strategic_capability" | "value_capability" | "business_service" | "product_service"; status: string; ... 11 more ...; architectureDomain?: string | undefined; }, any, TFieldValues> | undefined' is not assignable to type 'Resolver<{ name: string; type: "application_service" | "technical_component" | "strategic_capability" | "value_capability" | "business_service" | "product_service"; status: string; ... 11 more ...; architectureDomain?: string | undefined; }, any, { ...; }> | undefined'.
      Type 'Resolver<{ name: string; type: "application_service" | "technical_component" | "strategic_capability" | "value_capability" | "business_service" | "product_service"; status: string; owner: string; ... 10 more ...; architectureDomain?: string | undefined; }, any, TFieldValues>' is not assignable to type 'Resolver<{ name: string; type: "application_service" | "technical_component" | "strategic_capability" | "value_capability" | "business_service" | "product_service"; status: string; owner: string; ... 10 more ...; architectureDomain?: string | undefined; }, any, { ...; }>'.
        Type 'ResolverResult<{ name: string; type: "application_service" | "technical_component" | "strategic_capability" | "value_capability" | "business_service" | "product_service"; status: string; ... 11 more ...; architectureDomain?: string | undefined; }, TFieldValues> | Promise<...>' is not assignable to type 'ResolverResult<{ name: string; type: "application_service" | "technical_component" | "strategic_capability" | "value_capability" | "business_service" | "product_service"; status: string; ... 11 more ...; architectureDomain?: string | undefined; }, { ...; }> | Promise<...>'.
          Type 'ResolverSuccess<TFieldValues>' is not assignable to type 'ResolverResult<{ name: string; type: "application_service" | "technical_component" | "strategic_capability" | "value_capability" | "business_service" | "product_service"; status: string; ... 11 more ...; architectureDomain?: string | undefined; }, { ...; }> | Promise<...>'.
            Type 'ResolverSuccess<TFieldValues>' is not assignable to type 'ResolverSuccess<{ name: string; type: "application_service" | "technical_component" | "strategic_capability" | "value_capability" | "business_service" | "product_service"; status: string; owner: string; ... 10 more ...; architectureDomain?: string | undefined; }>'.
              Type 'TFieldValues' is not assignable to type '{ name: string; type: "application_service" | "technical_component" | "strategic_capability" | "value_capability" | "business_service" | "product_service"; status: string; owner: string; ... 10 more ...; architectureDomain?: string | undefined; }'.
                Type 'FieldValues' is missing the following properties from type '{ name: string; type: "application_service" | "technical_component" | "strategic_capability" | "value_capability" | "business_service" | "product_service"; status: string; owner: string; ... 10 more ...; architectureDomain?: string | undefined; }': name, type, status, owner, and 7 more.
client/src/pages/asset-hierarchy.tsx(287,13): error TS2322: Type 'Control<{ name: string; type: "application_service" | "technical_component" | "strategic_capability" | "value_capability" | "business_service" | "product_service"; status: string; owner: string; ... 10 more ...; architectureDomain?: string | undefined; }, any, TFieldValues>' is not assignable to type 'Control<{ name: string; type: "application_service" | "technical_component" | "strategic_capability" | "value_capability" | "business_service" | "product_service"; status: string; owner: string; ... 10 more ...; architectureDomain?: string | undefined; }, any, { ...; }>'.
  The types of '_options.resolver' are incompatible between these types.
    Type 'Resolver<{ name: string; type: "application_service" | "technical_component" | "strategic_capability" | "value_capability" | "business_service" | "product_service"; status: string; ... 11 more ...; architectureDomain?: string | undefined; }, any, TFieldValues> | undefined' is not assignable to type 'Resolver<{ name: string; type: "application_service" | "technical_component" | "strategic_capability" | "value_capability" | "business_service" | "product_service"; status: string; ... 11 more ...; architectureDomain?: string | undefined; }, any, { ...; }> | undefined'.
      Type 'Resolver<{ name: string; type: "application_service" | "technical_component" | "strategic_capability" | "value_capability" | "business_service" | "product_service"; status: string; owner: string; ... 10 more ...; architectureDomain?: string | undefined; }, any, TFieldValues>' is not assignable to type 'Resolver<{ name: string; type: "application_service" | "technical_component" | "strategic_capability" | "value_capability" | "business_service" | "product_service"; status: string; owner: string; ... 10 more ...; architectureDomain?: string | undefined; }, any, { ...; }>'.
        Type 'ResolverResult<{ name: string; type: "application_service" | "technical_component" | "strategic_capability" | "value_capability" | "business_service" | "product_service"; status: string; ... 11 more ...; architectureDomain?: string | undefined; }, TFieldValues> | Promise<...>' is not assignable to type 'ResolverResult<{ name: string; type: "application_service" | "technical_component" | "strategic_capability" | "value_capability" | "business_service" | "product_service"; status: string; ... 11 more ...; architectureDomain?: string | undefined; }, { ...; }> | Promise<...>'.
          Type 'ResolverSuccess<TFieldValues>' is not assignable to type 'ResolverResult<{ name: string; type: "application_service" | "technical_component" | "strategic_capability" | "value_capability" | "business_service" | "product_service"; status: string; ... 11 more ...; architectureDomain?: string | undefined; }, { ...; }> | Promise<...>'.
            Type 'ResolverSuccess<TFieldValues>' is not assignable to type 'ResolverSuccess<{ name: string; type: "application_service" | "technical_component" | "strategic_capability" | "value_capability" | "business_service" | "product_service"; status: string; owner: string; ... 10 more ...; architectureDomain?: string | undefined; }>'.
              Type 'TFieldValues' is not assignable to type '{ name: string; type: "application_service" | "technical_component" | "strategic_capability" | "value_capability" | "business_service" | "product_service"; status: string; owner: string; ... 10 more ...; architectureDomain?: string | undefined; }'.
                Type 'FieldValues' is missing the following properties from type '{ name: string; type: "application_service" | "technical_component" | "strategic_capability" | "value_capability" | "business_service" | "product_service"; status: string; owner: string; ... 10 more ...; architectureDomain?: string | undefined; }': name, type, status, owner, and 7 more.
client/src/pages/asset-hierarchy.tsx(306,13): error TS2322: Type 'Control<{ name: string; type: "application_service" | "technical_component" | "strategic_capability" | "value_capability" | "business_service" | "product_service"; status: string; owner: string; ... 10 more ...; architectureDomain?: string | undefined; }, any, TFieldValues>' is not assignable to type 'Control<{ name: string; type: "application_service" | "technical_component" | "strategic_capability" | "value_capability" | "business_service" | "product_service"; status: string; owner: string; ... 10 more ...; architectureDomain?: string | undefined; }, any, { ...; }>'.
  The types of '_options.resolver' are incompatible between these types.
    Type 'Resolver<{ name: string; type: "application_service" | "technical_component" | "strategic_capability" | "value_capability" | "business_service" | "product_service"; status: string; ... 11 more ...; architectureDomain?: string | undefined; }, any, TFieldValues> | undefined' is not assignable to type 'Resolver<{ name: string; type: "application_service" | "technical_component" | "strategic_capability" | "value_capability" | "business_service" | "product_service"; status: string; ... 11 more ...; architectureDomain?: string | undefined; }, any, { ...; }> | undefined'.
      Type 'Resolver<{ name: string; type: "application_service" | "technical_component" | "strategic_capability" | "value_capability" | "business_service" | "product_service"; status: string; owner: string; ... 10 more ...; architectureDomain?: string | undefined; }, any, TFieldValues>' is not assignable to type 'Resolver<{ name: string; type: "application_service" | "technical_component" | "strategic_capability" | "value_capability" | "business_service" | "product_service"; status: string; owner: string; ... 10 more ...; architectureDomain?: string | undefined; }, any, { ...; }>'.
        Type 'ResolverResult<{ name: string; type: "application_service" | "technical_component" | "strategic_capability" | "value_capability" | "business_service" | "product_service"; status: string; ... 11 more ...; architectureDomain?: string | undefined; }, TFieldValues> | Promise<...>' is not assignable to type 'ResolverResult<{ name: string; type: "application_service" | "technical_component" | "strategic_capability" | "value_capability" | "business_service" | "product_service"; status: string; ... 11 more ...; architectureDomain?: string | undefined; }, { ...; }> | Promise<...>'.
          Type 'ResolverSuccess<TFieldValues>' is not assignable to type 'ResolverResult<{ name: string; type: "application_service" | "technical_component" | "strategic_capability" | "value_capability" | "business_service" | "product_service"; status: string; ... 11 more ...; architectureDomain?: string | undefined; }, { ...; }> | Promise<...>'.
            Type 'ResolverSuccess<TFieldValues>' is not assignable to type 'ResolverSuccess<{ name: string; type: "application_service" | "technical_component" | "strategic_capability" | "value_capability" | "business_service" | "product_service"; status: string; owner: string; ... 10 more ...; architectureDomain?: string | undefined; }>'.
              Type 'TFieldValues' is not assignable to type '{ name: string; type: "application_service" | "technical_component" | "strategic_capability" | "value_capability" | "business_service" | "product_service"; status: string; owner: string; ... 10 more ...; architectureDomain?: string | undefined; }'.
                Type 'FieldValues' is missing the following properties from type '{ name: string; type: "application_service" | "technical_component" | "strategic_capability" | "value_capability" | "business_service" | "product_service"; status: string; owner: string; ... 10 more ...; architectureDomain?: string | undefined; }': name, type, status, owner, and 7 more.
client/src/pages/asset-hierarchy.tsx(324,15): error TS2322: Type 'Control<{ name: string; type: "application_service" | "technical_component" | "strategic_capability" | "value_capability" | "business_service" | "product_service"; status: string; owner: string; ... 10 more ...; architectureDomain?: string | undefined; }, any, TFieldValues>' is not assignable to type 'Control<{ name: string; type: "application_service" | "technical_component" | "strategic_capability" | "value_capability" | "business_service" | "product_service"; status: string; owner: string; ... 10 more ...; architectureDomain?: string | undefined; }, any, { ...; }>'.
  The types of '_options.resolver' are incompatible between these types.
    Type 'Resolver<{ name: string; type: "application_service" | "technical_component" | "strategic_capability" | "value_capability" | "business_service" | "product_service"; status: string; ... 11 more ...; architectureDomain?: string | undefined; }, any, TFieldValues> | undefined' is not assignable to type 'Resolver<{ name: string; type: "application_service" | "technical_component" | "strategic_capability" | "value_capability" | "business_service" | "product_service"; status: string; ... 11 more ...; architectureDomain?: string | undefined; }, any, { ...; }> | undefined'.
      Type 'Resolver<{ name: string; type: "application_service" | "technical_component" | "strategic_capability" | "value_capability" | "business_service" | "product_service"; status: string; owner: string; ... 10 more ...; architectureDomain?: string | undefined; }, any, TFieldValues>' is not assignable to type 'Resolver<{ name: string; type: "application_service" | "technical_component" | "strategic_capability" | "value_capability" | "business_service" | "product_service"; status: string; owner: string; ... 10 more ...; architectureDomain?: string | undefined; }, any, { ...; }>'.
        Type 'ResolverResult<{ name: string; type: "application_service" | "technical_component" | "strategic_capability" | "value_capability" | "business_service" | "product_service"; status: string; ... 11 more ...; architectureDomain?: string | undefined; }, TFieldValues> | Promise<...>' is not assignable to type 'ResolverResult<{ name: string; type: "application_service" | "technical_component" | "strategic_capability" | "value_capability" | "business_service" | "product_service"; status: string; ... 11 more ...; architectureDomain?: string | undefined; }, { ...; }> | Promise<...>'.
          Type 'ResolverSuccess<TFieldValues>' is not assignable to type 'ResolverResult<{ name: string; type: "application_service" | "technical_component" | "strategic_capability" | "value_capability" | "business_service" | "product_service"; status: string; ... 11 more ...; architectureDomain?: string | undefined; }, { ...; }> | Promise<...>'.
            Type 'ResolverSuccess<TFieldValues>' is not assignable to type 'ResolverSuccess<{ name: string; type: "application_service" | "technical_component" | "strategic_capability" | "value_capability" | "business_service" | "product_service"; status: string; owner: string; ... 10 more ...; architectureDomain?: string | undefined; }>'.
              Type 'TFieldValues' is not assignable to type '{ name: string; type: "application_service" | "technical_component" | "strategic_capability" | "value_capability" | "business_service" | "product_service"; status: string; owner: string; ... 10 more ...; architectureDomain?: string | undefined; }'.
                Type 'FieldValues' is missing the following properties from type '{ name: string; type: "application_service" | "technical_component" | "strategic_capability" | "value_capability" | "business_service" | "product_service"; status: string; owner: string; ... 10 more ...; architectureDomain?: string | undefined; }': name, type, status, owner, and 7 more.
client/src/pages/asset-hierarchy.tsx(365,13): error TS2322: Type 'Control<{ name: string; type: "application_service" | "technical_component" | "strategic_capability" | "value_capability" | "business_service" | "product_service"; status: string; owner: string; ... 10 more ...; architectureDomain?: string | undefined; }, any, TFieldValues>' is not assignable to type 'Control<{ name: string; type: "application_service" | "technical_component" | "strategic_capability" | "value_capability" | "business_service" | "product_service"; status: string; owner: string; ... 10 more ...; architectureDomain?: string | undefined; }, any, { ...; }>'.
  The types of '_options.resolver' are incompatible between these types.
    Type 'Resolver<{ name: string; type: "application_service" | "technical_component" | "strategic_capability" | "value_capability" | "business_service" | "product_service"; status: string; ... 11 more ...; architectureDomain?: string | undefined; }, any, TFieldValues> | undefined' is not assignable to type 'Resolver<{ name: string; type: "application_service" | "technical_component" | "strategic_capability" | "value_capability" | "business_service" | "product_service"; status: string; ... 11 more ...; architectureDomain?: string | undefined; }, any, { ...; }> | undefined'.
      Type 'Resolver<{ name: string; type: "application_service" | "technical_component" | "strategic_capability" | "value_capability" | "business_service" | "product_service"; status: string; owner: string; ... 10 more ...; architectureDomain?: string | undefined; }, any, TFieldValues>' is not assignable to type 'Resolver<{ name: string; type: "application_service" | "technical_component" | "strategic_capability" | "value_capability" | "business_service" | "product_service"; status: string; owner: string; ... 10 more ...; architectureDomain?: string | undefined; }, any, { ...; }>'.
        Type 'ResolverResult<{ name: string; type: "application_service" | "technical_component" | "strategic_capability" | "value_capability" | "business_service" | "product_service"; status: string; ... 11 more ...; architectureDomain?: string | undefined; }, TFieldValues> | Promise<...>' is not assignable to type 'ResolverResult<{ name: string; type: "application_service" | "technical_component" | "strategic_capability" | "value_capability" | "business_service" | "product_service"; status: string; ... 11 more ...; architectureDomain?: string | undefined; }, { ...; }> | Promise<...>'.
          Type 'ResolverSuccess<TFieldValues>' is not assignable to type 'ResolverResult<{ name: string; type: "application_service" | "technical_component" | "strategic_capability" | "value_capability" | "business_service" | "product_service"; status: string; ... 11 more ...; architectureDomain?: string | undefined; }, { ...; }> | Promise<...>'.
            Type 'ResolverSuccess<TFieldValues>' is not assignable to type 'ResolverSuccess<{ name: string; type: "application_service" | "technical_component" | "strategic_capability" | "value_capability" | "business_service" | "product_service"; status: string; owner: string; ... 10 more ...; architectureDomain?: string | undefined; }>'.
              Type 'TFieldValues' is not assignable to type '{ name: string; type: "application_service" | "technical_component" | "strategic_capability" | "value_capability" | "business_service" | "product_service"; status: string; owner: string; ... 10 more ...; architectureDomain?: string | undefined; }'.
                Type 'FieldValues' is missing the following properties from type '{ name: string; type: "application_service" | "technical_component" | "strategic_capability" | "value_capability" | "business_service" | "product_service"; status: string; owner: string; ... 10 more ...; architectureDomain?: string | undefined; }': name, type, status, owner, and 7 more.
client/src/pages/asset-hierarchy.tsx(421,36): error TS2339: Property 'data' does not exist on type '{}'.
client/src/pages/asset-hierarchy.tsx(446,23): error TS7006: Parameter 'asset' implicitly has an 'any' type.
client/src/pages/asset-hierarchy.tsx(454,23): error TS7006: Parameter 'asset' implicitly has an 'any' type.
client/src/pages/asset-hierarchy.tsx(467,23): error TS7006: Parameter 'asset' implicitly has an 'any' type.
client/src/pages/asset-hierarchy.tsx(551,23): error TS7006: Parameter 'asset' implicitly has an 'any' type.
client/src/pages/assets.tsx(38,36): error TS2339: Property 'data' does not exist on type '{}'.
client/src/pages/controls.tsx(49,36): error TS2339: Property 'data' does not exist on type '{}'.
client/src/pages/controls.tsx(111,61): error TS2339: Property 'itemType' does not exist on type '{ id: number; name: string; description: string | null; createdAt: Date; updatedAt: Date; libraryItemId: number | null; controlId: string; controlType: "preventive" | "detective" | "corrective"; ... 11 more ...; cisMappings: unknown; }'.
client/src/pages/controls.tsx(111,97): error TS2339: Property 'itemType' does not exist on type '{ id: number; name: string; description: string | null; createdAt: Date; updatedAt: Date; libraryItemId: number | null; controlId: string; controlType: "preventive" | "detective" | "corrective"; ... 11 more ...; cisMappings: unknown; }'.
client/src/pages/dashboard.tsx(143,25): error TS2339: Property 'data' does not exist on type '{}'.
client/src/pages/dashboard.tsx(183,46): error TS2339: Property 'data' does not exist on type '{}'.
client/src/pages/dashboard.tsx(184,19): error TS2339: Property 'data' does not exist on type '{}'.
client/src/pages/dashboard.tsx(300,64): error TS2339: Property 'data' does not exist on type '{}'.
client/src/pages/dashboard.tsx(309,54): error TS2339: Property 'data' does not exist on type '{}'.
client/src/pages/dashboard.tsx(310,41): error TS2339: Property 'data' does not exist on type '{}'.
client/src/pages/dashboard.tsx(317,56): error TS2339: Property 'data' does not exist on type '{}'.
client/src/pages/dashboard.tsx(326,47): error TS2339: Property 'data' does not exist on type '{}'.
client/src/pages/dashboard.tsx(327,34): error TS2339: Property 'data' does not exist on type '{}'.
client/src/pages/dashboard.tsx(334,87): error TS2339: Property 'data' does not exist on type '{}'.
client/src/pages/dashboard.tsx(343,55): error TS2339: Property 'data' does not exist on type '{}'.
client/src/pages/dashboard.tsx(344,42): error TS2339: Property 'data' does not exist on type '{}'.
client/src/pages/dashboard.tsx(394,66): error TS2339: Property 'previous' does not exist on type '{}'.
client/src/pages/dashboard.tsx(396,58): error TS2339: Property 'previous' does not exist on type '{}'.
client/src/pages/dashboard.tsx(397,58): error TS2339: Property 'previous' does not exist on type '{}'.
client/src/pages/dashboard.tsx(398,58): error TS2339: Property 'previous' does not exist on type '{}'.
client/src/pages/dashboard.tsx(399,58): error TS2339: Property 'previous' does not exist on type '{}'.
client/src/pages/dashboard.tsx(400,53): error TS2339: Property 'previous' does not exist on type '{}'.
client/src/pages/dashboard.tsx(401,62): error TS2339: Property 'previous' does not exist on type '{}'.
client/src/pages/dashboard.tsx(402,60): error TS2339: Property 'previous' does not exist on type '{}'.
client/src/pages/dashboard.tsx(407,31): error TS2339: Property 'data' does not exist on type '{}'.
client/src/pages/dashboard.tsx(409,39): error TS2339: Property 'data' does not exist on type '{}'.
client/src/pages/dashboard.tsx(410,46): error TS2339: Property 'data' does not exist on type '{}'.
client/src/pages/enterprise-architecture.tsx(37,29): error TS2339: Property 'data' does not exist on type '{}'.
client/src/pages/enterprise-architecture.tsx(37,70): error TS2339: Property 'data' does not exist on type '{}'.
client/src/pages/enterprise-architecture.tsx(38,33): error TS2339: Property 'data' does not exist on type '{}'.
client/src/pages/reports.tsx(21,34): error TS2339: Property 'data' does not exist on type '{}'.
client/src/pages/reports.tsx(26,32): error TS2339: Property 'data' does not exist on type '{}'.
client/src/pages/reports.tsx(31,38): error TS2339: Property 'data' does not exist on type '{}'.
client/src/pages/reports.tsx(36,40): error TS2339: Property 'data' does not exist on type '{}'.
client/src/pages/reports.tsx(41,36): error TS2339: Property 'data' does not exist on type '{}'.
client/src/pages/responses.tsx(87,21): error TS2322: Type 'unknown' is not assignable to type '{ id: number; description: string | null; createdAt: Date; updatedAt: Date; riskId: string | null; implementationCost: string | null; responseType: "accept" | "avoid" | "transfer" | "mitigate"; ... 8 more ...; targetDate: Date | null; }[]'.
client/src/pages/responses.tsx(87,43): error TS2322: Type 'unknown' is not assignable to type '{ severity: "low" | "medium" | "high" | "critical"; id: number; name: string; description: string; createdAt: Date; updatedAt: Date; riskId: string; riskCategory: "operational" | "strategic" | "compliance" | "financial"; ... 4 more ...; libraryItemId: number | null; }[]'.
client/src/pages/responses.tsx(96,53): error TS2322: Type 'unknown' is not assignable to type '{ severity: "low" | "medium" | "high" | "critical"; id: number; name: string; description: string; createdAt: Date; updatedAt: Date; riskId: string; riskCategory: "operational" | "strategic" | "compliance" | "financial"; ... 4 more ...; libraryItemId: number | null; }[]'.
client/src/pages/risk-responses.tsx(89,16): error TS2304: Cannot find name 'Risk'.
client/src/pages/risk-responses.tsx(133,50): error TS2304: Cannot find name 'Risk'.
client/src/pages/risks.tsx(42,36): error TS2339: Property 'data' does not exist on type '{}'.
client/src/pages/risks.tsx(59,49): error TS2339: Property 'itemType' does not exist on type '{ severity: "low" | "medium" | "high" | "critical"; id: number; name: string; description: string; createdAt: Date; updatedAt: Date; riskId: string; riskCategory: "operational" | "strategic" | "compliance" | "financial"; ... 4 more ...; libraryItemId: number | null; }'.
client/src/pages/risks.tsx(59,82): error TS2339: Property 'itemType' does not exist on type '{ severity: "low" | "medium" | "high" | "critical"; id: number; name: string; description: string; createdAt: Date; updatedAt: Date; riskId: string; riskCategory: "operational" | "strategic" | "compliance" | "financial"; ... 4 more ...; libraryItemId: number | null; }'.
client/src/pages/risks.tsx(214,43): error TS2322: Type '{ severity: "low" | "medium" | "high" | "critical"; id: number; name: string; description: string; createdAt: Date; updatedAt: Date; riskId: string; riskCategory: "operational" | "strategic" | "compliance" | "financial"; ... 4 more ...; libraryItemId: number | null; }[]' is not assignable to type 'RiskWithParams[]'.
  Type '{ severity: "low" | "medium" | "high" | "critical"; id: number; name: string; description: string; createdAt: Date; updatedAt: Date; riskId: string; riskCategory: "operational" | "strategic" | "compliance" | "financial"; ... 4 more ...; libraryItemId: number | null; }' is not assignable to type 'RiskWithParams'.
    Type '{ severity: "low" | "medium" | "high" | "critical"; id: number; name: string; description: string; createdAt: Date; updatedAt: Date; riskId: string; riskCategory: "operational" | "strategic" | "compliance" | "financial"; ... 4 more ...; libraryItemId: number | null; }' is not assignable to type 'Partial<RiskCalculationParams>'.
      Types of property 'inherentRisk' are incompatible.
        Type 'string | null' is not assignable to type 'number | undefined'.
          Type 'null' is not assignable to type 'number | undefined'.
client/src/pages/risks.tsx(216,23): error TS2322: Type '{ severity: "low" | "medium" | "high" | "critical"; id: number; name: string; description: string; createdAt: Date; updatedAt: Date; riskId: string; riskCategory: "operational" | "strategic" | "compliance" | "financial"; ... 4 more ...; libraryItemId: number | null; }[]' is not assignable to type 'RiskWithParams[]'.
  Type '{ severity: "low" | "medium" | "high" | "critical"; id: number; name: string; description: string; createdAt: Date; updatedAt: Date; riskId: string; riskCategory: "operational" | "strategic" | "compliance" | "financial"; ... 4 more ...; libraryItemId: number | null; }' is not assignable to type 'RiskWithParams'.
    Type '{ severity: "low" | "medium" | "high" | "critical"; id: number; name: string; description: string; createdAt: Date; updatedAt: Date; riskId: string; riskCategory: "operational" | "strategic" | "compliance" | "financial"; ... 4 more ...; libraryItemId: number | null; }' is not assignable to type 'Partial<RiskCalculationParams>'.
      Types of property 'inherentRisk' are incompatible.
        Type 'string | null' is not assignable to type 'number | undefined'.
          Type 'null' is not assignable to type 'number | undefined'.
client/src/pages/risks.tsx(227,15): error TS2322: Type '{ severity: "low" | "medium" | "high" | "critical"; id: number; name: string; description: string; createdAt: Date; updatedAt: Date; riskId: string; riskCategory: "operational" | "strategic" | "compliance" | "financial"; ... 4 more ...; libraryItemId: number | null; } | null' is not assignable to type 'RiskWithParams | null'.
  Type '{ severity: "low" | "medium" | "high" | "critical"; id: number; name: string; description: string; createdAt: Date; updatedAt: Date; riskId: string; riskCategory: "operational" | "strategic" | "compliance" | "financial"; ... 4 more ...; libraryItemId: number | null; }' is not assignable to type 'RiskWithParams'.
    Type '{ severity: "low" | "medium" | "high" | "critical"; id: number; name: string; description: string; createdAt: Date; updatedAt: Date; riskId: string; riskCategory: "operational" | "strategic" | "compliance" | "financial"; ... 4 more ...; libraryItemId: number | null; }' is not assignable to type 'Partial<RiskCalculationParams>'.
      Types of property 'inherentRisk' are incompatible.
        Type 'string | null' is not assignable to type 'number | undefined'.
          Type 'null' is not assignable to type 'number | undefined'.
client/src/utils/export-excel.ts(44,7): error TS2722: Cannot invoke an object which is possibly 'undefined'.
client/src/utils/export-excel.ts(83,33): error TS2339: Property 'threatCommunity' does not exist on type '{ severity: "low" | "medium" | "high" | "critical"; id: number; name: string; description: string; createdAt: Date; updatedAt: Date; riskId: string; riskCategory: "operational" | "strategic" | "compliance" | "financial"; ... 4 more ...; libraryItemId: number | null; }'.
client/src/utils/export-excel.ts(84,31): error TS2339: Property 'vulnerability' does not exist on type '{ severity: "low" | "medium" | "high" | "critical"; id: number; name: string; description: string; createdAt: Date; updatedAt: Date; riskId: string; riskCategory: "operational" | "strategic" | "compliance" | "financial"; ... 4 more ...; libraryItemId: number | null; }'.
client/src/utils/export-excel.ts(85,34): error TS2339: Property 'contactFrequency' does not exist on type '{ severity: "low" | "medium" | "high" | "critical"; id: number; name: string; description: string; createdAt: Date; updatedAt: Date; riskId: string; riskCategory: "operational" | "strategic" | "compliance" | "financial"; ... 4 more ...; libraryItemId: number | null; }'.
client/src/utils/export-excel.ts(86,37): error TS2339: Property 'probabilityOfAction' does not exist on type '{ severity: "low" | "medium" | "high" | "critical"; id: number; name: string; description: string; createdAt: Date; updatedAt: Date; riskId: string; riskCategory: "operational" | "strategic" | "compliance" | "financial"; ... 4 more ...; libraryItemId: number | null; }'.
client/src/utils/export-excel.ts(86,68): error TS2339: Property 'probabilityOfAction' does not exist on type '{ severity: "low" | "medium" | "high" | "critical"; id: number; name: string; description: string; createdAt: Date; updatedAt: Date; riskId: string; riskCategory: "operational" | "strategic" | "compliance" | "financial"; ... 4 more ...; libraryItemId: number | null; }'.
client/src/utils/export-excel.ts(87,34): error TS2339: Property 'threatCapability' does not exist on type '{ severity: "low" | "medium" | "high" | "critical"; id: number; name: string; description: string; createdAt: Date; updatedAt: Date; riskId: string; riskCategory: "operational" | "strategic" | "compliance" | "financial"; ... 4 more ...; libraryItemId: number | null; }'.
client/src/utils/export-excel.ts(88,54): error TS2339: Property 'probableLossMagnitude' does not exist on type '{ severity: "low" | "medium" | "high" | "critical"; id: number; name: string; description: string; createdAt: Date; updatedAt: Date; riskId: string; riskCategory: "operational" | "strategic" | "compliance" | "financial"; ... 4 more ...; libraryItemId: number | null; }'.
client/src/utils/export-excel.ts(89,40): error TS2345: Argument of type 'string | 0' is not assignable to parameter of type 'number'.
  Type 'string' is not assignable to type 'number'.
client/src/utils/export-excel.ts(90,40): error TS2345: Argument of type 'string | 0' is not assignable to parameter of type 'number'.
  Type 'string' is not assignable to type 'number'.
client/src/utils/export-excel.ts(92,30): error TS2362: The left-hand side of an arithmetic operation must be of type 'any', 'number', 'bigint' or an enum type.
client/src/utils/export-excel.ts(92,50): error TS2363: The right-hand side of an arithmetic operation must be of type 'any', 'number', 'bigint' or an enum type.
client/src/utils/export-excel.ts(94,75): error TS2365: Operator '>' cannot be applied to types 'string' and 'number'.
client/src/utils/export-excel.ts(95,20): error TS2362: The left-hand side of an arithmetic operation must be of type 'any', 'number', 'bigint' or an enum type.
client/src/utils/export-excel.ts(95,40): error TS2363: The right-hand side of an arithmetic operation must be of type 'any', 'number', 'bigint' or an enum type.
client/src/utils/export-excel.ts(95,61): error TS2363: The right-hand side of an arithmetic operation must be of type 'any', 'number', 'bigint' or an enum type.
client/src/utils/export-excel.ts(131,31): error TS2551: Property 'businessUnit' does not exist on type '{ hierarchy_level: string | null; currency: "USD" | "EUR"; id: number; assetId: string; name: string; type: "data" | "application" | "device" | "system" | "network" | "facility" | "personnel" | "other" | "application_service" | "technical_component"; ... 18 more ...; lastBackstageSync: Date | null; }'. Did you mean 'business_unit'?
client/src/utils/export-excel.ts(136,38): error TS2345: Argument of type 'string' is not assignable to parameter of type 'number'.
client/src/utils/export-excel.ts(173,29): error TS18047: 'control.controlEffectiveness' is possibly 'null'.
client/src/utils/export-excel.ts(174,32): error TS2345: Argument of type 'string | 0' is not assignable to parameter of type 'number'.
  Type 'string' is not assignable to type 'number'.
client/src/utils/export-excel.ts(177,26): error TS2339: Property 'notes' does not exist on type '{ id: number; name: string; description: string | null; createdAt: Date; updatedAt: Date; libraryItemId: number | null; controlId: string; controlType: "preventive" | "detective" | "corrective"; ... 11 more ...; cisMappings: unknown; }'.
client/src/utils/export-excel.ts(211,33): error TS2345: Argument of type 'string | null' is not assignable to parameter of type 'string'.
  Type 'null' is not assignable to type 'string'.
client/src/utils/export-pdf.ts(104,24): error TS2345: Argument of type 'string | 0' is not assignable to parameter of type 'number'.
  Type 'string' is not assignable to type 'number'.
client/src/utils/export-pdf.ts(105,24): error TS2345: Argument of type 'string | 0' is not assignable to parameter of type 'number'.
  Type 'string' is not assignable to type 'number'.
client/src/utils/export-pdf.ts(218,24): error TS2345: Argument of type 'string | 0' is not assignable to parameter of type 'number'.
  Type 'string' is not assignable to type 'number'.
client/src/utils/export-pdf.ts(219,24): error TS2345: Argument of type 'string | 0' is not assignable to parameter of type 'number'.
  Type 'string' is not assignable to type 'number'.
client/src/utils/export-pdf.ts(248,15): error TS2551: Property 'businessUnit' does not exist on type '{ hierarchy_level: string | null; currency: "USD" | "EUR"; id: number; assetId: string; name: string; type: "data" | "application" | "device" | "system" | "network" | "facility" | "personnel" | "other" | "application_service" | "technical_component"; ... 18 more ...; lastBackstageSync: Date | null; }'. Did you mean 'business_unit'?
client/src/utils/export-pdf.ts(251,24): error TS2345: Argument of type 'string' is not assignable to parameter of type 'number'.
client/src/utils/export-pdf.ts(282,12): error TS18047: 'control.controlEffectiveness' is possibly 'null'.
client/src/utils/export-pdf.ts(283,24): error TS2345: Argument of type 'string | 0' is not assignable to parameter of type 'number'.
  Type 'string' is not assignable to type 'number'.
client/src/utils/export-pdf.ts(333,23): error TS2345: Argument of type 'string | null' is not assignable to parameter of type 'string'.
  Type 'null' is not assignable to type 'string'.
server/auth.ts(85,9): error TS2304: Cannot find name 'OpenIDConnectStrategy'.
server/auth.ts(97,9): error TS7006: Parameter 'issuer' implicitly has an 'any' type.
server/auth.ts(98,9): error TS7006: Parameter 'profile' implicitly has an 'any' type.
server/auth.ts(99,9): error TS7006: Parameter 'context' implicitly has an 'any' type.
server/auth.ts(100,9): error TS7006: Parameter 'idToken' implicitly has an 'any' type.
server/auth.ts(101,9): error TS7006: Parameter 'accessToken' implicitly has an 'any' type.
server/auth.ts(102,9): error TS7006: Parameter 'refreshToken' implicitly has an 'any' type.
server/auth.ts(103,9): error TS7006: Parameter 'done' implicitly has an 'any' type.
server/auth.ts(110,29): error TS2339: Property 'sub' does not exist on type 'PgTableWithColumns<{ name: "users"; schema: undefined; columns: { id: PgColumn<{ name: "id"; tableName: "users"; dataType: "number"; columnType: "PgSerial"; data: number; driverParam: number; notNull: true; hasDefault: true; ... 6 more ...; generated: undefined; }, {}, {}>; ... 31 more ...; lastFailedLogin: PgColumn...'.
server/auth.ts(126,15): error TS2769: No overload matches this call.
  Overload 1 of 2, '(value: { email: string | SQL<unknown> | Placeholder<string, any>; displayName: string | SQL<unknown> | Placeholder<string, any>; id?: number | SQL<unknown> | Placeholder<...> | undefined; ... 29 more ...; lastFailedLogin?: SQL<...> | ... 3 more ... | undefined; }): PgInsertBase<...>', gave the following error.
    Object literal may only specify known properties, and 'sub' does not exist in type '{ email: string | SQL<unknown> | Placeholder<string, any>; displayName: string | SQL<unknown> | Placeholder<string, any>; id?: number | SQL<unknown> | Placeholder<...> | undefined; ... 29 more ...; lastFailedLogin?: SQL<...> | ... 3 more ... | undefined; }'.
  Overload 2 of 2, '(values: { email: string | SQL<unknown> | Placeholder<string, any>; displayName: string | SQL<unknown> | Placeholder<string, any>; id?: number | SQL<unknown> | Placeholder<...> | undefined; ... 29 more ...; lastFailedLogin?: SQL<...> | ... 3 more ... | undefined; }[]): PgInsertBase<...>', gave the following error.
    Object literal may only specify known properties, and 'sub' does not exist in type '{ email: string | SQL<unknown> | Placeholder<string, any>; displayName: string | SQL<unknown> | Placeholder<string, any>; id?: number | SQL<unknown> | Placeholder<...> | undefined; ... 29 more ...; lastFailedLogin?: SQL<...> | ... 3 more ... | undefined; }[]'.
server/routes/assets/controller.ts(37,40): error TS2551: Property 'getAssetById' does not exist on type 'AssetService'. Did you mean 'getAsset'?
server/routes/assets/controller.ts(105,44): error TS18046: 'error' is of type 'unknown'.
server/routes/assets/controller.ts(134,48): error TS2551: Property 'getAssetById' does not exist on type 'AssetService'. Did you mean 'getAsset'?
server/routes/assets/controller.ts(145,63): error TS2345: Argument of type '{ hierarchy_level: "application_service" | "technical_component" | "strategic_capability" | "value_capability" | "business_service"; currency: "USD" | "EUR"; assetId: string; ... 24 more ...; businessImpact?: "low" | ... 2 more ... | undefined; } | { ...; }' is not assignable to parameter of type 'Partial<{ hierarchy_level: string | null; currency: "USD" | "EUR"; id: number; assetId: string; name: string; type: "data" | "application" | "device" | "system" | "network" | "facility" | "personnel" | "other" | "application_service" | "technical_component"; ... 18 more ...; lastBackstageSync: Date | null; }>'.
  Type '{ hierarchy_level: "application_service" | "technical_component" | "strategic_capability" | "value_capability" | "business_service"; currency: "USD" | "EUR"; assetId: string; ... 24 more ...; businessImpact?: "low" | ... 2 more ... | undefined; }' is not assignable to type 'Partial<{ hierarchy_level: string | null; currency: "USD" | "EUR"; id: number; assetId: string; name: string; type: "data" | "application" | "device" | "system" | "network" | "facility" | "personnel" | "other" | "application_service" | "technical_component"; ... 18 more ...; lastBackstageSync: Date | null; }>'.
    Types of property 'assetValue' are incompatible.
      Type 'number' is not assignable to type 'string'.
server/routes/assets/controller.ts(169,48): error TS2551: Property 'getAssetById' does not exist on type 'AssetService'. Did you mean 'getAsset'?
server/routes/assets/controller.ts(204,48): error TS2551: Property 'getAssetById' does not exist on type 'AssetService'. Did you mean 'getAsset'?
server/routes/assets/controller.ts(213,40): error TS2339: Property 'getAssetRisks' does not exist on type 'AssetService'.
server/routes/assets/index.ts(162,39): error TS2551: Property 'discoveryDate' does not exist on type 'PgTableWithColumns<{ name: "vulnerabilities"; schema: undefined; columns: { id: PgColumn<{ name: "id"; tableName: "vulnerabilities"; dataType: "number"; columnType: "PgSerial"; data: number; driverParam: number; notNull: true; ... 7 more ...; generated: undefined; }, {}, {}>; ... 17 more ...; updatedAt: PgColumn<......'. Did you mean 'discoveredDate'?
server/routes/assets/index.ts(163,39): error TS2339: Property 'severityCvss3' does not exist on type 'PgTableWithColumns<{ name: "vulnerabilities"; schema: undefined; columns: { id: PgColumn<{ name: "id"; tableName: "vulnerabilities"; dataType: "number"; columnType: "PgSerial"; data: number; driverParam: number; notNull: true; ... 7 more ...; generated: undefined; }, {}, {}>; ... 17 more ...; updatedAt: PgColumn<......'.
server/routes/assets/index.ts(164,34): error TS2339: Property 'patchable' does not exist on type 'PgTableWithColumns<{ name: "vulnerabilities"; schema: undefined; columns: { id: PgColumn<{ name: "id"; tableName: "vulnerabilities"; dataType: "number"; columnType: "PgSerial"; data: number; driverParam: number; notNull: true; ... 7 more ...; generated: undefined; }, {}, {}>; ... 17 more ...; updatedAt: PgColumn<......'.
server/routes/assets/index.ts(165,31): error TS2339: Property 'source' does not exist on type 'PgTableWithColumns<{ name: "vulnerabilities"; schema: undefined; columns: { id: PgColumn<{ name: "id"; tableName: "vulnerabilities"; dataType: "number"; columnType: "PgSerial"; data: number; driverParam: number; notNull: true; ... 7 more ...; generated: undefined; }, {}, {}>; ... 17 more ...; updatedAt: PgColumn<......'.
server/routes/assets/index.ts(170,33): error TS2339: Property 'eDetect' does not exist on type 'PgTableWithColumns<{ name: "vulnerabilities"; schema: undefined; columns: { id: PgColumn<{ name: "id"; tableName: "vulnerabilities"; dataType: "number"; columnType: "PgSerial"; data: number; driverParam: number; notNull: true; ... 7 more ...; generated: undefined; }, {}, {}>; ... 17 more ...; updatedAt: PgColumn<......'.
server/routes/assets/index.ts(171,33): error TS2339: Property 'eResist' does not exist on type 'PgTableWithColumns<{ name: "vulnerabilities"; schema: undefined; columns: { id: PgColumn<{ name: "id"; tableName: "vulnerabilities"; dataType: "number"; columnType: "PgSerial"; data: number; driverParam: number; notNull: true; ... 7 more ...; generated: undefined; }, {}, {}>; ... 17 more ...; updatedAt: PgColumn<......'.
server/routes/assets/index.ts(235,65): error TS2769: No overload matches this call.
  Overload 1 of 2, '(value: { severity: "low" | "medium" | "high" | "critical" | SQL<unknown> | "info" | Placeholder<string, any>; vulnerabilityId: string | SQL<unknown> | Placeholder<string, any>; ... 16 more ...; scanId?: string | ... 3 more ... | undefined; }): PgInsertBase<...>', gave the following error.
    Object literal may only specify known properties, and 'severityCvss3' does not exist in type '{ severity: "low" | "medium" | "high" | "critical" | SQL<unknown> | "info" | Placeholder<string, any>; vulnerabilityId: string | SQL<unknown> | Placeholder<string, any>; ... 16 more ...; scanId?: string | ... 3 more ... | undefined; }'.
  Overload 2 of 2, '(values: { severity: "low" | "medium" | "high" | "critical" | SQL<unknown> | "info" | Placeholder<string, any>; vulnerabilityId: string | SQL<unknown> | Placeholder<string, any>; ... 16 more ...; scanId?: string | ... 3 more ... | undefined; }[]): PgInsertBase<...>', gave the following error.
    Object literal may only specify known properties, and 'cveId' does not exist in type '{ severity: "low" | "medium" | "high" | "critical" | SQL<unknown> | "info" | Placeholder<string, any>; vulnerabilityId: string | SQL<unknown> | Placeholder<string, any>; ... 16 more ...; scanId?: string | ... 3 more ... | undefined; }[]'.
server/routes/assets/index.ts(445,16): error TS18046: 'error' is of type 'unknown'.
server/routes/assets/router.ts(3,10): error TS2724: '"../common/middleware/validate"' has no exported member named 'validateBody'. Did you mean 'validate'?
server/routes/assets/router.ts(3,24): error TS2305: Module '"../common/middleware/validate"' has no exported member 'validateParams'.
server/routes/assets/service.ts(13,7): error TS2322: Type '{ hierarchy_level: string | null; currency: "USD" | "EUR"; id: number; assetId: string; name: string; type: "data" | "application" | "device" | "system" | "network" | "facility" | "personnel" | "other" | "application_service" | "technical_component"; ... 18 more ...; lastBackstageSync: Date | null; }[]' is not assignable to type '{ hierarchy_level: "application_service" | "technical_component" | "strategic_capability" | "value_capability" | "business_service"; currency: "USD" | "EUR"; assetId: string; ... 24 more ...; businessImpact?: "low" | ... 2 more ... | undefined; }[]'.
  Property 'criticality' is missing in type '{ hierarchy_level: string | null; currency: "USD" | "EUR"; id: number; assetId: string; name: string; type: "data" | "application" | "device" | "system" | "network" | "facility" | "personnel" | "other" | "application_service" | "technical_component"; ... 18 more ...; lastBackstageSync: Date | null; }' but required in type '{ hierarchy_level: "application_service" | "technical_component" | "strategic_capability" | "value_capability" | "business_service"; currency: "USD" | "EUR"; assetId: string; ... 24 more ...; businessImpact?: "low" | ... 2 more ... | undefined; }'.
server/routes/assets/service.ts(28,7): error TS2741: Property 'criticality' is missing in type '{ hierarchy_level: string | null; currency: "USD" | "EUR"; id: number; assetId: string; name: string; type: "data" | "application" | "device" | "system" | "network" | "facility" | "personnel" | "other" | "application_service" | "technical_component"; ... 18 more ...; lastBackstageSync: Date | null; }' but required in type '{ hierarchy_level: "application_service" | "technical_component" | "strategic_capability" | "value_capability" | "business_service"; currency: "USD" | "EUR"; assetId: string; ... 24 more ...; businessImpact?: "low" | ... 2 more ... | undefined; }'.
server/routes/assets/service.ts(30,11): error TS18046: 'error' is of type 'unknown'.
server/routes/assets/service.ts(40,7): error TS2741: Property 'criticality' is missing in type '{ hierarchy_level: string | null; currency: "USD" | "EUR"; id: number; assetId: string; name: string; type: "data" | "application" | "device" | "system" | "network" | "facility" | "personnel" | "other" | "application_service" | "technical_component"; ... 18 more ...; lastBackstageSync: Date | null; }' but required in type '{ hierarchy_level: "application_service" | "technical_component" | "strategic_capability" | "value_capability" | "business_service"; currency: "USD" | "EUR"; assetId: string; ... 24 more ...; businessImpact?: "low" | ... 2 more ... | undefined; }'.
server/routes/assets/service.ts(56,7): error TS2322: Type '{ hierarchy_level: string | null; currency: "USD" | "EUR"; id: number; assetId: string; name: string; type: "data" | "application" | "device" | "system" | "network" | "facility" | "personnel" | "other" | "application_service" | "technical_component"; ... 18 more ...; lastBackstageSync: Date | null; } | undefined' is not assignable to type '{ hierarchy_level: "application_service" | "technical_component" | "strategic_capability" | "value_capability" | "business_service"; currency: "USD" | "EUR"; assetId: string; ... 24 more ...; businessImpact?: "low" | ... 2 more ... | undefined; }'.
  Type 'undefined' is not assignable to type '{ hierarchy_level: "application_service" | "technical_component" | "strategic_capability" | "value_capability" | "business_service"; currency: "USD" | "EUR"; assetId: string; ... 24 more ...; businessImpact?: "low" | ... 2 more ... | undefined; }'.
server/routes/assets/service.ts(56,44): error TS2345: Argument of type '{ hierarchy_level?: "application_service" | "technical_component" | "strategic_capability" | "value_capability" | "business_service" | undefined; currency?: "USD" | "EUR" | undefined; ... 25 more ...; businessImpact?: "low" | ... 2 more ... | undefined; }' is not assignable to parameter of type 'Partial<{ hierarchy_level: string | null; currency: "USD" | "EUR"; id: number; assetId: string; name: string; type: "data" | "application" | "device" | "system" | "network" | "facility" | "personnel" | "other" | "application_service" | "technical_component"; ... 18 more ...; lastBackstageSync: Date | null; }>'.
  Types of property 'assetValue' are incompatible.
    Type 'number | undefined' is not assignable to type 'string | undefined'.
      Type 'number' is not assignable to type 'string'.
server/routes/assets/service.ts(58,11): error TS18046: 'error' is of type 'unknown'.
server/routes/assets/service.ts(75,11): error TS18046: 'error' is of type 'unknown'.
server/routes/assets/service.ts(90,28): error TS2551: Property 'getAssetRisks' does not exist on type 'DatabaseStorage'. Did you mean 'getAssetsForRisk'?
server/routes/assets/service.ts(92,11): error TS18046: 'error' is of type 'unknown'.
server/routes/auth.ts(32,60): error TS2769: No overload matches this call.
  Overload 1 of 2, '(password: string, hash: string): Promise<boolean>', gave the following error.
    Argument of type 'string | null' is not assignable to parameter of type 'string'.
      Type 'null' is not assignable to type 'string'.
  Overload 2 of 2, '(password: string, hash: string, callback?: Callback<boolean> | undefined, progressCallback?: ProgressCallback | undefined): void', gave the following error.
    Argument of type 'string | null' is not assignable to parameter of type 'string'.
      Type 'null' is not assignable to type 'string'.
server/routes/auth.ts(157,18): error TS18047: 'user.createdAt' is possibly 'null'.
server/routes/auth.ts(265,20): error TS18047: 'newUser.createdAt' is possibly 'null'.
server/routes/backstage.ts(42,52): error TS2554: Expected 2-3 arguments, but got 4.
server/routes/backstage.ts(97,52): error TS2554: Expected 2-3 arguments, but got 4.
server/routes/backstage.ts(180,52): error TS2554: Expected 2-3 arguments, but got 4.
server/routes/dashboard/index.ts(41,44): error TS2345: Argument of type 'string | null' is not assignable to parameter of type 'string'.
  Type 'null' is not assignable to type 'string'.
server/routes/dashboard/index.ts(42,44): error TS2345: Argument of type 'string | null' is not assignable to parameter of type 'string'.
  Type 'null' is not assignable to type 'string'.
server/routes/dashboard/index.ts(74,11): error TS7034: Variable 'exposureCurveData' implicitly has type 'any[]' in some locations where its type cannot be determined.
server/routes/dashboard/index.ts(76,31): error TS2345: Argument of type 'string | null' is not assignable to parameter of type 'string'.
  Type 'null' is not assignable to type 'string'.
server/routes/dashboard/index.ts(77,34): error TS2345: Argument of type 'string | null' is not assignable to parameter of type 'string'.
  Type 'null' is not assignable to type 'string'.
server/routes/dashboard/index.ts(77,63): error TS2345: Argument of type 'string | null' is not assignable to parameter of type 'string'.
  Type 'null' is not assignable to type 'string'.
server/routes/dashboard/index.ts(81,35): error TS2345: Argument of type 'string | null' is not assignable to parameter of type 'string'.
  Type 'null' is not assignable to type 'string'.
server/routes/dashboard/index.ts(204,9): error TS7005: Variable 'exposureCurveData' implicitly has an 'any[]' type.
server/routes/dashboard/service.ts(56,32): error TS2345: Argument of type 'string | null' is not assignable to parameter of type 'string'.
  Type 'null' is not assignable to type 'string'.
server/routes/dashboard/service.ts(61,32): error TS2345: Argument of type 'string | null' is not assignable to parameter of type 'string'.
  Type 'null' is not assignable to type 'string'.
server/routes/dashboard/service.ts(82,32): error TS2345: Argument of type 'string | null' is not assignable to parameter of type 'string'.
  Type 'null' is not assignable to type 'string'.
server/routes/dashboard/service.ts(129,69): error TS2551: Property 'e_avoid' does not exist on type 'ControlEffectiveness'. Did you mean 'eAvoid'?
server/routes/dashboard/service.ts(130,69): error TS2551: Property 'e_deter' does not exist on type 'ControlEffectiveness'. Did you mean 'eDeter'?
server/routes/dashboard/service.ts(131,71): error TS2551: Property 'e_detect' does not exist on type 'ControlEffectiveness'. Did you mean 'eDetect'?
server/routes/dashboard/service.ts(132,71): error TS2551: Property 'e_resist' does not exist on type 'ControlEffectiveness'. Did you mean 'eResist'?
server/routes/dashboard/service.ts(152,35): error TS2345: Argument of type 'string | null' is not assignable to parameter of type 'string'.
  Type 'null' is not assignable to type 'string'.
server/routes/dashboard/service.ts(153,35): error TS2345: Argument of type 'string | null' is not assignable to parameter of type 'string'.
  Type 'null' is not assignable to type 'string'.
server/routes/dashboard/service.ts(179,38): error TS2345: Argument of type 'string | null' is not assignable to parameter of type 'string'.
  Type 'null' is not assignable to type 'string'.
server/routes/dashboard/service.ts(295,32): error TS2345: Argument of type 'string | null' is not assignable to parameter of type 'string'.
  Type 'null' is not assignable to type 'string'.
server/routes/dashboard/service.ts(337,32): error TS2345: Argument of type 'string | null' is not assignable to parameter of type 'string'.
  Type 'null' is not assignable to type 'string'.
server/routes/enterprise-architecture/index.ts(20,75): error TS2345: Argument of type 'unknown' is not assignable to parameter of type 'number | undefined'.
server/routes/enterprise-architecture/index.ts(40,74): error TS2345: Argument of type 'unknown' is not assignable to parameter of type 'number | undefined'.
server/routes/enterprise-architecture/index.ts(50,49): error TS2345: Argument of type 'ZodError<any>' is not assignable to parameter of type 'number'.
server/routes/enterprise-architecture/index.ts(66,74): error TS2345: Argument of type 'unknown' is not assignable to parameter of type 'number | undefined'.
server/routes/enterprise-architecture/index.ts(82,49): error TS2345: Argument of type 'ZodError<any>' is not assignable to parameter of type 'number'.
server/routes/enterprise-architecture/index.ts(95,53): error TS2554: Expected 2-3 arguments, but got 4.
server/routes/enterprise-architecture/index.ts(100,74): error TS2345: Argument of type 'unknown' is not assignable to parameter of type 'number | undefined'.
server/routes/enterprise-architecture/index.ts(118,53): error TS2554: Expected 2-3 arguments, but got 4.
server/routes/enterprise-architecture/index.ts(123,74): error TS2345: Argument of type 'unknown' is not assignable to parameter of type 'number | undefined'.
server/routes/entities/service.ts(15,3): error TS2322: Type '{ id: number; name: string; type: string; createdAt: Date; updatedAt: Date; entityId: string; jurisdiction: string; regulatoryFramework: string[] | null; } | undefined' is not assignable to type '{ name: string; entityId: string; id?: number | undefined; description?: string | null | undefined; createdAt?: Date | undefined; parentEntityId?: string | null | undefined; } | null'.
  Type 'undefined' is not assignable to type '{ name: string; entityId: string; id?: number | undefined; description?: string | null | undefined; createdAt?: Date | undefined; parentEntityId?: string | null | undefined; } | null'.
server/routes/entities/service.ts(54,3): error TS2322: Type '{ id: number; name: string; type: string; createdAt: Date; updatedAt: Date; entityId: string; jurisdiction: string; regulatoryFramework: string[] | null; } | undefined' is not assignable to type '{ name: string; entityId: string; id?: number | undefined; description?: string | null | undefined; createdAt?: Date | undefined; parentEntityId?: string | null | undefined; } | null'.
  Type 'undefined' is not assignable to type '{ name: string; entityId: string; id?: number | undefined; description?: string | null | undefined; createdAt?: Date | undefined; parentEntityId?: string | null | undefined; } | null'.
server/routes/reports.ts(49,37): error TS2551: Property 'getRisks' does not exist on type 'DatabaseStorage'. Did you mean 'getRisk'?
server/routes/reports.ts(55,41): error TS7006: Parameter 'r' implicitly has an 'any' type.
server/routes/reports.ts(56,37): error TS7006: Parameter 'r' implicitly has an 'any' type.
server/routes/reports.ts(63,40): error TS2551: Property 'getControls' does not exist on type 'DatabaseStorage'. Did you mean 'getControl'?
server/routes/reports.ts(69,50): error TS7006: Parameter 'c' implicitly has an 'any' type.
server/routes/responses/controller.ts(111,9): error TS2769: No overload matches this call.
  Overload 1 of 2, '(value: { entityId: string | SQL<unknown> | Placeholder<string, any>; action: string | SQL<unknown> | Placeholder<string, any>; entityType: string | SQL<unknown> | Placeholder<...>; userId: string | ... 1 more ... | Placeholder<...>; id?: number | ... 2 more ... | undefined; details?: unknown; timestamp?: SQL<...> | ... 2 more ... | undefined; }): PgInsertBase<...>', gave the following error.
    Object literal may only specify known properties, and 'activity' does not exist in type '{ entityId: string | SQL<unknown> | Placeholder<string, any>; action: string | SQL<unknown> | Placeholder<string, any>; entityType: string | SQL<unknown> | Placeholder<...>; userId: string | ... 1 more ... | Placeholder<...>; id?: number | ... 2 more ... | undefined; details?: unknown; timestamp?: SQL<...> | ... 2 m...'.
  Overload 2 of 2, '(values: { entityId: string | SQL<unknown> | Placeholder<string, any>; action: string | SQL<unknown> | Placeholder<string, any>; entityType: string | SQL<unknown> | Placeholder<...>; userId: string | ... 1 more ... | Placeholder<...>; id?: number | ... 2 more ... | undefined; details?: unknown; timestamp?: SQL<...> | ... 2 more ... | undefined; }[]): PgInsertBase<...>', gave the following error.
    Object literal may only specify known properties, and 'activity' does not exist in type '{ entityId: string | SQL<unknown> | Placeholder<string, any>; action: string | SQL<unknown> | Placeholder<string, any>; entityType: string | SQL<unknown> | Placeholder<...>; userId: string | ... 1 more ... | Placeholder<...>; id?: number | ... 2 more ... | undefined; details?: unknown; timestamp?: SQL<...> | ... 2 m...'.
server/routes/responses/controller.ts(152,9): error TS2769: No overload matches this call.
  Overload 1 of 2, '(value: { entityId: string | SQL<unknown> | Placeholder<string, any>; action: string | SQL<unknown> | Placeholder<string, any>; entityType: string | SQL<unknown> | Placeholder<...>; userId: string | ... 1 more ... | Placeholder<...>; id?: number | ... 2 more ... | undefined; details?: unknown; timestamp?: SQL<...> | ... 2 more ... | undefined; }): PgInsertBase<...>', gave the following error.
    Object literal may only specify known properties, and 'activity' does not exist in type '{ entityId: string | SQL<unknown> | Placeholder<string, any>; action: string | SQL<unknown> | Placeholder<string, any>; entityType: string | SQL<unknown> | Placeholder<...>; userId: string | ... 1 more ... | Placeholder<...>; id?: number | ... 2 more ... | undefined; details?: unknown; timestamp?: SQL<...> | ... 2 m...'.
  Overload 2 of 2, '(values: { entityId: string | SQL<unknown> | Placeholder<string, any>; action: string | SQL<unknown> | Placeholder<string, any>; entityType: string | SQL<unknown> | Placeholder<...>; userId: string | ... 1 more ... | Placeholder<...>; id?: number | ... 2 more ... | undefined; details?: unknown; timestamp?: SQL<...> | ... 2 more ... | undefined; }[]): PgInsertBase<...>', gave the following error.
    Object literal may only specify known properties, and 'activity' does not exist in type '{ entityId: string | SQL<unknown> | Placeholder<string, any>; action: string | SQL<unknown> | Placeholder<string, any>; entityType: string | SQL<unknown> | Placeholder<...>; userId: string | ... 1 more ... | Placeholder<...>; id?: number | ... 2 more ... | undefined; details?: unknown; timestamp?: SQL<...> | ... 2 m...'.
server/routes/responses/controller.ts(186,9): error TS2769: No overload matches this call.
  Overload 1 of 2, '(value: { entityId: string | SQL<unknown> | Placeholder<string, any>; action: string | SQL<unknown> | Placeholder<string, any>; entityType: string | SQL<unknown> | Placeholder<...>; userId: string | ... 1 more ... | Placeholder<...>; id?: number | ... 2 more ... | undefined; details?: unknown; timestamp?: SQL<...> | ... 2 more ... | undefined; }): PgInsertBase<...>', gave the following error.
    Object literal may only specify known properties, and 'activity' does not exist in type '{ entityId: string | SQL<unknown> | Placeholder<string, any>; action: string | SQL<unknown> | Placeholder<string, any>; entityType: string | SQL<unknown> | Placeholder<...>; userId: string | ... 1 more ... | Placeholder<...>; id?: number | ... 2 more ... | undefined; details?: unknown; timestamp?: SQL<...> | ... 2 m...'.
  Overload 2 of 2, '(values: { entityId: string | SQL<unknown> | Placeholder<string, any>; action: string | SQL<unknown> | Placeholder<string, any>; entityType: string | SQL<unknown> | Placeholder<...>; userId: string | ... 1 more ... | Placeholder<...>; id?: number | ... 2 more ... | undefined; details?: unknown; timestamp?: SQL<...> | ... 2 more ... | undefined; }[]): PgInsertBase<...>', gave the following error.
    Object literal may only specify known properties, and 'activity' does not exist in type '{ entityId: string | SQL<unknown> | Placeholder<string, any>; action: string | SQL<unknown> | Placeholder<string, any>; entityType: string | SQL<unknown> | Placeholder<...>; userId: string | ... 1 more ... | Placeholder<...>; id?: number | ... 2 more ... | undefined; details?: unknown; timestamp?: SQL<...> | ... 2 m...'.
server/routes/risk-costs/controller.ts(56,40): error TS2345: Argument of type 'unknown' is not assignable to parameter of type 'string'.
server/routes/risk-costs/controller.ts(86,31): error TS2345: Argument of type 'unknown' is not assignable to parameter of type 'string'.
server/routes/risk-costs/controller.ts(86,57): error TS2363: The right-hand side of an arithmetic operation must be of type 'any', 'number', 'bigint' or an enum type.
server/routes/risk-costs/controller.ts(89,31): error TS2345: Argument of type 'unknown' is not assignable to parameter of type 'string'.
server/routes/risk-costs/controller.ts(89,57): error TS2363: The right-hand side of an arithmetic operation must be of type 'any', 'number', 'bigint' or an enum type.
server/routes/risk-costs/controller.ts(92,31): error TS2345: Argument of type 'unknown' is not assignable to parameter of type 'string'.
server/routes/risk-costs/controller.ts(92,57): error TS2363: The right-hand side of an arithmetic operation must be of type 'any', 'number', 'bigint' or an enum type.
server/routes/risk-costs/controller.ts(96,47): error TS2345: Argument of type 'unknown' is not assignable to parameter of type 'string'.
server/routes/risk-costs/controller.ts(99,49): error TS2345: Argument of type '{}' is not assignable to parameter of type 'string'.
server/routes/risk-costs/controller.ts(105,37): error TS2363: The right-hand side of an arithmetic operation must be of type 'any', 'number', 'bigint' or an enum type.
server/routes/risk-costs/controller.ts(109,23): error TS2538: Type 'unknown' cannot be used as an index type.
server/routes/risk-costs/controller.ts(217,42): error TS2345: Argument of type 'unknown' is not assignable to parameter of type 'string'.
server/routes/risk-costs/controller.ts(229,35): error TS2345: Argument of type 'unknown' is not assignable to parameter of type 'string'.
server/routes/risk-costs/controller.ts(229,61): error TS2363: The right-hand side of an arithmetic operation must be of type 'any', 'number', 'bigint' or an enum type.
server/routes/risk-costs/controller.ts(232,35): error TS2345: Argument of type 'unknown' is not assignable to parameter of type 'string'.
server/routes/risk-costs/controller.ts(232,61): error TS2363: The right-hand side of an arithmetic operation must be of type 'any', 'number', 'bigint' or an enum type.
server/routes/risk-costs/controller.ts(235,35): error TS2345: Argument of type 'unknown' is not assignable to parameter of type 'string'.
server/routes/risk-costs/controller.ts(235,61): error TS2363: The right-hand side of an arithmetic operation must be of type 'any', 'number', 'bigint' or an enum type.
server/routes/risk-costs/controller.ts(238,51): error TS2345: Argument of type 'unknown' is not assignable to parameter of type 'string'.
server/routes/risk-costs/controller.ts(240,53): error TS2345: Argument of type '{}' is not assignable to parameter of type 'string'.
server/routes/risk-costs/controller.ts(246,33): error TS2363: The right-hand side of an arithmetic operation must be of type 'any', 'number', 'bigint' or an enum type.
server/routes/risks/controlAssociations.ts(91,37): error TS2339: Property 'isPerAgentPricing' does not exist on type 'PgTableWithColumns<{ name: "controls"; schema: undefined; columns: { id: PgColumn<{ name: "id"; tableName: "controls"; dataType: "number"; columnType: "PgSerial"; data: number; driverParam: number; notNull: true; hasDefault: true; ... 6 more ...; generated: undefined; }, {}, {}>; ... 18 more ...; cisMappings: PgColu...'.
server/routes/risks/controlAssociations.ts(193,37): error TS2339: Property 'isPerAgentPricing' does not exist on type 'PgTableWithColumns<{ name: "controls"; schema: undefined; columns: { id: PgColumn<{ name: "id"; tableName: "controls"; dataType: "number"; columnType: "PgSerial"; data: number; driverParam: number; notNull: true; hasDefault: true; ... 6 more ...; generated: undefined; }, {}, {}>; ... 18 more ...; cisMappings: PgColu...'.
server/routes/risks/controlAssociations.ts(194,38): error TS2339: Property 'deployedAgentCount' does not exist on type 'PgTableWithColumns<{ name: "controls"; schema: undefined; columns: { id: PgColumn<{ name: "id"; tableName: "controls"; dataType: "number"; columnType: "PgSerial"; data: number; driverParam: number; notNull: true; hasDefault: true; ... 6 more ...; generated: undefined; }, {}, {}>; ... 18 more ...; cisMappings: PgColu...'.
server/routes/risks/controller.ts(19,28): error TS2552: Cannot find name 'RiskFilterOptions'. Did you mean 'RiskFilterDto'?
server/routes/risks/controller.ts(67,49): error TS2339: Property 'itemType' does not exist on type '{ severity: "low" | "medium" | "high" | "critical"; id: number; name: string; description: string; createdAt: Date; updatedAt: Date; riskId: string; riskCategory: "operational" | "strategic" | "compliance" | "financial"; ... 4 more ...; libraryItemId: number | null; }'.
server/routes/risks/controller.ts(67,79): error TS2339: Property 'itemType' does not exist on type '{ severity: "low" | "medium" | "high" | "critical"; id: number; name: string; description: string; createdAt: Date; updatedAt: Date; riskId: string; riskCategory: "operational" | "strategic" | "compliance" | "financial"; ... 4 more ...; libraryItemId: number | null; }'.
server/routes/risks/controller.ts(70,56): error TS2339: Property 'status' does not exist on type '{ severity: "low" | "medium" | "high" | "critical"; id: number; name: string; description: string; createdAt: Date; updatedAt: Date; riskId: string; riskCategory: "operational" | "strategic" | "compliance" | "financial"; ... 4 more ...; libraryItemId: number | null; }'.
server/routes/risks/controller.ts(71,61): error TS2339: Property 'status' does not exist on type '{ severity: "low" | "medium" | "high" | "critical"; id: number; name: string; description: string; createdAt: Date; updatedAt: Date; riskId: string; riskCategory: "operational" | "strategic" | "compliance" | "financial"; ... 4 more ...; libraryItemId: number | null; }'.
server/routes/risks/controller.ts(72,51): error TS2367: This comparison appears to be unintentional because the types '"low" | "medium" | "high" | "critical"' and '"High"' have no overlap.
server/routes/risks/controller.ts(72,79): error TS2367: This comparison appears to be unintentional because the types '"low" | "medium" | "high" | "critical"' and '"Critical"' have no overlap.
server/routes/risks/controller.ts(298,50): error TS2339: Property 'calculateRiskValuesFromParams' does not exist on type 'RiskService'.
server/routes/risks/controller.ts(393,60): error TS7006: Parameter 'a' implicitly has an 'any' type.
server/routes/risks/controller.ts(399,52): error TS2339: Property 'getAssetsByIds' does not exist on type 'RiskService'.
server/routes/risks/roiCalculation.ts(47,41): error TS2339: Property 'contactFrequencyMin' does not exist on type '{ id: number; riskId: string; name: string; description: string; riskCategory: "operational" | "strategic" | "compliance" | "financial"; severity: "low" | "medium" | "high" | "critical"; ... 6 more ...; updatedAt: Date; }'.
server/routes/risks/roiCalculation.ts(47,83): error TS2339: Property 'contactFrequencyAvg' does not exist on type '{ id: number; riskId: string; name: string; description: string; riskCategory: "operational" | "strategic" | "compliance" | "financial"; severity: "low" | "medium" | "high" | "critical"; ... 6 more ...; updatedAt: Date; }'.
server/routes/risks/roiCalculation.ts(47,123): error TS2339: Property 'contactFrequencyMax' does not exist on type '{ id: number; riskId: string; name: string; description: string; riskCategory: "operational" | "strategic" | "compliance" | "financial"; severity: "low" | "medium" | "high" | "critical"; ... 6 more ...; updatedAt: Date; }'.
server/routes/risks/roiCalculation.ts(48,44): error TS2339: Property 'probabilityOfActionMin' does not exist on type '{ id: number; riskId: string; name: string; description: string; riskCategory: "operational" | "strategic" | "compliance" | "financial"; severity: "low" | "medium" | "high" | "critical"; ... 6 more ...; updatedAt: Date; }'.
server/routes/risks/roiCalculation.ts(48,89): error TS2339: Property 'probabilityOfActionAvg' does not exist on type '{ id: number; riskId: string; name: string; description: string; riskCategory: "operational" | "strategic" | "compliance" | "financial"; severity: "low" | "medium" | "high" | "critical"; ... 6 more ...; updatedAt: Date; }'.
server/routes/risks/roiCalculation.ts(48,134): error TS2339: Property 'probabilityOfActionMax' does not exist on type '{ id: number; riskId: string; name: string; description: string; riskCategory: "operational" | "strategic" | "compliance" | "financial"; severity: "low" | "medium" | "high" | "critical"; ... 6 more ...; updatedAt: Date; }'.
server/routes/risks/roiCalculation.ts(49,41): error TS2339: Property 'threatCapabilityMin' does not exist on type '{ id: number; riskId: string; name: string; description: string; riskCategory: "operational" | "strategic" | "compliance" | "financial"; severity: "low" | "medium" | "high" | "critical"; ... 6 more ...; updatedAt: Date; }'.
server/routes/risks/roiCalculation.ts(49,81): error TS2339: Property 'threatCapabilityAvg' does not exist on type '{ id: number; riskId: string; name: string; description: string; riskCategory: "operational" | "strategic" | "compliance" | "financial"; severity: "low" | "medium" | "high" | "critical"; ... 6 more ...; updatedAt: Date; }'.
server/routes/risks/roiCalculation.ts(49,121): error TS2339: Property 'threatCapabilityMax' does not exist on type '{ id: number; riskId: string; name: string; description: string; riskCategory: "operational" | "strategic" | "compliance" | "financial"; severity: "low" | "medium" | "high" | "critical"; ... 6 more ...; updatedAt: Date; }'.
server/routes/risks/roiCalculation.ts(50,43): error TS2339: Property 'resistanceStrengthMin' does not exist on type '{ id: number; riskId: string; name: string; description: string; riskCategory: "operational" | "strategic" | "compliance" | "financial"; severity: "low" | "medium" | "high" | "critical"; ... 6 more ...; updatedAt: Date; }'.
server/routes/risks/roiCalculation.ts(50,85): error TS2339: Property 'resistanceStrengthAvg' does not exist on type '{ id: number; riskId: string; name: string; description: string; riskCategory: "operational" | "strategic" | "compliance" | "financial"; severity: "low" | "medium" | "high" | "critical"; ... 6 more ...; updatedAt: Date; }'.
server/routes/risks/roiCalculation.ts(50,127): error TS2339: Property 'resistanceStrengthMax' does not exist on type '{ id: number; riskId: string; name: string; description: string; riskCategory: "operational" | "strategic" | "compliance" | "financial"; severity: "low" | "medium" | "high" | "critical"; ... 6 more ...; updatedAt: Date; }'.
server/routes/risks/roiCalculation.ts(51,45): error TS2339: Property 'primaryLossMagnitudeMin' does not exist on type '{ id: number; riskId: string; name: string; description: string; riskCategory: "operational" | "strategic" | "compliance" | "financial"; severity: "low" | "medium" | "high" | "critical"; ... 6 more ...; updatedAt: Date; }'.
server/routes/risks/roiCalculation.ts(51,92): error TS2339: Property 'primaryLossMagnitudeAvg' does not exist on type '{ id: number; riskId: string; name: string; description: string; riskCategory: "operational" | "strategic" | "compliance" | "financial"; severity: "low" | "medium" | "high" | "critical"; ... 6 more ...; updatedAt: Date; }'.
server/routes/risks/roiCalculation.ts(51,140): error TS2339: Property 'primaryLossMagnitudeMax' does not exist on type '{ id: number; riskId: string; name: string; description: string; riskCategory: "operational" | "strategic" | "compliance" | "financial"; severity: "low" | "medium" | "high" | "critical"; ... 6 more ...; updatedAt: Date; }'.
server/routes/risks/roiCalculation.ts(52,47): error TS2339: Property 'secondaryLossMagnitudeMin' does not exist on type '{ id: number; riskId: string; name: string; description: string; riskCategory: "operational" | "strategic" | "compliance" | "financial"; severity: "low" | "medium" | "high" | "critical"; ... 6 more ...; updatedAt: Date; }'.
server/routes/risks/roiCalculation.ts(52,95): error TS2339: Property 'secondaryLossMagnitudeAvg' does not exist on type '{ id: number; riskId: string; name: string; description: string; riskCategory: "operational" | "strategic" | "compliance" | "financial"; severity: "low" | "medium" | "high" | "critical"; ... 6 more ...; updatedAt: Date; }'.
server/routes/risks/roiCalculation.ts(52,144): error TS2339: Property 'secondaryLossMagnitudeMax' does not exist on type '{ id: number; riskId: string; name: string; description: string; riskCategory: "operational" | "strategic" | "compliance" | "financial"; severity: "low" | "medium" | "high" | "critical"; ... 6 more ...; updatedAt: Date; }'.
server/routes/risks/roiCalculation.ts(73,19): error TS2339: Property 'isPerAgentPricing' does not exist on type '{ id: number; controlId: string; name: string; description: string | null; controlType: "preventive" | "detective" | "corrective"; controlCategory: "technical" | "administrative" | "physical"; ... 13 more ...; cisMappings: unknown; }'.
server/routes/risks/roiCalculation.ts(74,36): error TS2339: Property 'deployedAgentCount' does not exist on type '{ id: number; controlId: string; name: string; description: string | null; controlType: "preventive" | "detective" | "corrective"; controlCategory: "technical" | "administrative" | "physical"; ... 13 more ...; cisMappings: unknown; }'.
server/routes/risks/roiCalculation.ts(96,18): error TS2339: Property 'isPerAgentPricing' does not exist on type '{ id: number; controlId: string; name: string; description: string | null; controlType: "preventive" | "detective" | "corrective"; controlCategory: "technical" | "administrative" | "physical"; ... 13 more ...; cisMappings: unknown; }'.
server/routes/risks/roiCalculation.ts(96,47): error TS2339: Property 'deployedAgentCount' does not exist on type '{ id: number; controlId: string; name: string; description: string | null; controlType: "preventive" | "detective" | "corrective"; controlCategory: "technical" | "administrative" | "physical"; ... 13 more ...; cisMappings: unknown; }'.
server/routes/risks/service.ts(42,61): error TS2551: Property 'legalEntityId' does not exist on type '{ hierarchy_level: string | null; currency: "USD" | "EUR"; id: number; assetId: string; name: string; type: "data" | "application" | "device" | "system" | "network" | "facility" | "personnel" | "other" | "application_service" | "technical_component"; ... 18 more ...; lastBackstageSync: Date | null; }'. Did you mean 'legalEntity'?
server/routes/risks/service.ts(127,57): error TS2345: Argument of type 'number' is not assignable to parameter of type 'string'.
server/routes/risks/service.ts(175,56): error TS2345: Argument of type '{ severity?: "low" | "medium" | "high" | "critical" | undefined; name?: string | undefined; description?: string | undefined; riskId?: string | undefined; riskCategory?: string | undefined; ... 66 more ...; lossMagnitudeConfidence?: "low" | ... 2 more ... | undefined; }' is not assignable to parameter of type 'Partial<{ severity: "low" | "medium" | "high" | "critical"; id: number; name: string; description: string; createdAt: Date; updatedAt: Date; riskId: string; riskCategory: "operational" | "strategic" | "compliance" | "financial"; ... 4 more ...; libraryItemId: number | null; }>'.
  Types of property 'riskCategory' are incompatible.
    Type 'string | undefined' is not assignable to type '"operational" | "strategic" | "compliance" | "financial" | undefined'.
      Type 'string' is not assignable to type '"operational" | "strategic" | "compliance" | "financial" | undefined'.
server/routes/risks/service.ts(179,62): error TS2345: Argument of type '{ severity: "low" | "medium" | "high" | "critical"; id: number; name: string; description: string; createdAt: Date; updatedAt: Date; riskId: string; riskCategory: "operational" | "strategic" | "compliance" | "financial"; ... 4 more ...; libraryItemId: number | null; }' is not assignable to parameter of type 'RiskCalculationParams'.
  Type '{ severity: "low" | "medium" | "high" | "critical"; id: number; name: string; description: string; createdAt: Date; updatedAt: Date; riskId: string; riskCategory: "operational" | "strategic" | "compliance" | "financial"; ... 4 more ...; libraryItemId: number | null; }' is missing the following properties from type 'RiskCalculationParams': contactFrequency, probabilityOfAction, threatCapability, resistanceStrength, and 3 more.
server/routes/risks/service.ts(250,49): error TS2345: Argument of type '{ severity: "low" | "medium" | "high" | "critical"; id: number; name: string; description: string; createdAt: Date; updatedAt: Date; riskId: string; riskCategory: "operational" | "strategic" | "compliance" | "financial"; ... 4 more ...; libraryItemId: number | null; }' is not assignable to parameter of type 'RiskCalculationParams'.
  Type '{ severity: "low" | "medium" | "high" | "critical"; id: number; name: string; description: string; createdAt: Date; updatedAt: Date; riskId: string; riskCategory: "operational" | "strategic" | "compliance" | "financial"; ... 4 more ...; libraryItemId: number | null; }' is missing the following properties from type 'RiskCalculationParams': contactFrequency, probabilityOfAction, threatCapability, resistanceStrength, and 3 more.
server/routes/vulnerabilities.ts(40,39): error TS2551: Property 'discoveryDate' does not exist on type 'PgTableWithColumns<{ name: "vulnerabilities"; schema: undefined; columns: { id: PgColumn<{ name: "id"; tableName: "vulnerabilities"; dataType: "number"; columnType: "PgSerial"; data: number; driverParam: number; notNull: true; ... 7 more ...; generated: undefined; }, {}, {}>; ... 17 more ...; updatedAt: PgColumn<......'. Did you mean 'discoveredDate'?
server/routes/vulnerabilities.ts(41,39): error TS2339: Property 'severityCvss3' does not exist on type 'PgTableWithColumns<{ name: "vulnerabilities"; schema: undefined; columns: { id: PgColumn<{ name: "id"; tableName: "vulnerabilities"; dataType: "number"; columnType: "PgSerial"; data: number; driverParam: number; notNull: true; ... 7 more ...; generated: undefined; }, {}, {}>; ... 17 more ...; updatedAt: PgColumn<......'.
server/routes/vulnerabilities.ts(42,34): error TS2339: Property 'patchable' does not exist on type 'PgTableWithColumns<{ name: "vulnerabilities"; schema: undefined; columns: { id: PgColumn<{ name: "id"; tableName: "vulnerabilities"; dataType: "number"; columnType: "PgSerial"; data: number; driverParam: number; notNull: true; ... 7 more ...; generated: undefined; }, {}, {}>; ... 17 more ...; updatedAt: PgColumn<......'.
server/routes/vulnerabilities.ts(43,31): error TS2339: Property 'source' does not exist on type 'PgTableWithColumns<{ name: "vulnerabilities"; schema: undefined; columns: { id: PgColumn<{ name: "id"; tableName: "vulnerabilities"; dataType: "number"; columnType: "PgSerial"; data: number; driverParam: number; notNull: true; ... 7 more ...; generated: undefined; }, {}, {}>; ... 17 more ...; updatedAt: PgColumn<......'.
server/routes/vulnerabilities.ts(48,33): error TS2339: Property 'eDetect' does not exist on type 'PgTableWithColumns<{ name: "vulnerabilities"; schema: undefined; columns: { id: PgColumn<{ name: "id"; tableName: "vulnerabilities"; dataType: "number"; columnType: "PgSerial"; data: number; driverParam: number; notNull: true; ... 7 more ...; generated: undefined; }, {}, {}>; ... 17 more ...; updatedAt: PgColumn<......'.
server/routes/vulnerabilities.ts(49,33): error TS2339: Property 'eResist' does not exist on type 'PgTableWithColumns<{ name: "vulnerabilities"; schema: undefined; columns: { id: PgColumn<{ name: "id"; tableName: "vulnerabilities"; dataType: "number"; columnType: "PgSerial"; data: number; driverParam: number; notNull: true; ... 7 more ...; generated: undefined; }, {}, {}>; ... 17 more ...; updatedAt: PgColumn<......'.
server/routes/vulnerabilities.ts(87,65): error TS2769: No overload matches this call.
  Overload 1 of 2, '(value: { severity: "low" | "medium" | "high" | "critical" | SQL<unknown> | "info" | Placeholder<string, any>; vulnerabilityId: string | SQL<unknown> | Placeholder<string, any>; ... 16 more ...; scanId?: string | ... 3 more ... | undefined; }): PgInsertBase<...>', gave the following error.
    Object literal may only specify known properties, and 'severityCvss3' does not exist in type '{ severity: "low" | "medium" | "high" | "critical" | SQL<unknown> | "info" | Placeholder<string, any>; vulnerabilityId: string | SQL<unknown> | Placeholder<string, any>; ... 16 more ...; scanId?: string | ... 3 more ... | undefined; }'.
  Overload 2 of 2, '(values: { severity: "low" | "medium" | "high" | "critical" | SQL<unknown> | "info" | Placeholder<string, any>; vulnerabilityId: string | SQL<unknown> | Placeholder<string, any>; ... 16 more ...; scanId?: string | ... 3 more ... | undefined; }[]): PgInsertBase<...>', gave the following error.
    Object literal may only specify known properties, and 'cveId' does not exist in type '{ severity: "low" | "medium" | "high" | "critical" | SQL<unknown> | "info" | Placeholder<string, any>; vulnerabilityId: string | SQL<unknown> | Placeholder<string, any>; ... 16 more ...; scanId?: string | ... 3 more ... | undefined; }[]'.
server/scripts/import-controls-to-library.ts(35,63): error TS7006: Parameter 't' implicitly has an 'any' type.
server/services/authService.ts(27,11): error TS2769: No overload matches this call.
  Overload 1 of 2, '(value: { id?: number | SQL<unknown> | Placeholder<string, any> | undefined; createdAt?: SQL<unknown> | Date | Placeholder<string, any> | undefined; updatedAt?: SQL<...> | ... 2 more ... | undefined; ... 7 more ...; defaultRole?: "admin" | ... 4 more ... | undefined; }): PgInsertBase<...>', gave the following error.
    Object literal may only specify known properties, and 'authType' does not exist in type '{ id?: number | SQL<unknown> | Placeholder<string, any> | undefined; createdAt?: SQL<unknown> | Date | Placeholder<string, any> | undefined; updatedAt?: SQL<...> | ... 2 more ... | undefined; ... 7 more ...; defaultRole?: "admin" | ... 4 more ... | undefined; }'.
  Overload 2 of 2, '(values: { id?: number | SQL<unknown> | Placeholder<string, any> | undefined; createdAt?: SQL<unknown> | Date | Placeholder<string, any> | undefined; updatedAt?: SQL<...> | ... 2 more ... | undefined; ... 7 more ...; defaultRole?: "admin" | ... 4 more ... | undefined; }[]): PgInsertBase<...>', gave the following error.
    Object literal may only specify known properties, and 'authType' does not exist in type '{ id?: number | SQL<unknown> | Placeholder<string, any> | undefined; createdAt?: SQL<unknown> | Date | Placeholder<string, any> | undefined; updatedAt?: SQL<...> | ... 2 more ... | undefined; ... 7 more ...; defaultRole?: "admin" | ... 4 more ... | undefined; }[]'.
server/services/authService.ts(63,25): error TS2339: Property 'authType' does not exist on type '{ id: number; oidcEnabled: boolean; oidcIssuer: string | null; oidcClientId: string | null; oidcClientSecret: string | null; oidcRedirectUri: string | null; oidcScopes: string[] | null; allowLocalAuth: boolean; defaultRole: "admin" | ... 1 more ... | "viewer"; createdAt: Date; updatedAt: Date; }'.
server/services/authService.ts(75,44): error TS2339: Property 'passwordMinLength' does not exist on type '{ id: number; createdAt: Date; updatedAt: Date; oidcEnabled: boolean; oidcIssuer: string | null; oidcClientId: string | null; oidcClientSecret: string | null; oidcRedirectUri: string | null; oidcScopes: string[] | null; allowLocalAuth: boolean; defaultRole: "admin" | ... 1 more ... | "viewer"; }'.
server/services/authService.ts(76,59): error TS2339: Property 'passwordMinLength' does not exist on type '{ id: number; createdAt: Date; updatedAt: Date; oidcEnabled: boolean; oidcIssuer: string | null; oidcClientId: string | null; oidcClientSecret: string | null; oidcRedirectUri: string | null; oidcScopes: string[] | null; allowLocalAuth: boolean; defaultRole: "admin" | ... 1 more ... | "viewer"; }'.
server/services/authService.ts(199,38): error TS2339: Property 'passwordMinLength' does not exist on type '{ id: number; createdAt: Date; updatedAt: Date; oidcEnabled: boolean; oidcIssuer: string | null; oidcClientId: string | null; oidcClientSecret: string | null; oidcRedirectUri: string | null; oidcScopes: string[] | null; allowLocalAuth: boolean; defaultRole: "admin" | ... 1 more ... | "viewer"; }'.
server/services/authService.ts(200,59): error TS2339: Property 'passwordMinLength' does not exist on type '{ id: number; createdAt: Date; updatedAt: Date; oidcEnabled: boolean; oidcIssuer: string | null; oidcClientId: string | null; oidcClientSecret: string | null; oidcRedirectUri: string | null; oidcScopes: string[] | null; allowLocalAuth: boolean; defaultRole: "admin" | ... 1 more ... | "viewer"; }'.
server/services/authService.ts(208,9): error TS2353: Object literal may only specify known properties, and 'mustChangePassword' does not exist in type '{ email?: string | SQL<unknown> | PgColumn<ColumnBaseConfig<ColumnDataType, string>, {}, {}> | undefined; displayName?: string | SQL<...> | PgColumn<...> | undefined; ... 30 more ...; lastFailedLogin?: SQL<...> | ... 3 more ... | undefined; }'.
server/services/calculator.ts(17,40): error TS2345: Argument of type 'string | null' is not assignable to parameter of type 'string'.
  Type 'null' is not assignable to type 'string'.
server/services/calculator.ts(21,40): error TS2345: Argument of type 'string | null' is not assignable to parameter of type 'string'.
  Type 'null' is not assignable to type 'string'.
server/services/controlService.ts(130,37): error TS2339: Property 'riskId' does not exist on type '{ id: number; name: string; description: string | null; createdAt: Date; updatedAt: Date; libraryItemId: number | null; controlId: string; controlType: "preventive" | "detective" | "corrective"; ... 11 more ...; cisMappings: unknown; }'.
server/services/controlService.ts(134,38): error TS2339: Property 'assetId' does not exist on type '{ id: number; name: string; description: string | null; createdAt: Date; updatedAt: Date; libraryItemId: number | null; controlId: string; controlType: "preventive" | "detective" | "corrective"; ... 11 more ...; cisMappings: unknown; }'.
server/services/controlService.ts(138,44): error TS2339: Property 'legalEntityId' does not exist on type '{ id: number; name: string; description: string | null; createdAt: Date; updatedAt: Date; libraryItemId: number | null; controlId: string; controlType: "preventive" | "detective" | "corrective"; ... 11 more ...; cisMappings: unknown; }'.
server/services/controlService.ts(168,17): error TS2339: Property 'riskId' does not exist on type '{ id: number; name: string; description: string | null; createdAt: Date; updatedAt: Date; libraryItemId: number | null; controlId: string; controlType: "preventive" | "detective" | "corrective"; ... 11 more ...; cisMappings: unknown; }'.
server/services/controlService.ts(200,26): error TS2339: Property 'effectiveness' does not exist on type '{ id: number; name: string; description: string | null; createdAt: Date; updatedAt: Date; libraryItemId: number | null; controlId: string; controlType: "preventive" | "detective" | "corrective"; ... 11 more ...; cisMappings: unknown; }'.
server/services/controlService.ts(200,59): error TS2339: Property 'effectiveness' does not exist on type '{ id: number; name: string; description: string | null; createdAt: Date; updatedAt: Date; libraryItemId: number | null; controlId: string; controlType: "preventive" | "detective" | "corrective"; ... 11 more ...; cisMappings: unknown; }'.
server/services/controlService.ts(204,50): error TS2339: Property 'riskId' does not exist on type '{ id: number; name: string; description: string | null; createdAt: Date; updatedAt: Date; libraryItemId: number | null; controlId: string; controlType: "preventive" | "detective" | "corrective"; ... 11 more ...; cisMappings: unknown; }'.
server/services/optimizedRiskCalculation.ts(37,23): error TS2802: Type 'MapIterator<string>' can only be iterated through when using the '--downlevelIteration' flag or with a '--target' of 'es2015' or higher.
server/services/optimizedRiskCalculation.ts(79,42): error TS2339: Property 'primaryLossMagnitudeMin' does not exist on type 'PgTableWithColumns<{ name: "risks"; schema: undefined; columns: { id: PgColumn<{ name: "id"; tableName: "risks"; dataType: "number"; columnType: "PgSerial"; data: number; driverParam: number; notNull: true; hasDefault: true; ... 6 more ...; generated: undefined; }, {}, {}>; ... 11 more ...; updatedAt: PgColumn<...>;...'.
server/services/optimizedRiskCalculation.ts(80,42): error TS2339: Property 'primaryLossMagnitudeAvg' does not exist on type 'PgTableWithColumns<{ name: "risks"; schema: undefined; columns: { id: PgColumn<{ name: "id"; tableName: "risks"; dataType: "number"; columnType: "PgSerial"; data: number; driverParam: number; notNull: true; hasDefault: true; ... 6 more ...; generated: undefined; }, {}, {}>; ... 11 more ...; updatedAt: PgColumn<...>;...'.
server/services/optimizedRiskCalculation.ts(81,42): error TS2339: Property 'primaryLossMagnitudeMax' does not exist on type 'PgTableWithColumns<{ name: "risks"; schema: undefined; columns: { id: PgColumn<{ name: "id"; tableName: "risks"; dataType: "number"; columnType: "PgSerial"; data: number; driverParam: number; notNull: true; hasDefault: true; ... 6 more ...; generated: undefined; }, {}, {}>; ... 11 more ...; updatedAt: PgColumn<...>;...'.
server/services/optimizedRiskCalculation.ts(82,42): error TS2339: Property 'threatEventFrequencyMin' does not exist on type 'PgTableWithColumns<{ name: "risks"; schema: undefined; columns: { id: PgColumn<{ name: "id"; tableName: "risks"; dataType: "number"; columnType: "PgSerial"; data: number; driverParam: number; notNull: true; hasDefault: true; ... 6 more ...; generated: undefined; }, {}, {}>; ... 11 more ...; updatedAt: PgColumn<...>;...'.
server/services/optimizedRiskCalculation.ts(83,42): error TS2339: Property 'threatEventFrequencyAvg' does not exist on type 'PgTableWithColumns<{ name: "risks"; schema: undefined; columns: { id: PgColumn<{ name: "id"; tableName: "risks"; dataType: "number"; columnType: "PgSerial"; data: number; driverParam: number; notNull: true; hasDefault: true; ... 6 more ...; generated: undefined; }, {}, {}>; ... 11 more ...; updatedAt: PgColumn<...>;...'.
server/services/optimizedRiskCalculation.ts(84,42): error TS2339: Property 'threatEventFrequencyMax' does not exist on type 'PgTableWithColumns<{ name: "risks"; schema: undefined; columns: { id: PgColumn<{ name: "id"; tableName: "risks"; dataType: "number"; columnType: "PgSerial"; data: number; driverParam: number; notNull: true; hasDefault: true; ... 6 more ...; generated: undefined; }, {}, {}>; ... 11 more ...; updatedAt: PgColumn<...>;...'.
server/services/optimizedRiskCalculation.ts(86,30): error TS2339: Property 'residualP10' does not exist on type 'PgTableWithColumns<{ name: "risks"; schema: undefined; columns: { id: PgColumn<{ name: "id"; tableName: "risks"; dataType: "number"; columnType: "PgSerial"; data: number; driverParam: number; notNull: true; hasDefault: true; ... 6 more ...; generated: undefined; }, {}, {}>; ... 11 more ...; updatedAt: PgColumn<...>;...'.
server/services/optimizedRiskCalculation.ts(87,30): error TS2339: Property 'residualP25' does not exist on type 'PgTableWithColumns<{ name: "risks"; schema: undefined; columns: { id: PgColumn<{ name: "id"; tableName: "risks"; dataType: "number"; columnType: "PgSerial"; data: number; driverParam: number; notNull: true; hasDefault: true; ... 6 more ...; generated: undefined; }, {}, {}>; ... 11 more ...; updatedAt: PgColumn<...>;...'.
server/services/optimizedRiskCalculation.ts(88,30): error TS2339: Property 'residualP50' does not exist on type 'PgTableWithColumns<{ name: "risks"; schema: undefined; columns: { id: PgColumn<{ name: "id"; tableName: "risks"; dataType: "number"; columnType: "PgSerial"; data: number; driverParam: number; notNull: true; hasDefault: true; ... 6 more ...; generated: undefined; }, {}, {}>; ... 11 more ...; updatedAt: PgColumn<...>;...'.
server/services/optimizedRiskCalculation.ts(89,30): error TS2339: Property 'residualP75' does not exist on type 'PgTableWithColumns<{ name: "risks"; schema: undefined; columns: { id: PgColumn<{ name: "id"; tableName: "risks"; dataType: "number"; columnType: "PgSerial"; data: number; driverParam: number; notNull: true; hasDefault: true; ... 6 more ...; generated: undefined; }, {}, {}>; ... 11 more ...; updatedAt: PgColumn<...>;...'.
server/services/optimizedRiskCalculation.ts(90,30): error TS2339: Property 'residualP90' does not exist on type 'PgTableWithColumns<{ name: "risks"; schema: undefined; columns: { id: PgColumn<{ name: "id"; tableName: "risks"; dataType: "number"; columnType: "PgSerial"; data: number; driverParam: number; notNull: true; hasDefault: true; ... 6 more ...; generated: undefined; }, {}, {}>; ... 11 more ...; updatedAt: PgColumn<...>;...'.
server/services/optimizedRiskCalculation.ts(91,30): error TS2339: Property 'residualP95' does not exist on type 'PgTableWithColumns<{ name: "risks"; schema: undefined; columns: { id: PgColumn<{ name: "id"; tableName: "risks"; dataType: "number"; columnType: "PgSerial"; data: number; driverParam: number; notNull: true; hasDefault: true; ... 6 more ...; generated: undefined; }, {}, {}>; ... 11 more ...; updatedAt: PgColumn<...>;...'.
server/services/optimizedRiskCalculation.ts(92,30): error TS2339: Property 'residualP99' does not exist on type 'PgTableWithColumns<{ name: "risks"; schema: undefined; columns: { id: PgColumn<{ name: "id"; tableName: "risks"; dataType: "number"; columnType: "PgSerial"; data: number; driverParam: number; notNull: true; hasDefault: true; ... 6 more ...; generated: undefined; }, {}, {}>; ... 11 more ...; updatedAt: PgColumn<...>;...'.
server/services/optimizedRiskCalculation.ts(230,11): error TS2769: No overload matches this call.
  Overload 2 of 2, '(values: { year: number | SQL<unknown> | Placeholder<string, any>; month: number | SQL<unknown> | Placeholder<string, any>; id?: number | SQL<unknown> | Placeholder<string, any> | undefined; ... 18 more ...; ninetiethPercentileExposure?: string | ... 2 more ... | undefined; }[]): PgInsertBase<...>', gave the following error.
    Object literal may only specify known properties, and 'month' does not exist in type '{ year: number | SQL<unknown> | Placeholder<string, any>; month: number | SQL<unknown> | Placeholder<string, any>; id?: number | SQL<unknown> | Placeholder<string, any> | undefined; ... 18 more ...; ninetiethPercentileExposure?: string | ... 2 more ... | undefined; }[]'.
server/services/optimizedRiskCalculation.ts(254,75): error TS2339: Property 'legalEntityId' does not exist on type 'PgTableWithColumns<{ name: "risk_summaries"; schema: undefined; columns: { id: PgColumn<{ name: "id"; tableName: "risk_summaries"; dataType: "number"; columnType: "PgSerial"; data: number; driverParam: number; notNull: true; ... 7 more ...; generated: undefined; }, {}, {}>; ... 20 more ...; updatedAt: PgColumn<...>;...'.
server/services/optimizedRiskCalculation.ts(261,13): error TS2322: Type 'number' is not assignable to type 'string | SQL<unknown> | PgColumn<ColumnBaseConfig<ColumnDataType, string>, {}, {}> | undefined'.
server/services/optimizedRiskCalculation.ts(262,13): error TS2322: Type 'number' is not assignable to type 'string | SQL<unknown> | PgColumn<ColumnBaseConfig<ColumnDataType, string>, {}, {}> | undefined'.
server/services/optimizedRiskCalculation.ts(263,13): error TS2322: Type 'number' is not assignable to type 'string | SQL<unknown> | PgColumn<ColumnBaseConfig<ColumnDataType, string>, {}, {}> | undefined'.
server/services/optimizedRiskCalculation.ts(264,13): error TS2322: Type 'number' is not assignable to type 'string | SQL<unknown> | PgColumn<ColumnBaseConfig<ColumnDataType, string>, {}, {}> | undefined'.
server/services/optimizedRiskCalculation.ts(265,13): error TS2322: Type 'number' is not assignable to type 'string | SQL<unknown> | PgColumn<ColumnBaseConfig<ColumnDataType, string>, {}, {}> | undefined'.
server/services/optimizedRiskCalculation.ts(266,13): error TS2322: Type 'number' is not assignable to type 'string | SQL<unknown> | PgColumn<ColumnBaseConfig<ColumnDataType, string>, {}, {}> | undefined'.
server/services/optimizedRiskCalculation.ts(267,13): error TS2322: Type 'number' is not assignable to type 'string | SQL<unknown> | PgColumn<ColumnBaseConfig<ColumnDataType, string>, {}, {}> | undefined'.
server/services/optimizedRiskCalculation.ts(271,13): error TS2322: Type 'number' is not assignable to type 'string | SQL<unknown> | PgColumn<ColumnBaseConfig<ColumnDataType, string>, {}, {}> | undefined'.
server/services/optimizedRiskCalculation.ts(272,13): error TS2322: Type 'number' is not assignable to type 'string | SQL<unknown> | PgColumn<ColumnBaseConfig<ColumnDataType, string>, {}, {}> | undefined'.
server/services/optimizedRiskCalculation.ts(273,13): error TS2322: Type 'number' is not assignable to type 'string | SQL<unknown> | PgColumn<ColumnBaseConfig<ColumnDataType, string>, {}, {}> | undefined'.
server/services/repositoryStorage.ts(332,14): error TS2339: Property 'isPerAgentPricing' does not exist on type 'Partial<{ id: number; name: string; description: string | null; createdAt: Date; updatedAt: Date; libraryItemId: number | null; controlId: string; controlType: "preventive" | "detective" | "corrective"; ... 11 more ...; cisMappings: unknown; }>'.
server/services/repositoryStorage.ts(332,82): error TS2339: Property 'isPerAgentPricing' does not exist on type 'Partial<{ id: number; name: string; description: string | null; createdAt: Date; updatedAt: Date; libraryItemId: number | null; controlId: string; controlType: "preventive" | "detective" | "corrective"; ... 11 more ...; cisMappings: unknown; }>'.
server/services/repositoryStorage.ts(333,14): error TS2339: Property 'deployedAgentCount' does not exist on type 'Partial<{ id: number; name: string; description: string | null; createdAt: Date; updatedAt: Date; libraryItemId: number | null; controlId: string; controlType: "preventive" | "detective" | "corrective"; ... 11 more ...; cisMappings: unknown; }>'.
server/services/repositoryStorage.ts(333,84): error TS2339: Property 'deployedAgentCount' does not exist on type 'Partial<{ id: number; name: string; description: string | null; createdAt: Date; updatedAt: Date; libraryItemId: number | null; controlId: string; controlType: "preventive" | "detective" | "corrective"; ... 11 more ...; cisMappings: unknown; }>'.
server/services/repositoryStorage.ts(334,14): error TS2339: Property 'notes' does not exist on type 'Partial<{ id: number; name: string; description: string | null; createdAt: Date; updatedAt: Date; libraryItemId: number | null; controlId: string; controlType: "preventive" | "detective" | "corrective"; ... 11 more ...; cisMappings: unknown; }>'.
server/services/repositoryStorage.ts(334,58): error TS2339: Property 'notes' does not exist on type 'Partial<{ id: number; name: string; description: string | null; createdAt: Date; updatedAt: Date; libraryItemId: number | null; controlId: string; controlType: "preventive" | "detective" | "corrective"; ... 11 more ...; cisMappings: unknown; }>'.
server/services/repositoryStorage.ts(432,69): error TS2339: Property 'createdAt' does not exist on type 'PgTableWithColumns<{ name: "activity_logs"; schema: undefined; columns: { id: PgColumn<{ name: "id"; tableName: "activity_logs"; dataType: "number"; columnType: "PgSerial"; data: number; driverParam: number; notNull: true; ... 7 more ...; generated: undefined; }, {}, {}>; ... 5 more ...; timestamp: PgColumn<...>; };...'.
server/services/resilient-storage.ts(59,51): error TS2740: Type 'DatabaseStorage' is missing the following properties from type 'IStorage': getRisksForAsset, getRiskResponseByRiskId, getActivityLog, getAssetsForRisk, and 2 more.
server/services/resilient-storage.ts(209,28): error TS2551: Property 'getRiskResponseByRiskId' does not exist on type 'DatabaseStorage'. Did you mean 'getRiskResponsesForRisk'?
server/services/resilient-storage.ts(237,28): error TS2551: Property 'getActivityLog' does not exist on type 'DatabaseStorage'. Did you mean 'getAllActivityLogs'?
server/services/resilient-storage.ts(283,52): error TS2345: Argument of type 'string' is not assignable to parameter of type 'number'.
server/services/resilient-storage.ts(366,47): error TS2345: Argument of type 'string' is not assignable to parameter of type 'number'.
server/services/resilient-storage.ts(373,28): error TS2339: Property 'getAssetsForRisk' does not exist on type 'DatabaseStorage'.
server/services/resilient-storage.ts(380,28): error TS2339: Property 'getRisksForAsset' does not exist on type 'DatabaseStorage'.
server/services/resilient-storage.ts(387,47): error TS2345: Argument of type 'string' is not assignable to parameter of type 'number'.
server/services/resilient-storage.ts(394,28): error TS2339: Property 'getControlEffectivenessForRisk' does not exist on type 'DatabaseStorage'.
server/services/resilient-storage.ts(405,28): error TS2339: Property 'calculateRiskValues' does not exist on type 'DatabaseStorage'.
server/services/responseService.ts(112,43): error TS2339: Property 'getRiskService' does not exist on type 'DatabaseStorage'.
server/services/responseService.ts(113,27): error TS2339: Property 'getRiskService' does not exist on type 'DatabaseStorage'.
server/services/responseService.ts(142,45): error TS2339: Property 'getRiskService' does not exist on type 'DatabaseStorage'.
server/services/responseService.ts(143,29): error TS2339: Property 'getRiskService' does not exist on type 'DatabaseStorage'.
server/services/responseService.ts(179,45): error TS2339: Property 'getRiskService' does not exist on type 'DatabaseStorage'.
server/services/responseService.ts(180,29): error TS2339: Property 'getRiskService' does not exist on type 'DatabaseStorage'.
server/services/riskCalculationService.ts(7,48): error TS2307: Cannot find module './vulnerabilityService' or its corresponding type declarations.
server/services/riskCalculationService.ts(11,8): error TS2307: Cannot find module '../../shared/utils/monteCarloEnhanced' or its corresponding type declarations.
server/services/riskCalculationService.ts(141,57): error TS7006: Parameter 'm' implicitly has an 'any' type.
server/services/riskService.ts(125,43): error TS2339: Property 'threatCommunity' does not exist on type '{ severity: "low" | "medium" | "high" | "critical"; id: number; name: string; description: string; createdAt: Date; updatedAt: Date; riskId: string; riskCategory: "operational" | "strategic" | "compliance" | "financial"; ... 4 more ...; libraryItemId: number | null; }'.
server/services/riskService.ts(139,33): error TS2345: Argument of type 'string | null' is not assignable to parameter of type 'string'.
  Type 'null' is not assignable to type 'string'.
server/services/riskService.ts(140,33): error TS2345: Argument of type 'string | null' is not assignable to parameter of type 'string'.
  Type 'null' is not assignable to type 'string'.
server/services/riskService.ts(143,33): error TS2345: Argument of type 'string | null' is not assignable to parameter of type 'string'.
  Type 'null' is not assignable to type 'string'.
server/services/riskService.ts(144,33): error TS2345: Argument of type 'string | null' is not assignable to parameter of type 'string'.
  Type 'null' is not assignable to type 'string'.
server/services/riskService.ts(400,9): error TS7034: Variable 'assets' implicitly has type 'any[]' in some locations where its type cannot be determined.
server/services/riskService.ts(494,21): error TS7005: Variable 'assets' implicitly has an 'any[]' type.
server/services/riskService.ts(827,30): error TS2345: Argument of type 'string | null' is not assignable to parameter of type 'string'.
  Type 'null' is not assignable to type 'string'.
server/services/riskService.ts(832,30): error TS2345: Argument of type 'string | null' is not assignable to parameter of type 'string'.
  Type 'null' is not assignable to type 'string'.
server/services/riskService.ts(838,30): error TS2345: Argument of type 'string | null' is not assignable to parameter of type 'string'.
  Type 'null' is not assignable to type 'string'.
server/services/riskService.ts(880,41): error TS2339: Property 'addRiskSummary' does not exist on type 'DatabaseStorage'.
server/services/riskService.ts(881,31): error TS2339: Property 'addRiskSummary' does not exist on type 'DatabaseStorage'.
server/services/riskSummaryService.ts(136,50): error TS2339: Property 'itemType' does not exist on type '{ id: number; riskId: string; name: string; description: string; riskCategory: "operational" | "strategic" | "compliance" | "financial"; severity: "low" | "medium" | "high" | "critical"; ... 6 more ...; updatedAt: Date; }'.
server/services/riskSummaryService.ts(136,80): error TS2339: Property 'itemType' does not exist on type '{ id: number; riskId: string; name: string; description: string; riskCategory: "operational" | "strategic" | "compliance" | "financial"; severity: "low" | "medium" | "high" | "critical"; ... 6 more ...; updatedAt: Date; }'.
server/services/riskSummaryService.ts(195,79): error TS2345: Argument of type 'string | null' is not assignable to parameter of type 'string'.
  Type 'null' is not assignable to type 'string'.
server/services/riskSummaryService.ts(196,79): error TS2345: Argument of type 'string | null' is not assignable to parameter of type 'string'.
  Type 'null' is not assignable to type 'string'.
server/services/riskSummaryService.ts(236,45): error TS2769: No overload matches this call.
  Overload 1 of 2, '(value: { year: number | SQL<unknown> | Placeholder<string, any>; month: number | SQL<unknown> | Placeholder<string, any>; id?: number | SQL<unknown> | Placeholder<string, any> | undefined; ... 18 more ...; ninetiethPercentileExposure?: string | ... 2 more ... | undefined; }): PgInsertBase<...>', gave the following error.
    Argument of type '{ year: number; month: number; legalEntityId: string | null; totalRisks: number; criticalRisks: number; highRisks: number; mediumRisks: number; lowRisks: number; totalInherentRisk: number; ... 11 more ...; ninetiethPercentileExposure: number; }' is not assignable to parameter of type '{ year: number | SQL<unknown> | Placeholder<string, any>; month: number | SQL<unknown> | Placeholder<string, any>; id?: number | SQL<unknown> | Placeholder<string, any> | undefined; ... 18 more ...; ninetiethPercentileExposure?: string | ... 2 more ... | undefined; }'.
      Types of property 'totalInherentRisk' are incompatible.
        Type 'number' is not assignable to type 'string | SQL<unknown> | Placeholder<string, any> | undefined'.
  Overload 2 of 2, '(values: { year: number | SQL<unknown> | Placeholder<string, any>; month: number | SQL<unknown> | Placeholder<string, any>; id?: number | SQL<unknown> | Placeholder<string, any> | undefined; ... 18 more ...; ninetiethPercentileExposure?: string | ... 2 more ... | undefined; }[]): PgInsertBase<...>', gave the following error.
    Argument of type '{ year: number; month: number; legalEntityId: string | null; totalRisks: number; criticalRisks: number; highRisks: number; mediumRisks: number; lowRisks: number; totalInherentRisk: number; ... 11 more ...; ninetiethPercentileExposure: number; }' is not assignable to parameter of type '{ year: number | SQL<unknown> | Placeholder<string, any>; month: number | SQL<unknown> | Placeholder<string, any>; id?: number | SQL<unknown> | Placeholder<string, any> | undefined; ... 18 more ...; ninetiethPercentileExposure?: string | ... 2 more ... | undefined; }[]'.
      Type '{ year: number; month: number; legalEntityId: string | null; totalRisks: number; criticalRisks: number; highRisks: number; mediumRisks: number; lowRisks: number; totalInherentRisk: number; ... 11 more ...; ninetiethPercentileExposure: number; }' is missing the following properties from type '{ year: number | SQL<unknown> | Placeholder<string, any>; month: number | SQL<unknown> | Placeholder<string, any>; id?: number | SQL<unknown> | Placeholder<string, any> | undefined; ... 18 more ...; ninetiethPercentileExposure?: string | ... 2 more ... | undefined; }[]': length, pop, push, concat, and 35 more.
server/services/riskSummaryService.ts(260,35): error TS2339: Property 'legalEntityId' does not exist on type 'PgTableWithColumns<{ name: "risk_summaries"; schema: undefined; columns: { id: PgColumn<{ name: "id"; tableName: "risk_summaries"; dataType: "number"; columnType: "PgSerial"; data: number; driverParam: number; notNull: true; ... 7 more ...; generated: undefined; }, {}, {}>; ... 20 more ...; updatedAt: PgColumn<...>;...'.
server/services/storage.ts(237,31): error TS18047: 'risk.associatedAssets' is possibly 'null'.
server/services/storage.ts(304,14): error TS2339: Property 'contactFrequencyMin' does not exist on type 'Partial<{ severity: "low" | "medium" | "high" | "critical"; id: number; name: string; description: string; createdAt: Date; updatedAt: Date; riskId: string; riskCategory: "operational" | "strategic" | "compliance" | "financial"; ... 4 more ...; libraryItemId: number | null; }>'.
server/services/storage.ts(305,14): error TS2339: Property 'contactFrequencyAvg' does not exist on type 'Partial<{ severity: "low" | "medium" | "high" | "critical"; id: number; name: string; description: string; createdAt: Date; updatedAt: Date; riskId: string; riskCategory: "operational" | "strategic" | "compliance" | "financial"; ... 4 more ...; libraryItemId: number | null; }>'.
server/services/storage.ts(306,14): error TS2339: Property 'contactFrequencyMax' does not exist on type 'Partial<{ severity: "low" | "medium" | "high" | "critical"; id: number; name: string; description: string; createdAt: Date; updatedAt: Date; riskId: string; riskCategory: "operational" | "strategic" | "compliance" | "financial"; ... 4 more ...; libraryItemId: number | null; }>'.
server/services/storage.ts(307,14): error TS2339: Property 'probabilityOfActionMin' does not exist on type 'Partial<{ severity: "low" | "medium" | "high" | "critical"; id: number; name: string; description: string; createdAt: Date; updatedAt: Date; riskId: string; riskCategory: "operational" | "strategic" | "compliance" | "financial"; ... 4 more ...; libraryItemId: number | null; }>'.
server/services/storage.ts(308,14): error TS2339: Property 'probabilityOfActionAvg' does not exist on type 'Partial<{ severity: "low" | "medium" | "high" | "critical"; id: number; name: string; description: string; createdAt: Date; updatedAt: Date; riskId: string; riskCategory: "operational" | "strategic" | "compliance" | "financial"; ... 4 more ...; libraryItemId: number | null; }>'.
server/services/storage.ts(309,14): error TS2339: Property 'probabilityOfActionMax' does not exist on type 'Partial<{ severity: "low" | "medium" | "high" | "critical"; id: number; name: string; description: string; createdAt: Date; updatedAt: Date; riskId: string; riskCategory: "operational" | "strategic" | "compliance" | "financial"; ... 4 more ...; libraryItemId: number | null; }>'.
server/services/storage.ts(310,14): error TS2339: Property 'threatCapabilityMin' does not exist on type 'Partial<{ severity: "low" | "medium" | "high" | "critical"; id: number; name: string; description: string; createdAt: Date; updatedAt: Date; riskId: string; riskCategory: "operational" | "strategic" | "compliance" | "financial"; ... 4 more ...; libraryItemId: number | null; }>'.
server/services/storage.ts(311,14): error TS2339: Property 'threatCapabilityAvg' does not exist on type 'Partial<{ severity: "low" | "medium" | "high" | "critical"; id: number; name: string; description: string; createdAt: Date; updatedAt: Date; riskId: string; riskCategory: "operational" | "strategic" | "compliance" | "financial"; ... 4 more ...; libraryItemId: number | null; }>'.
server/services/storage.ts(312,14): error TS2339: Property 'threatCapabilityMax' does not exist on type 'Partial<{ severity: "low" | "medium" | "high" | "critical"; id: number; name: string; description: string; createdAt: Date; updatedAt: Date; riskId: string; riskCategory: "operational" | "strategic" | "compliance" | "financial"; ... 4 more ...; libraryItemId: number | null; }>'.
server/services/storage.ts(313,14): error TS2339: Property 'resistanceStrengthMin' does not exist on type 'Partial<{ severity: "low" | "medium" | "high" | "critical"; id: number; name: string; description: string; createdAt: Date; updatedAt: Date; riskId: string; riskCategory: "operational" | "strategic" | "compliance" | "financial"; ... 4 more ...; libraryItemId: number | null; }>'.
server/services/storage.ts(314,14): error TS2339: Property 'resistanceStrengthAvg' does not exist on type 'Partial<{ severity: "low" | "medium" | "high" | "critical"; id: number; name: string; description: string; createdAt: Date; updatedAt: Date; riskId: string; riskCategory: "operational" | "strategic" | "compliance" | "financial"; ... 4 more ...; libraryItemId: number | null; }>'.
server/services/storage.ts(315,14): error TS2339: Property 'resistanceStrengthMax' does not exist on type 'Partial<{ severity: "low" | "medium" | "high" | "critical"; id: number; name: string; description: string; createdAt: Date; updatedAt: Date; riskId: string; riskCategory: "operational" | "strategic" | "compliance" | "financial"; ... 4 more ...; libraryItemId: number | null; }>'.
server/services/storage.ts(316,14): error TS2339: Property 'primaryLossMagnitudeMin' does not exist on type 'Partial<{ severity: "low" | "medium" | "high" | "critical"; id: number; name: string; description: string; createdAt: Date; updatedAt: Date; riskId: string; riskCategory: "operational" | "strategic" | "compliance" | "financial"; ... 4 more ...; libraryItemId: number | null; }>'.
server/services/storage.ts(317,14): error TS2339: Property 'primaryLossMagnitudeAvg' does not exist on type 'Partial<{ severity: "low" | "medium" | "high" | "critical"; id: number; name: string; description: string; createdAt: Date; updatedAt: Date; riskId: string; riskCategory: "operational" | "strategic" | "compliance" | "financial"; ... 4 more ...; libraryItemId: number | null; }>'.
server/services/storage.ts(318,14): error TS2339: Property 'primaryLossMagnitudeMax' does not exist on type 'Partial<{ severity: "low" | "medium" | "high" | "critical"; id: number; name: string; description: string; createdAt: Date; updatedAt: Date; riskId: string; riskCategory: "operational" | "strategic" | "compliance" | "financial"; ... 4 more ...; libraryItemId: number | null; }>'.
server/services/storage.ts(319,14): error TS2339: Property 'secondaryLossEventFrequencyMin' does not exist on type 'Partial<{ severity: "low" | "medium" | "high" | "critical"; id: number; name: string; description: string; createdAt: Date; updatedAt: Date; riskId: string; riskCategory: "operational" | "strategic" | "compliance" | "financial"; ... 4 more ...; libraryItemId: number | null; }>'.
server/services/storage.ts(320,14): error TS2339: Property 'secondaryLossEventFrequencyAvg' does not exist on type 'Partial<{ severity: "low" | "medium" | "high" | "critical"; id: number; name: string; description: string; createdAt: Date; updatedAt: Date; riskId: string; riskCategory: "operational" | "strategic" | "compliance" | "financial"; ... 4 more ...; libraryItemId: number | null; }>'.
server/services/storage.ts(321,14): error TS2339: Property 'secondaryLossEventFrequencyMax' does not exist on type 'Partial<{ severity: "low" | "medium" | "high" | "critical"; id: number; name: string; description: string; createdAt: Date; updatedAt: Date; riskId: string; riskCategory: "operational" | "strategic" | "compliance" | "financial"; ... 4 more ...; libraryItemId: number | null; }>'.
server/services/storage.ts(322,14): error TS2339: Property 'secondaryLossMagnitudeMin' does not exist on type 'Partial<{ severity: "low" | "medium" | "high" | "critical"; id: number; name: string; description: string; createdAt: Date; updatedAt: Date; riskId: string; riskCategory: "operational" | "strategic" | "compliance" | "financial"; ... 4 more ...; libraryItemId: number | null; }>'.
server/services/storage.ts(323,14): error TS2339: Property 'secondaryLossMagnitudeAvg' does not exist on type 'Partial<{ severity: "low" | "medium" | "high" | "critical"; id: number; name: string; description: string; createdAt: Date; updatedAt: Date; riskId: string; riskCategory: "operational" | "strategic" | "compliance" | "financial"; ... 4 more ...; libraryItemId: number | null; }>'.
server/services/storage.ts(324,14): error TS2339: Property 'secondaryLossMagnitudeMax' does not exist on type 'Partial<{ severity: "low" | "medium" | "high" | "critical"; id: number; name: string; description: string; createdAt: Date; updatedAt: Date; riskId: string; riskCategory: "operational" | "strategic" | "compliance" | "financial"; ... 4 more ...; libraryItemId: number | null; }>'.
server/services/storage.ts(430,24): error TS2345: Argument of type 'number | null' is not assignable to parameter of type 'number'.
  Type 'null' is not assignable to type 'number'.
server/services/storage.ts(435,55): error TS2345: Argument of type '{ severity: "low" | "medium" | "high" | "critical"; id: number; name: string; description: string; createdAt: Date; updatedAt: Date; riskId: string; riskCategory: "operational" | "strategic" | "compliance" | "financial"; ... 4 more ...; libraryItemId: number | null; }' is not assignable to parameter of type 'RiskCalculationParams'.
  Type '{ severity: "low" | "medium" | "high" | "critical"; id: number; name: string; description: string; createdAt: Date; updatedAt: Date; riskId: string; riskCategory: "operational" | "strategic" | "compliance" | "financial"; ... 4 more ...; libraryItemId: number | null; }' is missing the following properties from type 'RiskCalculationParams': contactFrequency, probabilityOfAction, threatCapability, resistanceStrength, and 3 more.
server/services/storage.ts(495,9): error TS2339: Property 'createdAt' does not exist on type '{ id: number; entityId: string; action: string; entityType: string; userId: string; details: unknown; timestamp: Date; }'.
server/services/storage.ts(495,33): error TS2339: Property 'createdAt' does not exist on type '{ id: number; entityId: string; action: string; entityType: string; userId: string; details: unknown; timestamp: Date; }'.
server/services/storage.ts(569,39): error TS2345: Argument of type 'number | null' is not assignable to parameter of type 'number'.
  Type 'null' is not assignable to type 'number'.
server/services/storage.ts(587,47): error TS2345: Argument of type '{ severity: "low" | "medium" | "high" | "critical"; id: number; name: string; description: string; createdAt: Date; updatedAt: Date; riskId: string; riskCategory: "operational" | "strategic" | "compliance" | "financial"; ... 4 more ...; libraryItemId: number | null; }' is not assignable to parameter of type 'RiskCalculationParams'.
  Type '{ severity: "low" | "medium" | "high" | "critical"; id: number; name: string; description: string; createdAt: Date; updatedAt: Date; riskId: string; riskCategory: "operational" | "strategic" | "compliance" | "financial"; ... 4 more ...; libraryItemId: number | null; }' is missing the following properties from type 'RiskCalculationParams': contactFrequency, probabilityOfAction, threatCapability, resistanceStrength, and 3 more.
server/services/storage.ts(596,5): error TS2322: Type '{ inherentRisk: number; residualRisk: number; susceptibility: number; inherentPercentiles?: FairCalculationResult | undefined; residualPercentiles?: FairCalculationResult | undefined; ... 5 more ...; susceptibilityDetail: { ...; }; }' is not assignable to type '{ inherentRisk: number; residualRisk: number; monteCarloResults?: { mean: number; p10: number; p50: number; p90: number; max: number; } | undefined; }'.
  Types of property 'monteCarloResults' are incompatible.
    Type '{ mean: number; p05: number; p25: number; p50: number; p75: number; p95: number; max: number; }' is missing the following properties from type '{ mean: number; p10: number; p50: number; p90: number; max: number; }': p10, p90
server/services/storage.ts(602,12): error TS2339: Property 'itemType' does not exist on type '{ severity: "low" | "medium" | "high" | "critical"; id: number; name: string; description: string; createdAt: Date; updatedAt: Date; riskId: string; riskCategory: "operational" | "strategic" | "compliance" | "financial"; ... 4 more ...; libraryItemId: number | null; }'.
server/services/storage.ts(608,25): error TS2339: Property 'itemType' does not exist on type '{ severity: "low" | "medium" | "high" | "critical"; id: number; name: string; description: string; createdAt: Date; updatedAt: Date; riskId: string; riskCategory: "operational" | "strategic" | "compliance" | "financial"; ... 4 more ...; libraryItemId: number | null; }'.
server/services/storage.ts(627,15): error TS2339: Property 'itemType' does not exist on type '{ id: number; name: string; description: string | null; createdAt: Date; updatedAt: Date; libraryItemId: number | null; controlId: string; controlType: "preventive" | "detective" | "corrective"; ... 11 more ...; cisMappings: unknown; }'.
server/services/storage.ts(633,25): error TS2339: Property 'itemType' does not exist on type '{ id: number; name: string; description: string | null; createdAt: Date; updatedAt: Date; libraryItemId: number | null; controlId: string; controlType: "preventive" | "detective" | "corrective"; ... 11 more ...; cisMappings: unknown; }'.
server/services/storage.ts(732,14): error TS2420: Class 'DatabaseStorage' incorrectly implements interface 'IStorage'.
  Type 'DatabaseStorage' is missing the following properties from type 'IStorage': getAssetsByIds, getAllRiskLibraryItems, getRiskLibraryItem, createRiskLibraryItem, and 3 more.
server/services/storage.ts(1003,34): error TS2339: Property 'createdAt' does not exist on type 'PgTableWithColumns<{ name: "activity_logs"; schema: undefined; columns: { id: PgColumn<{ name: "id"; tableName: "activity_logs"; dataType: "number"; columnType: "PgSerial"; data: number; driverParam: number; notNull: true; ... 7 more ...; generated: undefined; }, {}, {}>; ... 5 more ...; timestamp: PgColumn<...>; };...'.
server/services/storage.ts(1122,39): error TS2345: Argument of type 'number | null' is not assignable to parameter of type 'number'.
  Type 'null' is not assignable to type 'number'.
server/services/storage.ts(1143,47): error TS2345: Argument of type '{ severity: "low" | "medium" | "high" | "critical"; id: number; name: string; description: string; createdAt: Date; updatedAt: Date; riskId: string; riskCategory: "operational" | "strategic" | "compliance" | "financial"; ... 4 more ...; libraryItemId: number | null; }' is not assignable to parameter of type 'RiskCalculationParams'.
  Type '{ severity: "low" | "medium" | "high" | "critical"; id: number; name: string; description: string; createdAt: Date; updatedAt: Date; riskId: string; riskCategory: "operational" | "strategic" | "compliance" | "financial"; ... 4 more ...; libraryItemId: number | null; }' is missing the following properties from type 'RiskCalculationParams': contactFrequency, probabilityOfAction, threatCapability, resistanceStrength, and 3 more.
server/services/storage.ts(1152,5): error TS2322: Type '{ inherentRisk: number; residualRisk: number; susceptibility: number; inherentPercentiles?: FairCalculationResult | undefined; residualPercentiles?: FairCalculationResult | undefined; ... 5 more ...; susceptibilityDetail: { ...; }; }' is not assignable to type '{ inherentRisk: number; residualRisk: number; monteCarloResults?: { mean: number; p10: number; p50: number; p90: number; max: number; } | undefined; }'.
  Types of property 'monteCarloResults' are incompatible.
    Type '{ mean: number; p05: number; p25: number; p50: number; p75: number; p95: number; max: number; }' is missing the following properties from type '{ mean: number; p10: number; p50: number; p90: number; max: number; }': p10, p90
server/utils/vite.ts(45,5): error TS2322: Type '{ middlewareMode: boolean; hmr: { server: Server<typeof IncomingMessage, typeof ServerResponse>; }; allowedHosts: boolean; }' is not assignable to type 'ServerOptions$1 | ResolvedServerOptions | undefined'.
  Type '{ middlewareMode: boolean; hmr: { server: Server<typeof IncomingMessage, typeof ServerResponse>; }; allowedHosts: boolean; }' is missing the following properties from type 'ResolvedServerOptions': fs, sourcemapIgnoreList, open, port, and 7 more.
shared/utils/calculationManager.ts(12,10): error TS2724: '"./calculations"' has no exported member named 'calculateInherentRiskValue'. Did you mean 'calculateInherentRisk'?
shared/utils/calculationManager.ts(12,38): error TS2724: '"./calculations"' has no exported member named 'calculateResidualRiskValue'. Did you mean 'calculateRiskValues'?
shared/utils/calculationManager.ts(13,10): error TS2305: Module '"./monteCarlo"' has no exported member 'runMonteCarloSimulation'.
shared/utils/calculationManager.ts(122,31): error TS2339: Property 'contactFrequencyMin' does not exist on type '{ severity: "low" | "medium" | "high" | "critical"; id: number; name: string; description: string; createdAt: Date; updatedAt: Date; riskId: string; riskCategory: "operational" | "strategic" | "compliance" | "financial"; ... 4 more ...; libraryItemId: number | null; }'.
shared/utils/calculationManager.ts(122,70): error TS2339: Property 'threatEventFrequencyMin' does not exist on type '{ severity: "low" | "medium" | "high" | "critical"; id: number; name: string; description: string; createdAt: Date; updatedAt: Date; riskId: string; riskCategory: "operational" | "strategic" | "compliance" | "financial"; ... 4 more ...; libraryItemId: number | null; }'.
shared/utils/calculationManager.ts(123,31): error TS2339: Property 'contactFrequencyAvg' does not exist on type '{ severity: "low" | "medium" | "high" | "critical"; id: number; name: string; description: string; createdAt: Date; updatedAt: Date; riskId: string; riskCategory: "operational" | "strategic" | "compliance" | "financial"; ... 4 more ...; libraryItemId: number | null; }'.
shared/utils/calculationManager.ts(123,70): error TS2339: Property 'threatEventFrequencyAvg' does not exist on type '{ severity: "low" | "medium" | "high" | "critical"; id: number; name: string; description: string; createdAt: Date; updatedAt: Date; riskId: string; riskCategory: "operational" | "strategic" | "compliance" | "financial"; ... 4 more ...; libraryItemId: number | null; }'.
shared/utils/calculationManager.ts(124,31): error TS2339: Property 'contactFrequencyMax' does not exist on type '{ severity: "low" | "medium" | "high" | "critical"; id: number; name: string; description: string; createdAt: Date; updatedAt: Date; riskId: string; riskCategory: "operational" | "strategic" | "compliance" | "financial"; ... 4 more ...; libraryItemId: number | null; }'.
shared/utils/calculationManager.ts(124,70): error TS2339: Property 'threatEventFrequencyMax' does not exist on type '{ severity: "low" | "medium" | "high" | "critical"; id: number; name: string; description: string; createdAt: Date; updatedAt: Date; riskId: string; riskCategory: "operational" | "strategic" | "compliance" | "financial"; ... 4 more ...; libraryItemId: number | null; }'.
shared/utils/calculationManager.ts(125,38): error TS2339: Property 'contactFrequencyConfidence' does not exist on type '{ severity: "low" | "medium" | "high" | "critical"; id: number; name: string; description: string; createdAt: Date; updatedAt: Date; riskId: string; riskCategory: "operational" | "strategic" | "compliance" | "financial"; ... 4 more ...; libraryItemId: number | null; }'.
shared/utils/calculationManager.ts(125,73): error TS2339: Property 'threatEventFrequencyConfidence' does not exist on type '{ severity: "low" | "medium" | "high" | "critical"; id: number; name: string; description: string; createdAt: Date; updatedAt: Date; riskId: string; riskCategory: "operational" | "strategic" | "compliance" | "financial"; ... 4 more ...; libraryItemId: number | null; }'.
shared/utils/calculationManager.ts(128,34): error TS2339: Property 'probabilityOfActionMin' does not exist on type '{ severity: "low" | "medium" | "high" | "critical"; id: number; name: string; description: string; createdAt: Date; updatedAt: Date; riskId: string; riskCategory: "operational" | "strategic" | "compliance" | "financial"; ... 4 more ...; libraryItemId: number | null; }'.
shared/utils/calculationManager.ts(129,34): error TS2339: Property 'probabilityOfActionAvg' does not exist on type '{ severity: "low" | "medium" | "high" | "critical"; id: number; name: string; description: string; createdAt: Date; updatedAt: Date; riskId: string; riskCategory: "operational" | "strategic" | "compliance" | "financial"; ... 4 more ...; libraryItemId: number | null; }'.
shared/utils/calculationManager.ts(130,34): error TS2339: Property 'probabilityOfActionMax' does not exist on type '{ severity: "low" | "medium" | "high" | "critical"; id: number; name: string; description: string; createdAt: Date; updatedAt: Date; riskId: string; riskCategory: "operational" | "strategic" | "compliance" | "financial"; ... 4 more ...; libraryItemId: number | null; }'.
shared/utils/calculationManager.ts(131,41): error TS2339: Property 'probabilityOfActionConfidence' does not exist on type '{ severity: "low" | "medium" | "high" | "critical"; id: number; name: string; description: string; createdAt: Date; updatedAt: Date; riskId: string; riskCategory: "operational" | "strategic" | "compliance" | "financial"; ... 4 more ...; libraryItemId: number | null; }'.
shared/utils/calculationManager.ts(134,31): error TS2339: Property 'threatCapabilityMin' does not exist on type '{ severity: "low" | "medium" | "high" | "critical"; id: number; name: string; description: string; createdAt: Date; updatedAt: Date; riskId: string; riskCategory: "operational" | "strategic" | "compliance" | "financial"; ... 4 more ...; libraryItemId: number | null; }'.
shared/utils/calculationManager.ts(135,31): error TS2339: Property 'threatCapabilityAvg' does not exist on type '{ severity: "low" | "medium" | "high" | "critical"; id: number; name: string; description: string; createdAt: Date; updatedAt: Date; riskId: string; riskCategory: "operational" | "strategic" | "compliance" | "financial"; ... 4 more ...; libraryItemId: number | null; }'.
shared/utils/calculationManager.ts(136,31): error TS2339: Property 'threatCapabilityMax' does not exist on type '{ severity: "low" | "medium" | "high" | "critical"; id: number; name: string; description: string; createdAt: Date; updatedAt: Date; riskId: string; riskCategory: "operational" | "strategic" | "compliance" | "financial"; ... 4 more ...; libraryItemId: number | null; }'.
shared/utils/calculationManager.ts(137,38): error TS2339: Property 'threatCapabilityConfidence' does not exist on type '{ severity: "low" | "medium" | "high" | "critical"; id: number; name: string; description: string; createdAt: Date; updatedAt: Date; riskId: string; riskCategory: "operational" | "strategic" | "compliance" | "financial"; ... 4 more ...; libraryItemId: number | null; }'.
shared/utils/calculationManager.ts(140,33): error TS2339: Property 'resistanceStrengthMin' does not exist on type '{ severity: "low" | "medium" | "high" | "critical"; id: number; name: string; description: string; createdAt: Date; updatedAt: Date; riskId: string; riskCategory: "operational" | "strategic" | "compliance" | "financial"; ... 4 more ...; libraryItemId: number | null; }'.
shared/utils/calculationManager.ts(141,33): error TS2339: Property 'resistanceStrengthAvg' does not exist on type '{ severity: "low" | "medium" | "high" | "critical"; id: number; name: string; description: string; createdAt: Date; updatedAt: Date; riskId: string; riskCategory: "operational" | "strategic" | "compliance" | "financial"; ... 4 more ...; libraryItemId: number | null; }'.
shared/utils/calculationManager.ts(142,33): error TS2339: Property 'resistanceStrengthMax' does not exist on type '{ severity: "low" | "medium" | "high" | "critical"; id: number; name: string; description: string; createdAt: Date; updatedAt: Date; riskId: string; riskCategory: "operational" | "strategic" | "compliance" | "financial"; ... 4 more ...; libraryItemId: number | null; }'.
shared/utils/calculationManager.ts(143,40): error TS2339: Property 'resistanceStrengthConfidence' does not exist on type '{ severity: "low" | "medium" | "high" | "critical"; id: number; name: string; description: string; createdAt: Date; updatedAt: Date; riskId: string; riskCategory: "operational" | "strategic" | "compliance" | "financial"; ... 4 more ...; libraryItemId: number | null; }'.
shared/utils/calculationManager.ts(146,35): error TS2339: Property 'primaryLossMagnitudeMin' does not exist on type '{ severity: "low" | "medium" | "high" | "critical"; id: number; name: string; description: string; createdAt: Date; updatedAt: Date; riskId: string; riskCategory: "operational" | "strategic" | "compliance" | "financial"; ... 4 more ...; libraryItemId: number | null; }'.
shared/utils/calculationManager.ts(146,78): error TS2339: Property 'lossMagnitudeMin' does not exist on type '{ severity: "low" | "medium" | "high" | "critical"; id: number; name: string; description: string; createdAt: Date; updatedAt: Date; riskId: string; riskCategory: "operational" | "strategic" | "compliance" | "financial"; ... 4 more ...; libraryItemId: number | null; }'.
shared/utils/calculationManager.ts(147,35): error TS2339: Property 'primaryLossMagnitudeAvg' does not exist on type '{ severity: "low" | "medium" | "high" | "critical"; id: number; name: string; description: string; createdAt: Date; updatedAt: Date; riskId: string; riskCategory: "operational" | "strategic" | "compliance" | "financial"; ... 4 more ...; libraryItemId: number | null; }'.
shared/utils/calculationManager.ts(147,78): error TS2339: Property 'lossMagnitudeAvg' does not exist on type '{ severity: "low" | "medium" | "high" | "critical"; id: number; name: string; description: string; createdAt: Date; updatedAt: Date; riskId: string; riskCategory: "operational" | "strategic" | "compliance" | "financial"; ... 4 more ...; libraryItemId: number | null; }'.
shared/utils/calculationManager.ts(148,35): error TS2339: Property 'primaryLossMagnitudeMax' does not exist on type '{ severity: "low" | "medium" | "high" | "critical"; id: number; name: string; description: string; createdAt: Date; updatedAt: Date; riskId: string; riskCategory: "operational" | "strategic" | "compliance" | "financial"; ... 4 more ...; libraryItemId: number | null; }'.
shared/utils/calculationManager.ts(148,78): error TS2339: Property 'lossMagnitudeMax' does not exist on type '{ severity: "low" | "medium" | "high" | "critical"; id: number; name: string; description: string; createdAt: Date; updatedAt: Date; riskId: string; riskCategory: "operational" | "strategic" | "compliance" | "financial"; ... 4 more ...; libraryItemId: number | null; }'.
shared/utils/calculationManager.ts(149,42): error TS2339: Property 'primaryLossMagnitudeConfidence' does not exist on type '{ severity: "low" | "medium" | "high" | "critical"; id: number; name: string; description: string; createdAt: Date; updatedAt: Date; riskId: string; riskCategory: "operational" | "strategic" | "compliance" | "financial"; ... 4 more ...; libraryItemId: number | null; }'.
shared/utils/calculationManager.ts(149,81): error TS2339: Property 'lossMagnitudeConfidence' does not exist on type '{ severity: "low" | "medium" | "high" | "critical"; id: number; name: string; description: string; createdAt: Date; updatedAt: Date; riskId: string; riskCategory: "operational" | "strategic" | "compliance" | "financial"; ... 4 more ...; libraryItemId: number | null; }'.
shared/utils/calculationManager.ts(152,42): error TS2339: Property 'secondaryLossEventFrequencyMin' does not exist on type '{ severity: "low" | "medium" | "high" | "critical"; id: number; name: string; description: string; createdAt: Date; updatedAt: Date; riskId: string; riskCategory: "operational" | "strategic" | "compliance" | "financial"; ... 4 more ...; libraryItemId: number | null; }'.
shared/utils/calculationManager.ts(153,42): error TS2339: Property 'secondaryLossEventFrequencyAvg' does not exist on type '{ severity: "low" | "medium" | "high" | "critical"; id: number; name: string; description: string; createdAt: Date; updatedAt: Date; riskId: string; riskCategory: "operational" | "strategic" | "compliance" | "financial"; ... 4 more ...; libraryItemId: number | null; }'.
shared/utils/calculationManager.ts(154,42): error TS2339: Property 'secondaryLossEventFrequencyMax' does not exist on type '{ severity: "low" | "medium" | "high" | "critical"; id: number; name: string; description: string; createdAt: Date; updatedAt: Date; riskId: string; riskCategory: "operational" | "strategic" | "compliance" | "financial"; ... 4 more ...; libraryItemId: number | null; }'.
shared/utils/calculationManager.ts(155,49): error TS2339: Property 'secondaryLossEventFrequencyConfidence' does not exist on type '{ severity: "low" | "medium" | "high" | "critical"; id: number; name: string; description: string; createdAt: Date; updatedAt: Date; riskId: string; riskCategory: "operational" | "strategic" | "compliance" | "financial"; ... 4 more ...; libraryItemId: number | null; }'.
shared/utils/calculationManager.ts(158,37): error TS2339: Property 'secondaryLossMagnitudeMin' does not exist on type '{ severity: "low" | "medium" | "high" | "critical"; id: number; name: string; description: string; createdAt: Date; updatedAt: Date; riskId: string; riskCategory: "operational" | "strategic" | "compliance" | "financial"; ... 4 more ...; libraryItemId: number | null; }'.
shared/utils/calculationManager.ts(159,37): error TS2339: Property 'secondaryLossMagnitudeAvg' does not exist on type '{ severity: "low" | "medium" | "high" | "critical"; id: number; name: string; description: string; createdAt: Date; updatedAt: Date; riskId: string; riskCategory: "operational" | "strategic" | "compliance" | "financial"; ... 4 more ...; libraryItemId: number | null; }'.
shared/utils/calculationManager.ts(160,37): error TS2339: Property 'secondaryLossMagnitudeMax' does not exist on type '{ severity: "low" | "medium" | "high" | "critical"; id: number; name: string; description: string; createdAt: Date; updatedAt: Date; riskId: string; riskCategory: "operational" | "strategic" | "compliance" | "financial"; ... 4 more ...; libraryItemId: number | null; }'.
shared/utils/calculationManager.ts(161,44): error TS2339: Property 'secondaryLossMagnitudeConfidence' does not exist on type '{ severity: "low" | "medium" | "high" | "critical"; id: number; name: string; description: string; createdAt: Date; updatedAt: Date; riskId: string; riskCategory: "operational" | "strategic" | "compliance" | "financial"; ... 4 more ...; libraryItemId: number | null; }'.
shared/utils/calculationManager.ts(188,31): error TS2339: Property 'threatCommunity' does not exist on type 'Partial<{ severity: "low" | "medium" | "high" | "critical"; id: number; name: string; description: string; createdAt: Date; updatedAt: Date; riskId: string; riskCategory: "operational" | "strategic" | "compliance" | "financial"; ... 4 more ...; libraryItemId: number | null; }>'.
shared/utils/calculationManager.ts(189,29): error TS2339: Property 'vulnerability' does not exist on type 'Partial<{ severity: "low" | "medium" | "high" | "critical"; id: number; name: string; description: string; createdAt: Date; updatedAt: Date; riskId: string; riskCategory: "operational" | "strategic" | "compliance" | "financial"; ... 4 more ...; libraryItemId: number | null; }>'.
shared/utils/calculationManager.ts(192,22): error TS2339: Property 'status' does not exist on type 'Partial<{ severity: "low" | "medium" | "high" | "critical"; id: number; name: string; description: string; createdAt: Date; updatedAt: Date; riskId: string; riskCategory: "operational" | "strategic" | "compliance" | "financial"; ... 4 more ...; libraryItemId: number | null; }>'.
shared/utils/calculationManager.ts(264,24): error TS2339: Property 'itemType' does not exist on type 'Partial<{ severity: "low" | "medium" | "high" | "critical"; id: number; name: string; description: string; createdAt: Date; updatedAt: Date; riskId: string; riskCategory: "operational" | "strategic" | "compliance" | "financial"; ... 4 more ...; libraryItemId: number | null; }>'.
shared/utils/calculationManager.ts(267,29): error TS2339: Property 'legalEntityId' does not exist on type 'Partial<{ severity: "low" | "medium" | "high" | "critical"; id: number; name: string; description: string; createdAt: Date; updatedAt: Date; riskId: string; riskCategory: "operational" | "strategic" | "compliance" | "financial"; ... 4 more ...; libraryItemId: number | null; }>'.
shared/utils/calculationManager.ts(268,35): error TS2339: Property 'businessCriticality' does not exist on type 'Partial<{ severity: "low" | "medium" | "high" | "critical"; id: number; name: string; description: string; createdAt: Date; updatedAt: Date; riskId: string; riskCategory: "operational" | "strategic" | "compliance" | "financial"; ... 4 more ...; libraryItemId: number | null; }>'.
shared/utils/calculationManager.ts(269,24): error TS2339: Property 'dqrating' does not exist on type 'Partial<{ severity: "low" | "medium" | "high" | "critical"; id: number; name: string; description: string; createdAt: Date; updatedAt: Date; riskId: string; riskCategory: "operational" | "strategic" | "compliance" | "financial"; ... 4 more ...; libraryItemId: number | null; }>'.
shared/utils/calculationManager.ts(270,30): error TS2339: Property 'controlsRating' does not exist on type 'Partial<{ severity: "low" | "medium" | "high" | "critical"; id: number; name: string; description: string; createdAt: Date; updatedAt: Date; riskId: string; riskCategory: "operational" | "strategic" | "compliance" | "financial"; ... 4 more ...; libraryItemId: number | null; }>'.
shared/utils/calculationManager.ts(271,24): error TS2339: Property 'exposure' does not exist on type 'Partial<{ severity: "low" | "medium" | "high" | "critical"; id: number; name: string; description: string; createdAt: Date; updatedAt: Date; riskId: string; riskCategory: "operational" | "strategic" | "compliance" | "financial"; ... 4 more ...; libraryItemId: number | null; }>'.
shared/utils/calculationManager.ts(272,28): error TS2339: Property 'threatRating' does not exist on type 'Partial<{ severity: "low" | "medium" | "high" | "critical"; id: number; name: string; description: string; createdAt: Date; updatedAt: Date; riskId: string; riskCategory: "operational" | "strategic" | "compliance" | "financial"; ... 4 more ...; libraryItemId: number | null; }>'.
shared/utils/calculationManager.ts(273,35): error TS2339: Property 'vulnerabilityRating' does not exist on type 'Partial<{ severity: "low" | "medium" | "high" | "critical"; id: number; name: string; description: string; createdAt: Date; updatedAt: Date; riskId: string; riskCategory: "operational" | "strategic" | "compliance" | "financial"; ... 4 more ...; libraryItemId: number | null; }>'.
shared/utils/calculationManager.ts(274,22): error TS2339: Property 'impact' does not exist on type 'Partial<{ severity: "low" | "medium" | "high" | "critical"; id: number; name: string; description: string; createdAt: Date; updatedAt: Date; riskId: string; riskCategory: "operational" | "strategic" | "compliance" | "financial"; ... 4 more ...; libraryItemId: number | null; }>'.
shared/utils/calculationManager.ts(275,23): error TS2339: Property 'ranking' does not exist on type 'Partial<{ severity: "low" | "medium" | "high" | "critical"; id: number; name: string; description: string; createdAt: Date; updatedAt: Date; riskId: string; riskCategory: "operational" | "strategic" | "compliance" | "financial"; ... 4 more ...; libraryItemId: number | null; }>'.
shared/utils/calculationManager.ts(276,30): error TS2339: Property 'rankPercentile' does not exist on type 'Partial<{ severity: "low" | "medium" | "high" | "critical"; id: number; name: string; description: string; createdAt: Date; updatedAt: Date; riskId: string; riskCategory: "operational" | "strategic" | "compliance" | "financial"; ... 4 more ...; libraryItemId: number | null; }>'.
shared/utils/calculationManager.ts(277,35): error TS2339: Property 'recommendedControls' does not exist on type 'Partial<{ severity: "low" | "medium" | "high" | "critical"; id: number; name: string; description: string; createdAt: Date; updatedAt: Date; riskId: string; riskCategory: "operational" | "strategic" | "compliance" | "financial"; ... 4 more ...; libraryItemId: number | null; }>'.
shared/utils/enhancedRiskCalculations.ts(203,5): error TS2561: Object literal may only specify known properties, but 'contactFrequencyMin' does not exist in type 'RiskCalculationParams'. Did you mean to write 'contactFrequency'?
vite.config.ts(2,19): error TS2307: Cannot find module '@vitejs/plugin-react' or its corresponding type declarations.
  There are types at '/home/ovi/Risk-app/risk-hetzner/node_modules/@vitejs/plugin-react/dist/index.d.ts', but this result could not be resolved under your current 'moduleResolution' setting. Consider updating to 'node16', 'nodenext', or 'bundler'.
vite.config.ts(3,25): error TS2307: Cannot find module '@tailwindcss/vite' or its corresponding type declarations.
  There are types at '/home/ovi/Risk-app/risk-hetzner/node_modules/@tailwindcss/vite/dist/index.d.mts', but this result could not be resolved under your current 'moduleResolution' setting. Consider updating to 'node16', 'nodenext', or 'bundler'.
